Start time: Fri Mar 13 08:47:19 AM CET 2026
Host: albatros.polytechnique.fr
Fri Mar 13 08:47:19 2026       
+-----------------------------------------------------------------------------------------+
| NVIDIA-SMI 580.126.18             Driver Version: 580.126.18     CUDA Version: 13.0     |
+-----------------------------------------+------------------------+----------------------+
| GPU  Name                 Persistence-M | Bus-Id          Disp.A | Volatile Uncorr. ECC |
| Fan  Temp   Perf          Pwr:Usage/Cap |           Memory-Usage | GPU-Util  Compute M. |
|                                         |                        |               MIG M. |
|=========================================+========================+======================|
|   0  NVIDIA RTX A5000               Off |   00000000:01:00.0  On |                  Off |
| 35%   55C    P8             30W /  230W |     191MiB /  24564MiB |      3%      Default |
|                                         |                        |                  N/A |
+-----------------------------------------+------------------------+----------------------+

+-----------------------------------------------------------------------------------------+
| Processes:                                                                              |
|  GPU   GI   CI              PID   Type   Process name                        GPU Memory |
|        ID   ID                                                               Usage      |
|=========================================================================================|
|    0   N/A  N/A         1431776      G   /usr/libexec/Xorg                       114MiB |
|    0   N/A  N/A         1431963      G   /usr/bin/gnome-shell                     38MiB |
+-----------------------------------------------------------------------------------------+
cuda available: True
device count: 1
device name: NVIDIA RTX A5000
Alphas: [0.0001, 0.00017716005396691217, 0.000313856847215592, 0.0005560289599059919, 0.0009850612054411157, 0.0017451349631665944, 0.0030916820425413915, 0.005477225575051662, 0.00970345578465104, 0.017190647504743226, 0.030454960396664742, 0.05395402427433299, 0.09558497852172912, 0.16933839953335672, 0.3]
Seeds: [0, 1, 2]

================================================================================
Training alpha=0.00010000, seed=0
================================================================================
Using device: cuda
[Experiment] model_one_layer_FC_alpha_0p0001
[Alpha] 0.0001
[Run dir] outputs/compressibility_adv_robustness/model_one_layer_FC_alpha_0p0001_seed_0
[Target Frobenius norm] 11.500000
[Early stopping patience] 10
[Epoch 001] train_ce=0.1598 | train_nuc=197.2572 | train_total=0.1795 | train_acc=0.9389 | val_loss=0.0893 | val_acc=0.9700 | fro=11.5000 | nuc=181.8954
[Epoch 002] train_ce=0.0711 | train_nuc=170.6661 | train_total=0.0882 | train_acc=0.9758 | val_loss=0.0627 | val_acc=0.9783 | fro=11.5000 | nuc=160.1745
[Epoch 003] train_ce=0.0531 | train_nuc=151.0732 | train_total=0.0682 | train_acc=0.9816 | val_loss=0.0545 | val_acc=0.9810 | fro=11.5000 | nuc=142.7712
[Epoch 004] train_ce=0.0420 | train_nuc=135.1937 | train_total=0.0555 | train_acc=0.9857 | val_loss=0.0525 | val_acc=0.9813 | fro=11.5000 | nuc=127.9431
[Epoch 005] train_ce=0.0358 | train_nuc=121.8975 | train_total=0.0480 | train_acc=0.9879 | val_loss=0.0617 | val_acc=0.9753 | fro=11.5000 | nuc=116.2394
[Epoch 006] train_ce=0.0303 | train_nuc=111.9856 | train_total=0.0415 | train_acc=0.9899 | val_loss=0.0521 | val_acc=0.9810 | fro=11.5000 | nuc=108.1383
[Epoch 007] train_ce=0.0293 | train_nuc=105.2311 | train_total=0.0398 | train_acc=0.9902 | val_loss=0.0442 | val_acc=0.9833 | fro=11.5000 | nuc=103.0087
[Epoch 008] train_ce=0.0265 | train_nuc=101.0687 | train_total=0.0366 | train_acc=0.9911 | val_loss=0.0510 | val_acc=0.9823 | fro=11.5000 | nuc=99.3927
[Epoch 009] train_ce=0.0250 | train_nuc=98.0894 | train_total=0.0348 | train_acc=0.9915 | val_loss=0.0473 | val_acc=0.9830 | fro=11.5000 | nuc=97.4269
[Epoch 010] train_ce=0.0243 | train_nuc=96.6881 | train_total=0.0339 | train_acc=0.9919 | val_loss=0.0442 | val_acc=0.9837 | fro=11.5000 | nuc=96.3550
[Epoch 011] train_ce=0.0235 | train_nuc=95.7075 | train_total=0.0331 | train_acc=0.9923 | val_loss=0.0383 | val_acc=0.9860 | fro=11.5000 | nuc=96.0838
[Epoch 012] train_ce=0.0221 | train_nuc=95.7333 | train_total=0.0317 | train_acc=0.9925 | val_loss=0.0465 | val_acc=0.9850 | fro=11.5000 | nuc=95.7846
[Epoch 013] train_ce=0.0222 | train_nuc=95.6205 | train_total=0.0318 | train_acc=0.9921 | val_loss=0.0493 | val_acc=0.9833 | fro=11.5000 | nuc=95.9240
[Epoch 014] train_ce=0.0207 | train_nuc=95.3431 | train_total=0.0302 | train_acc=0.9930 | val_loss=0.0473 | val_acc=0.9837 | fro=11.5000 | nuc=95.9019
[Epoch 015] train_ce=0.0196 | train_nuc=95.6501 | train_total=0.0292 | train_acc=0.9933 | val_loss=0.0453 | val_acc=0.9833 | fro=11.5000 | nuc=95.4919
[Epoch 016] train_ce=0.0175 | train_nuc=95.2342 | train_total=0.0270 | train_acc=0.9941 | val_loss=0.0595 | val_acc=0.9800 | fro=11.5000 | nuc=95.5963
[Epoch 017] train_ce=0.0208 | train_nuc=95.6873 | train_total=0.0303 | train_acc=0.9927 | val_loss=0.0498 | val_acc=0.9830 | fro=11.5000 | nuc=96.6085
[Epoch 018] train_ce=0.0187 | train_nuc=95.9637 | train_total=0.0283 | train_acc=0.9933 | val_loss=0.0476 | val_acc=0.9843 | fro=11.5000 | nuc=96.1400
[Epoch 019] train_ce=0.0172 | train_nuc=95.5242 | train_total=0.0268 | train_acc=0.9941 | val_loss=0.0573 | val_acc=0.9797 | fro=11.5000 | nuc=95.7813
[Epoch 020] train_ce=0.0179 | train_nuc=95.9168 | train_total=0.0275 | train_acc=0.9937 | val_loss=0.0470 | val_acc=0.9827 | fro=11.5000 | nuc=95.9819
[Epoch 021] train_ce=0.0180 | train_nuc=95.9821 | train_total=0.0276 | train_acc=0.9937 | val_loss=0.0445 | val_acc=0.9860 | fro=11.5000 | nuc=96.1295
Early stopping triggered at epoch 21. Best val_loss=0.038344 at epoch 11.
Done. alpha=0.0001 | best_val_loss=0.038344 | best_epoch=11

================================================================================
Training alpha=0.00010000, seed=1
================================================================================
Using device: cuda
[Experiment] model_one_layer_FC_alpha_0p0001
[Alpha] 0.0001
[Run dir] outputs/compressibility_adv_robustness/model_one_layer_FC_alpha_0p0001_seed_1
[Target Frobenius norm] 11.500000
[Early stopping patience] 10
[Epoch 001] train_ce=0.1616 | train_nuc=197.6789 | train_total=0.1814 | train_acc=0.9390 | val_loss=0.0936 | val_acc=0.9677 | fro=11.5000 | nuc=183.0729
[Epoch 002] train_ce=0.0678 | train_nuc=171.8067 | train_total=0.0849 | train_acc=0.9773 | val_loss=0.0757 | val_acc=0.9743 | fro=11.5000 | nuc=161.0098
[Epoch 003] train_ce=0.0506 | train_nuc=151.4660 | train_total=0.0657 | train_acc=0.9831 | val_loss=0.0744 | val_acc=0.9733 | fro=11.5000 | nuc=141.9940
[Epoch 004] train_ce=0.0407 | train_nuc=134.2559 | train_total=0.0541 | train_acc=0.9858 | val_loss=0.0680 | val_acc=0.9770 | fro=11.5000 | nuc=127.1436
[Epoch 005] train_ce=0.0336 | train_nuc=121.1633 | train_total=0.0457 | train_acc=0.9887 | val_loss=0.0587 | val_acc=0.9800 | fro=11.5000 | nuc=115.9966
[Epoch 006] train_ce=0.0307 | train_nuc=111.5906 | train_total=0.0419 | train_acc=0.9893 | val_loss=0.0689 | val_acc=0.9747 | fro=11.5000 | nuc=107.7021
[Epoch 007] train_ce=0.0301 | train_nuc=104.6539 | train_total=0.0405 | train_acc=0.9897 | val_loss=0.0583 | val_acc=0.9800 | fro=11.5000 | nuc=102.0318
[Epoch 008] train_ce=0.0256 | train_nuc=100.0443 | train_total=0.0356 | train_acc=0.9915 | val_loss=0.0556 | val_acc=0.9807 | fro=11.5000 | nuc=98.6507
[Epoch 009] train_ce=0.0213 | train_nuc=97.3803 | train_total=0.0310 | train_acc=0.9925 | val_loss=0.0544 | val_acc=0.9810 | fro=11.5000 | nuc=96.2566
[Epoch 010] train_ce=0.0246 | train_nuc=95.9428 | train_total=0.0342 | train_acc=0.9916 | val_loss=0.0557 | val_acc=0.9827 | fro=11.5000 | nuc=95.9463
[Epoch 011] train_ce=0.0250 | train_nuc=95.7351 | train_total=0.0346 | train_acc=0.9916 | val_loss=0.0599 | val_acc=0.9800 | fro=11.5000 | nuc=95.8705
[Epoch 012] train_ce=0.0212 | train_nuc=95.1511 | train_total=0.0307 | train_acc=0.9927 | val_loss=0.0564 | val_acc=0.9807 | fro=11.5000 | nuc=95.3722
[Epoch 013] train_ce=0.0212 | train_nuc=94.8640 | train_total=0.0307 | train_acc=0.9929 | val_loss=0.0795 | val_acc=0.9740 | fro=11.5000 | nuc=95.1122
[Epoch 014] train_ce=0.0223 | train_nuc=94.9142 | train_total=0.0317 | train_acc=0.9921 | val_loss=0.0566 | val_acc=0.9830 | fro=11.5000 | nuc=94.9181
[Epoch 015] train_ce=0.0193 | train_nuc=95.1018 | train_total=0.0288 | train_acc=0.9935 | val_loss=0.0560 | val_acc=0.9833 | fro=11.5000 | nuc=95.2842
[Epoch 016] train_ce=0.0189 | train_nuc=94.8556 | train_total=0.0284 | train_acc=0.9936 | val_loss=0.0576 | val_acc=0.9810 | fro=11.5000 | nuc=95.2364
[Epoch 017] train_ce=0.0186 | train_nuc=95.4011 | train_total=0.0281 | train_acc=0.9935 | val_loss=0.0595 | val_acc=0.9807 | fro=11.5000 | nuc=95.9468
[Epoch 018] train_ce=0.0180 | train_nuc=95.4629 | train_total=0.0275 | train_acc=0.9939 | val_loss=0.0531 | val_acc=0.9823 | fro=11.5000 | nuc=95.3838
[Epoch 019] train_ce=0.0172 | train_nuc=95.2740 | train_total=0.0267 | train_acc=0.9940 | val_loss=0.0539 | val_acc=0.9820 | fro=11.5000 | nuc=95.6705
[Epoch 020] train_ce=0.0152 | train_nuc=95.3131 | train_total=0.0247 | train_acc=0.9950 | val_loss=0.0664 | val_acc=0.9770 | fro=11.5000 | nuc=95.6943
[Epoch 021] train_ce=0.0172 | train_nuc=95.6509 | train_total=0.0267 | train_acc=0.9938 | val_loss=0.0590 | val_acc=0.9803 | fro=11.5000 | nuc=95.8448
[Epoch 022] train_ce=0.0196 | train_nuc=95.5725 | train_total=0.0291 | train_acc=0.9933 | val_loss=0.0527 | val_acc=0.9817 | fro=11.5000 | nuc=96.0477
[Epoch 023] train_ce=0.0209 | train_nuc=96.1399 | train_total=0.0306 | train_acc=0.9928 | val_loss=0.0755 | val_acc=0.9757 | fro=11.5000 | nuc=96.8652
[Epoch 024] train_ce=0.0173 | train_nuc=96.2601 | train_total=0.0270 | train_acc=0.9940 | val_loss=0.0560 | val_acc=0.9787 | fro=11.5000 | nuc=96.0963
[Epoch 025] train_ce=0.0137 | train_nuc=95.2592 | train_total=0.0233 | train_acc=0.9955 | val_loss=0.0587 | val_acc=0.9803 | fro=11.5000 | nuc=95.1609
[Epoch 026] train_ce=0.0142 | train_nuc=94.8801 | train_total=0.0237 | train_acc=0.9952 | val_loss=0.0566 | val_acc=0.9803 | fro=11.5000 | nuc=95.0767
[Epoch 027] train_ce=0.0126 | train_nuc=94.7303 | train_total=0.0221 | train_acc=0.9959 | val_loss=0.0485 | val_acc=0.9850 | fro=11.5000 | nuc=94.5366
[Epoch 028] train_ce=0.0136 | train_nuc=94.3644 | train_total=0.0230 | train_acc=0.9956 | val_loss=0.0559 | val_acc=0.9840 | fro=11.5000 | nuc=94.4485
[Epoch 029] train_ce=0.0156 | train_nuc=94.9033 | train_total=0.0250 | train_acc=0.9942 | val_loss=0.0471 | val_acc=0.9840 | fro=11.5000 | nuc=95.4619
[Epoch 030] train_ce=0.0139 | train_nuc=95.3657 | train_total=0.0234 | train_acc=0.9951 | val_loss=0.0509 | val_acc=0.9837 | fro=11.5000 | nuc=95.4318
[Epoch 031] train_ce=0.0141 | train_nuc=95.5725 | train_total=0.0236 | train_acc=0.9952 | val_loss=0.0519 | val_acc=0.9837 | fro=11.5000 | nuc=95.6713
[Epoch 032] train_ce=0.0154 | train_nuc=95.5164 | train_total=0.0250 | train_acc=0.9946 | val_loss=0.0571 | val_acc=0.9817 | fro=11.5000 | nuc=95.3452
[Epoch 033] train_ce=0.0152 | train_nuc=95.6511 | train_total=0.0248 | train_acc=0.9943 | val_loss=0.0436 | val_acc=0.9857 | fro=11.5000 | nuc=95.9231
[Epoch 034] train_ce=0.0164 | train_nuc=95.7616 | train_total=0.0260 | train_acc=0.9940 | val_loss=0.0527 | val_acc=0.9837 | fro=11.5000 | nuc=95.6879
[Epoch 035] train_ce=0.0127 | train_nuc=95.1981 | train_total=0.0222 | train_acc=0.9959 | val_loss=0.0606 | val_acc=0.9800 | fro=11.5000 | nuc=95.2369
[Epoch 036] train_ce=0.0121 | train_nuc=95.0187 | train_total=0.0216 | train_acc=0.9957 | val_loss=0.0445 | val_acc=0.9837 | fro=11.5000 | nuc=95.4250
[Epoch 037] train_ce=0.0149 | train_nuc=95.2632 | train_total=0.0244 | train_acc=0.9945 | val_loss=0.0664 | val_acc=0.9813 | fro=11.5000 | nuc=95.5319
[Epoch 038] train_ce=0.0114 | train_nuc=94.9588 | train_total=0.0209 | train_acc=0.9961 | val_loss=0.0518 | val_acc=0.9817 | fro=11.5000 | nuc=95.0812
[Epoch 039] train_ce=0.0130 | train_nuc=94.5504 | train_total=0.0224 | train_acc=0.9953 | val_loss=0.0589 | val_acc=0.9813 | fro=11.5000 | nuc=94.7817
[Epoch 040] train_ce=0.0123 | train_nuc=94.6298 | train_total=0.0217 | train_acc=0.9957 | val_loss=0.0503 | val_acc=0.9847 | fro=11.5000 | nuc=94.4760
[Epoch 041] train_ce=0.0124 | train_nuc=94.2946 | train_total=0.0218 | train_acc=0.9959 | val_loss=0.0641 | val_acc=0.9803 | fro=11.5000 | nuc=94.5472
[Epoch 042] train_ce=0.0134 | train_nuc=94.5916 | train_total=0.0229 | train_acc=0.9952 | val_loss=0.0564 | val_acc=0.9817 | fro=11.5000 | nuc=95.0186
[Epoch 043] train_ce=0.0116 | train_nuc=94.9099 | train_total=0.0210 | train_acc=0.9960 | val_loss=0.0452 | val_acc=0.9863 | fro=11.5000 | nuc=94.7439
Early stopping triggered at epoch 43. Best val_loss=0.043630 at epoch 33.
Done. alpha=0.0001 | best_val_loss=0.043630 | best_epoch=33

================================================================================
Training alpha=0.00010000, seed=2
================================================================================
Using device: cuda
[Experiment] model_one_layer_FC_alpha_0p0001
[Alpha] 0.0001
[Run dir] outputs/compressibility_adv_robustness/model_one_layer_FC_alpha_0p0001_seed_2
[Target Frobenius norm] 11.500000
[Early stopping patience] 10
[Epoch 001] train_ce=0.1611 | train_nuc=198.5349 | train_total=0.1810 | train_acc=0.9381 | val_loss=0.0732 | val_acc=0.9743 | fro=11.5000 | nuc=184.8575
[Epoch 002] train_ce=0.0690 | train_nuc=173.5177 | train_total=0.0864 | train_acc=0.9766 | val_loss=0.0541 | val_acc=0.9807 | fro=11.5000 | nuc=162.9440
[Epoch 003] train_ce=0.0520 | train_nuc=153.1931 | train_total=0.0673 | train_acc=0.9825 | val_loss=0.0453 | val_acc=0.9833 | fro=11.5000 | nuc=144.0282
[Epoch 004] train_ce=0.0424 | train_nuc=136.4049 | train_total=0.0561 | train_acc=0.9855 | val_loss=0.0603 | val_acc=0.9810 | fro=11.5000 | nuc=128.7214
[Epoch 005] train_ce=0.0356 | train_nuc=122.4774 | train_total=0.0479 | train_acc=0.9877 | val_loss=0.0485 | val_acc=0.9820 | fro=11.5000 | nuc=116.9503
[Epoch 006] train_ce=0.0300 | train_nuc=112.4184 | train_total=0.0413 | train_acc=0.9900 | val_loss=0.0444 | val_acc=0.9850 | fro=11.5000 | nuc=108.5569
[Epoch 007] train_ce=0.0283 | train_nuc=105.3432 | train_total=0.0389 | train_acc=0.9902 | val_loss=0.0401 | val_acc=0.9813 | fro=11.5000 | nuc=103.0418
[Epoch 008] train_ce=0.0261 | train_nuc=100.8004 | train_total=0.0362 | train_acc=0.9912 | val_loss=0.0406 | val_acc=0.9823 | fro=11.5000 | nuc=99.5434
[Epoch 009] train_ce=0.0233 | train_nuc=98.2070 | train_total=0.0331 | train_acc=0.9920 | val_loss=0.0442 | val_acc=0.9827 | fro=11.5000 | nuc=97.5420
[Epoch 010] train_ce=0.0223 | train_nuc=96.6917 | train_total=0.0320 | train_acc=0.9925 | val_loss=0.0451 | val_acc=0.9823 | fro=11.5000 | nuc=96.5803
[Epoch 011] train_ce=0.0241 | train_nuc=96.4798 | train_total=0.0337 | train_acc=0.9915 | val_loss=0.0419 | val_acc=0.9840 | fro=11.5000 | nuc=96.7367
[Epoch 012] train_ce=0.0224 | train_nuc=96.0235 | train_total=0.0320 | train_acc=0.9926 | val_loss=0.0461 | val_acc=0.9827 | fro=11.5000 | nuc=96.5482
[Epoch 013] train_ce=0.0200 | train_nuc=95.7258 | train_total=0.0296 | train_acc=0.9933 | val_loss=0.0416 | val_acc=0.9853 | fro=11.5000 | nuc=95.8413
[Epoch 014] train_ce=0.0181 | train_nuc=95.4304 | train_total=0.0276 | train_acc=0.9942 | val_loss=0.0498 | val_acc=0.9837 | fro=11.5000 | nuc=95.5509
[Epoch 015] train_ce=0.0215 | train_nuc=95.6727 | train_total=0.0311 | train_acc=0.9929 | val_loss=0.0460 | val_acc=0.9833 | fro=11.5000 | nuc=95.5293
[Epoch 016] train_ce=0.0186 | train_nuc=95.2977 | train_total=0.0281 | train_acc=0.9936 | val_loss=0.0382 | val_acc=0.9857 | fro=11.5000 | nuc=95.7432
[Epoch 017] train_ce=0.0196 | train_nuc=95.6834 | train_total=0.0292 | train_acc=0.9930 | val_loss=0.0488 | val_acc=0.9817 | fro=11.5000 | nuc=95.9059
[Epoch 018] train_ce=0.0199 | train_nuc=95.8605 | train_total=0.0295 | train_acc=0.9932 | val_loss=0.0493 | val_acc=0.9810 | fro=11.5000 | nuc=95.9047
[Epoch 019] train_ce=0.0169 | train_nuc=95.5082 | train_total=0.0264 | train_acc=0.9942 | val_loss=0.0474 | val_acc=0.9860 | fro=11.5000 | nuc=95.3372
[Epoch 020] train_ce=0.0162 | train_nuc=95.2357 | train_total=0.0257 | train_acc=0.9945 | val_loss=0.0509 | val_acc=0.9827 | fro=11.5000 | nuc=95.5749
[Epoch 021] train_ce=0.0179 | train_nuc=95.3229 | train_total=0.0275 | train_acc=0.9939 | val_loss=0.0461 | val_acc=0.9840 | fro=11.5000 | nuc=95.8878
[Epoch 022] train_ce=0.0148 | train_nuc=95.6083 | train_total=0.0244 | train_acc=0.9947 | val_loss=0.0598 | val_acc=0.9833 | fro=11.5000 | nuc=95.5071
[Epoch 023] train_ce=0.0146 | train_nuc=95.1069 | train_total=0.0241 | train_acc=0.9949 | val_loss=0.0600 | val_acc=0.9810 | fro=11.5000 | nuc=95.2952
[Epoch 024] train_ce=0.0171 | train_nuc=95.4920 | train_total=0.0267 | train_acc=0.9939 | val_loss=0.0485 | val_acc=0.9837 | fro=11.5000 | nuc=95.7267
[Epoch 025] train_ce=0.0187 | train_nuc=95.8465 | train_total=0.0283 | train_acc=0.9936 | val_loss=0.0592 | val_acc=0.9810 | fro=11.5000 | nuc=96.1877
[Epoch 026] train_ce=0.0191 | train_nuc=96.0122 | train_total=0.0287 | train_acc=0.9931 | val_loss=0.0510 | val_acc=0.9830 | fro=11.5000 | nuc=96.4404
Early stopping triggered at epoch 26. Best val_loss=0.038168 at epoch 16.
Done. alpha=0.0001 | best_val_loss=0.038168 | best_epoch=16

================================================================================
Training alpha=0.00017716, seed=0
================================================================================
Using device: cuda
[Experiment] model_one_layer_FC_alpha_0p00017716005396691217
[Alpha] 0.00017716005396691217
[Run dir] outputs/compressibility_adv_robustness/model_one_layer_FC_alpha_0p00017716005396691217_seed_0
[Target Frobenius norm] 11.500000
[Early stopping patience] 10
[Epoch 001] train_ce=0.1594 | train_nuc=194.0636 | train_total=0.1938 | train_acc=0.9391 | val_loss=0.0908 | val_acc=0.9690 | fro=11.5000 | nuc=176.3640
[Epoch 002] train_ce=0.0704 | train_nuc=163.7810 | train_total=0.0994 | train_acc=0.9758 | val_loss=0.0624 | val_acc=0.9767 | fro=11.5000 | nuc=151.7404
[Epoch 003] train_ce=0.0515 | train_nuc=141.0315 | train_total=0.0765 | train_acc=0.9827 | val_loss=0.0548 | val_acc=0.9787 | fro=11.5000 | nuc=131.1841
[Epoch 004] train_ce=0.0417 | train_nuc=122.7373 | train_total=0.0634 | train_acc=0.9859 | val_loss=0.0521 | val_acc=0.9833 | fro=11.5000 | nuc=115.1836
[Epoch 005] train_ce=0.0357 | train_nuc=108.9852 | train_total=0.0550 | train_acc=0.9874 | val_loss=0.0663 | val_acc=0.9737 | fro=11.5000 | nuc=103.5796
[Epoch 006] train_ce=0.0300 | train_nuc=99.4935 | train_total=0.0476 | train_acc=0.9898 | val_loss=0.0529 | val_acc=0.9797 | fro=11.5000 | nuc=96.1832
[Epoch 007] train_ce=0.0288 | train_nuc=93.6860 | train_total=0.0454 | train_acc=0.9902 | val_loss=0.0452 | val_acc=0.9833 | fro=11.5000 | nuc=91.7965
[Epoch 008] train_ce=0.0258 | train_nuc=90.0366 | train_total=0.0417 | train_acc=0.9911 | val_loss=0.0489 | val_acc=0.9810 | fro=11.5000 | nuc=88.9305
[Epoch 009] train_ce=0.0249 | train_nuc=87.7985 | train_total=0.0405 | train_acc=0.9919 | val_loss=0.0469 | val_acc=0.9823 | fro=11.5000 | nuc=87.6808
[Epoch 010] train_ce=0.0246 | train_nuc=86.8169 | train_total=0.0400 | train_acc=0.9918 | val_loss=0.0495 | val_acc=0.9803 | fro=11.5000 | nuc=87.0336
[Epoch 011] train_ce=0.0214 | train_nuc=86.0684 | train_total=0.0366 | train_acc=0.9926 | val_loss=0.0398 | val_acc=0.9860 | fro=11.5000 | nuc=86.2762
[Epoch 012] train_ce=0.0219 | train_nuc=86.2339 | train_total=0.0372 | train_acc=0.9925 | val_loss=0.0501 | val_acc=0.9827 | fro=11.5000 | nuc=86.7448
[Epoch 013] train_ce=0.0221 | train_nuc=86.4522 | train_total=0.0375 | train_acc=0.9921 | val_loss=0.0431 | val_acc=0.9840 | fro=11.5000 | nuc=86.2567
[Epoch 014] train_ce=0.0197 | train_nuc=85.6018 | train_total=0.0349 | train_acc=0.9932 | val_loss=0.0478 | val_acc=0.9820 | fro=11.5000 | nuc=86.2360
[Epoch 015] train_ce=0.0202 | train_nuc=85.9431 | train_total=0.0355 | train_acc=0.9931 | val_loss=0.0424 | val_acc=0.9840 | fro=11.5000 | nuc=85.6920
[Epoch 016] train_ce=0.0169 | train_nuc=85.2185 | train_total=0.0319 | train_acc=0.9942 | val_loss=0.0492 | val_acc=0.9813 | fro=11.5000 | nuc=85.7511
[Epoch 017] train_ce=0.0173 | train_nuc=85.1362 | train_total=0.0324 | train_acc=0.9942 | val_loss=0.0423 | val_acc=0.9853 | fro=11.5000 | nuc=85.6571
[Epoch 018] train_ce=0.0172 | train_nuc=85.3666 | train_total=0.0323 | train_acc=0.9938 | val_loss=0.0427 | val_acc=0.9827 | fro=11.5000 | nuc=85.9803
[Epoch 019] train_ce=0.0165 | train_nuc=85.3866 | train_total=0.0317 | train_acc=0.9943 | val_loss=0.0513 | val_acc=0.9843 | fro=11.5000 | nuc=86.3569
[Epoch 020] train_ce=0.0167 | train_nuc=86.1764 | train_total=0.0319 | train_acc=0.9942 | val_loss=0.0578 | val_acc=0.9773 | fro=11.5000 | nuc=86.3434
[Epoch 021] train_ce=0.0157 | train_nuc=85.9436 | train_total=0.0309 | train_acc=0.9946 | val_loss=0.0550 | val_acc=0.9820 | fro=11.5000 | nuc=85.5288
Early stopping triggered at epoch 21. Best val_loss=0.039804 at epoch 11.
Done. alpha=0.00017716005396691217 | best_val_loss=0.039804 | best_epoch=11

================================================================================
Training alpha=0.00017716, seed=1
================================================================================
Using device: cuda
[Experiment] model_one_layer_FC_alpha_0p00017716005396691217
[Alpha] 0.00017716005396691217
[Run dir] outputs/compressibility_adv_robustness/model_one_layer_FC_alpha_0p00017716005396691217_seed_1
[Target Frobenius norm] 11.500000
[Early stopping patience] 10
[Epoch 001] train_ce=0.1615 | train_nuc=194.7267 | train_total=0.1960 | train_acc=0.9391 | val_loss=0.0947 | val_acc=0.9687 | fro=11.5000 | nuc=177.7117
[Epoch 002] train_ce=0.0673 | train_nuc=164.3602 | train_total=0.0964 | train_acc=0.9773 | val_loss=0.0758 | val_acc=0.9730 | fro=11.5000 | nuc=151.8234
[Epoch 003] train_ce=0.0508 | train_nuc=140.6853 | train_total=0.0757 | train_acc=0.9825 | val_loss=0.0721 | val_acc=0.9750 | fro=11.5000 | nuc=129.9901
[Epoch 004] train_ce=0.0407 | train_nuc=121.3638 | train_total=0.0622 | train_acc=0.9861 | val_loss=0.0665 | val_acc=0.9793 | fro=11.5000 | nuc=113.7866
[Epoch 005] train_ce=0.0340 | train_nuc=107.7208 | train_total=0.0531 | train_acc=0.9884 | val_loss=0.0562 | val_acc=0.9813 | fro=11.5000 | nuc=102.7313
[Epoch 006] train_ce=0.0308 | train_nuc=98.7431 | train_total=0.0483 | train_acc=0.9899 | val_loss=0.0655 | val_acc=0.9777 | fro=11.5000 | nuc=95.4242
[Epoch 007] train_ce=0.0289 | train_nuc=92.7680 | train_total=0.0454 | train_acc=0.9901 | val_loss=0.0576 | val_acc=0.9813 | fro=11.5000 | nuc=90.7069
[Epoch 008] train_ce=0.0258 | train_nuc=89.0717 | train_total=0.0416 | train_acc=0.9914 | val_loss=0.0580 | val_acc=0.9820 | fro=11.5000 | nuc=87.9864
[Epoch 009] train_ce=0.0232 | train_nuc=87.1045 | train_total=0.0386 | train_acc=0.9920 | val_loss=0.0508 | val_acc=0.9830 | fro=11.5000 | nuc=86.1972
[Epoch 010] train_ce=0.0232 | train_nuc=85.9859 | train_total=0.0384 | train_acc=0.9923 | val_loss=0.0526 | val_acc=0.9813 | fro=11.5000 | nuc=86.4445
[Epoch 011] train_ce=0.0244 | train_nuc=86.4019 | train_total=0.0397 | train_acc=0.9914 | val_loss=0.0630 | val_acc=0.9807 | fro=11.5000 | nuc=86.8075
[Epoch 012] train_ce=0.0232 | train_nuc=86.2300 | train_total=0.0385 | train_acc=0.9917 | val_loss=0.0571 | val_acc=0.9807 | fro=11.5000 | nuc=86.8240
[Epoch 013] train_ce=0.0205 | train_nuc=85.6903 | train_total=0.0357 | train_acc=0.9930 | val_loss=0.0716 | val_acc=0.9757 | fro=11.5000 | nuc=85.8021
[Epoch 014] train_ce=0.0203 | train_nuc=85.4768 | train_total=0.0355 | train_acc=0.9930 | val_loss=0.0559 | val_acc=0.9817 | fro=11.5000 | nuc=85.7215
[Epoch 015] train_ce=0.0182 | train_nuc=85.4931 | train_total=0.0333 | train_acc=0.9934 | val_loss=0.0600 | val_acc=0.9803 | fro=11.5000 | nuc=86.0909
[Epoch 016] train_ce=0.0193 | train_nuc=85.6403 | train_total=0.0345 | train_acc=0.9936 | val_loss=0.0641 | val_acc=0.9793 | fro=11.5000 | nuc=86.3343
[Epoch 017] train_ce=0.0171 | train_nuc=85.7966 | train_total=0.0323 | train_acc=0.9941 | val_loss=0.0574 | val_acc=0.9807 | fro=11.5000 | nuc=85.9534
[Epoch 018] train_ce=0.0193 | train_nuc=86.0474 | train_total=0.0345 | train_acc=0.9932 | val_loss=0.0629 | val_acc=0.9800 | fro=11.5000 | nuc=86.4908
[Epoch 019] train_ce=0.0193 | train_nuc=86.3414 | train_total=0.0346 | train_acc=0.9930 | val_loss=0.0501 | val_acc=0.9830 | fro=11.5000 | nuc=86.5163
[Epoch 020] train_ce=0.0167 | train_nuc=86.0573 | train_total=0.0320 | train_acc=0.9940 | val_loss=0.0558 | val_acc=0.9817 | fro=11.5000 | nuc=86.0618
[Epoch 021] train_ce=0.0144 | train_nuc=85.5257 | train_total=0.0296 | train_acc=0.9951 | val_loss=0.0877 | val_acc=0.9720 | fro=11.5000 | nuc=85.5981
[Epoch 022] train_ce=0.0181 | train_nuc=85.3895 | train_total=0.0333 | train_acc=0.9938 | val_loss=0.0583 | val_acc=0.9840 | fro=11.5000 | nuc=86.1811
[Epoch 023] train_ce=0.0169 | train_nuc=85.8385 | train_total=0.0321 | train_acc=0.9943 | val_loss=0.0585 | val_acc=0.9773 | fro=11.5000 | nuc=86.3670
[Epoch 024] train_ce=0.0168 | train_nuc=86.1025 | train_total=0.0321 | train_acc=0.9940 | val_loss=0.0593 | val_acc=0.9810 | fro=11.5000 | nuc=86.6341
[Epoch 025] train_ce=0.0146 | train_nuc=85.7797 | train_total=0.0298 | train_acc=0.9949 | val_loss=0.0518 | val_acc=0.9833 | fro=11.5000 | nuc=85.5115
[Epoch 026] train_ce=0.0129 | train_nuc=85.1962 | train_total=0.0280 | train_acc=0.9956 | val_loss=0.0514 | val_acc=0.9813 | fro=11.5000 | nuc=85.2820
[Epoch 027] train_ce=0.0112 | train_nuc=84.6639 | train_total=0.0262 | train_acc=0.9965 | val_loss=0.0477 | val_acc=0.9820 | fro=11.5000 | nuc=85.3720
[Epoch 028] train_ce=0.0185 | train_nuc=85.9579 | train_total=0.0337 | train_acc=0.9932 | val_loss=0.0519 | val_acc=0.9820 | fro=11.5000 | nuc=86.9740
[Epoch 029] train_ce=0.0146 | train_nuc=86.4307 | train_total=0.0299 | train_acc=0.9947 | val_loss=0.0564 | val_acc=0.9813 | fro=11.5000 | nuc=86.4260
[Epoch 030] train_ce=0.0123 | train_nuc=85.7527 | train_total=0.0275 | train_acc=0.9959 | val_loss=0.0647 | val_acc=0.9817 | fro=11.5000 | nuc=85.4189
[Epoch 031] train_ce=0.0131 | train_nuc=85.1485 | train_total=0.0282 | train_acc=0.9955 | val_loss=0.0607 | val_acc=0.9820 | fro=11.5000 | nuc=85.9800
[Epoch 032] train_ce=0.0138 | train_nuc=85.1734 | train_total=0.0289 | train_acc=0.9954 | val_loss=0.0622 | val_acc=0.9797 | fro=11.5000 | nuc=85.3467
[Epoch 033] train_ce=0.0135 | train_nuc=85.4722 | train_total=0.0286 | train_acc=0.9951 | val_loss=0.0480 | val_acc=0.9837 | fro=11.5000 | nuc=85.0533
[Epoch 034] train_ce=0.0127 | train_nuc=84.8822 | train_total=0.0277 | train_acc=0.9960 | val_loss=0.0587 | val_acc=0.9820 | fro=11.5000 | nuc=85.3420
[Epoch 035] train_ce=0.0105 | train_nuc=84.6383 | train_total=0.0255 | train_acc=0.9968 | val_loss=0.0535 | val_acc=0.9813 | fro=11.5000 | nuc=84.5814
[Epoch 036] train_ce=0.0104 | train_nuc=84.2676 | train_total=0.0253 | train_acc=0.9965 | val_loss=0.0577 | val_acc=0.9830 | fro=11.5000 | nuc=85.0508
[Epoch 037] train_ce=0.0124 | train_nuc=84.9870 | train_total=0.0275 | train_acc=0.9957 | val_loss=0.0702 | val_acc=0.9810 | fro=11.5000 | nuc=85.0589
Early stopping triggered at epoch 37. Best val_loss=0.047657 at epoch 27.
Done. alpha=0.00017716005396691217 | best_val_loss=0.047657 | best_epoch=27

================================================================================
Training alpha=0.00017716, seed=2
================================================================================
Using device: cuda
[Experiment] model_one_layer_FC_alpha_0p00017716005396691217
[Alpha] 0.00017716005396691217
[Run dir] outputs/compressibility_adv_robustness/model_one_layer_FC_alpha_0p00017716005396691217_seed_2
[Target Frobenius norm] 11.500000
[Early stopping patience] 10
[Epoch 001] train_ce=0.1605 | train_nuc=195.8727 | train_total=0.1952 | train_acc=0.9382 | val_loss=0.0737 | val_acc=0.9757 | fro=11.5000 | nuc=179.6979
[Epoch 002] train_ce=0.0690 | train_nuc=166.5736 | train_total=0.0986 | train_acc=0.9767 | val_loss=0.0547 | val_acc=0.9793 | fro=11.5000 | nuc=154.2417
[Epoch 003] train_ce=0.0521 | train_nuc=142.9743 | train_total=0.0774 | train_acc=0.9823 | val_loss=0.0476 | val_acc=0.9817 | fro=11.5000 | nuc=132.4827
[Epoch 004] train_ce=0.0423 | train_nuc=123.9526 | train_total=0.0642 | train_acc=0.9861 | val_loss=0.0573 | val_acc=0.9800 | fro=11.5000 | nuc=115.8435
[Epoch 005] train_ce=0.0356 | train_nuc=109.3099 | train_total=0.0549 | train_acc=0.9878 | val_loss=0.0476 | val_acc=0.9827 | fro=11.5000 | nuc=104.2009
[Epoch 006] train_ce=0.0301 | train_nuc=99.8147 | train_total=0.0478 | train_acc=0.9899 | val_loss=0.0427 | val_acc=0.9843 | fro=11.5000 | nuc=96.4435
[Epoch 007] train_ce=0.0277 | train_nuc=93.4777 | train_total=0.0443 | train_acc=0.9908 | val_loss=0.0416 | val_acc=0.9827 | fro=11.5000 | nuc=91.6929
[Epoch 008] train_ce=0.0265 | train_nuc=89.9170 | train_total=0.0425 | train_acc=0.9910 | val_loss=0.0382 | val_acc=0.9847 | fro=11.5000 | nuc=89.1720
[Epoch 009] train_ce=0.0236 | train_nuc=87.9360 | train_total=0.0392 | train_acc=0.9920 | val_loss=0.0406 | val_acc=0.9827 | fro=11.5000 | nuc=87.6560
[Epoch 010] train_ce=0.0229 | train_nuc=86.9708 | train_total=0.0383 | train_acc=0.9923 | val_loss=0.0366 | val_acc=0.9863 | fro=11.5000 | nuc=87.1848
[Epoch 011] train_ce=0.0223 | train_nuc=86.8083 | train_total=0.0377 | train_acc=0.9926 | val_loss=0.0421 | val_acc=0.9847 | fro=11.5000 | nuc=87.3898
[Epoch 012] train_ce=0.0222 | train_nuc=86.7278 | train_total=0.0375 | train_acc=0.9921 | val_loss=0.0344 | val_acc=0.9873 | fro=11.5000 | nuc=86.5982
[Epoch 013] train_ce=0.0194 | train_nuc=85.8970 | train_total=0.0346 | train_acc=0.9934 | val_loss=0.0417 | val_acc=0.9857 | fro=11.5000 | nuc=86.3410
[Epoch 014] train_ce=0.0195 | train_nuc=86.0883 | train_total=0.0348 | train_acc=0.9938 | val_loss=0.0450 | val_acc=0.9860 | fro=11.5000 | nuc=86.4032
[Epoch 015] train_ce=0.0217 | train_nuc=86.5457 | train_total=0.0371 | train_acc=0.9923 | val_loss=0.0417 | val_acc=0.9853 | fro=11.5000 | nuc=87.1654
[Epoch 016] train_ce=0.0201 | train_nuc=86.7308 | train_total=0.0354 | train_acc=0.9932 | val_loss=0.0327 | val_acc=0.9897 | fro=11.5000 | nuc=87.5311
[Epoch 017] train_ce=0.0196 | train_nuc=86.8035 | train_total=0.0350 | train_acc=0.9929 | val_loss=0.0436 | val_acc=0.9827 | fro=11.5000 | nuc=86.9556
[Epoch 018] train_ce=0.0153 | train_nuc=86.0861 | train_total=0.0305 | train_acc=0.9951 | val_loss=0.0383 | val_acc=0.9847 | fro=11.5000 | nuc=85.8868
[Epoch 019] train_ce=0.0137 | train_nuc=85.3539 | train_total=0.0288 | train_acc=0.9954 | val_loss=0.0401 | val_acc=0.9867 | fro=11.5000 | nuc=85.2743
[Epoch 020] train_ce=0.0161 | train_nuc=85.3318 | train_total=0.0312 | train_acc=0.9945 | val_loss=0.0395 | val_acc=0.9860 | fro=11.5000 | nuc=86.2357
[Epoch 021] train_ce=0.0155 | train_nuc=85.9550 | train_total=0.0307 | train_acc=0.9948 | val_loss=0.0425 | val_acc=0.9847 | fro=11.5000 | nuc=86.5768
[Epoch 022] train_ce=0.0141 | train_nuc=85.7216 | train_total=0.0293 | train_acc=0.9954 | val_loss=0.0366 | val_acc=0.9873 | fro=11.5000 | nuc=86.5444
[Epoch 023] train_ce=0.0163 | train_nuc=86.1544 | train_total=0.0315 | train_acc=0.9942 | val_loss=0.0548 | val_acc=0.9793 | fro=11.5000 | nuc=86.5245
[Epoch 024] train_ce=0.0156 | train_nuc=86.2551 | train_total=0.0308 | train_acc=0.9950 | val_loss=0.0408 | val_acc=0.9853 | fro=11.5000 | nuc=86.0976
[Epoch 025] train_ce=0.0170 | train_nuc=86.5667 | train_total=0.0323 | train_acc=0.9940 | val_loss=0.0439 | val_acc=0.9860 | fro=11.5000 | nuc=87.2383
[Epoch 026] train_ce=0.0181 | train_nuc=86.5844 | train_total=0.0334 | train_acc=0.9935 | val_loss=0.0460 | val_acc=0.9837 | fro=11.5000 | nuc=86.8415
Early stopping triggered at epoch 26. Best val_loss=0.032651 at epoch 16.
Done. alpha=0.00017716005396691217 | best_val_loss=0.032651 | best_epoch=16

================================================================================
Training alpha=0.00031386, seed=0
================================================================================
Using device: cuda
[Experiment] model_one_layer_FC_alpha_0p000313856847215592
[Alpha] 0.000313856847215592
[Run dir] outputs/compressibility_adv_robustness/model_one_layer_FC_alpha_0p000313856847215592_seed_0
[Target Frobenius norm] 11.500000
[Early stopping patience] 10
[Epoch 001] train_ce=0.1591 | train_nuc=189.4116 | train_total=0.2186 | train_acc=0.9391 | val_loss=0.0887 | val_acc=0.9690 | fro=11.5000 | nuc=168.5743
[Epoch 002] train_ce=0.0699 | train_nuc=153.4832 | train_total=0.1181 | train_acc=0.9760 | val_loss=0.0616 | val_acc=0.9767 | fro=11.5000 | nuc=139.0253
[Epoch 003] train_ce=0.0515 | train_nuc=126.8737 | train_total=0.0913 | train_acc=0.9823 | val_loss=0.0540 | val_acc=0.9800 | fro=11.5000 | nuc=116.1562
[Epoch 004] train_ce=0.0417 | train_nuc=107.7760 | train_total=0.0755 | train_acc=0.9857 | val_loss=0.0544 | val_acc=0.9820 | fro=11.5000 | nuc=100.5589
[Epoch 005] train_ce=0.0364 | train_nuc=94.6680 | train_total=0.0661 | train_acc=0.9875 | val_loss=0.0635 | val_acc=0.9763 | fro=11.5000 | nuc=89.8719
[Epoch 006] train_ce=0.0318 | train_nuc=86.2199 | train_total=0.0589 | train_acc=0.9890 | val_loss=0.0497 | val_acc=0.9807 | fro=11.5000 | nuc=83.4527
[Epoch 007] train_ce=0.0303 | train_nuc=81.4413 | train_total=0.0559 | train_acc=0.9894 | val_loss=0.0438 | val_acc=0.9817 | fro=11.5000 | nuc=79.8450
[Epoch 008] train_ce=0.0264 | train_nuc=78.3727 | train_total=0.0510 | train_acc=0.9912 | val_loss=0.0484 | val_acc=0.9823 | fro=11.5000 | nuc=77.5516
[Epoch 009] train_ce=0.0251 | train_nuc=76.5238 | train_total=0.0491 | train_acc=0.9915 | val_loss=0.0466 | val_acc=0.9837 | fro=11.5000 | nuc=76.8435
[Epoch 010] train_ce=0.0262 | train_nuc=76.1269 | train_total=0.0501 | train_acc=0.9911 | val_loss=0.0496 | val_acc=0.9807 | fro=11.5000 | nuc=76.7113
[Epoch 011] train_ce=0.0240 | train_nuc=75.8597 | train_total=0.0478 | train_acc=0.9918 | val_loss=0.0410 | val_acc=0.9867 | fro=11.5000 | nuc=76.2617
[Epoch 012] train_ce=0.0219 | train_nuc=75.9718 | train_total=0.0458 | train_acc=0.9926 | val_loss=0.0550 | val_acc=0.9830 | fro=11.5000 | nuc=76.1366
[Epoch 013] train_ce=0.0229 | train_nuc=75.8482 | train_total=0.0467 | train_acc=0.9918 | val_loss=0.0454 | val_acc=0.9817 | fro=11.5000 | nuc=75.9141
[Epoch 014] train_ce=0.0208 | train_nuc=75.4478 | train_total=0.0445 | train_acc=0.9932 | val_loss=0.0464 | val_acc=0.9827 | fro=11.5000 | nuc=76.2332
[Epoch 015] train_ce=0.0205 | train_nuc=75.8092 | train_total=0.0443 | train_acc=0.9929 | val_loss=0.0533 | val_acc=0.9780 | fro=11.5000 | nuc=75.6885
[Epoch 016] train_ce=0.0187 | train_nuc=75.5190 | train_total=0.0424 | train_acc=0.9935 | val_loss=0.0512 | val_acc=0.9813 | fro=11.5000 | nuc=76.1656
[Epoch 017] train_ce=0.0182 | train_nuc=75.3594 | train_total=0.0419 | train_acc=0.9936 | val_loss=0.0425 | val_acc=0.9863 | fro=11.5000 | nuc=75.7906
[Epoch 018] train_ce=0.0164 | train_nuc=75.3070 | train_total=0.0400 | train_acc=0.9941 | val_loss=0.0415 | val_acc=0.9850 | fro=11.5000 | nuc=75.8408
[Epoch 019] train_ce=0.0152 | train_nuc=75.2299 | train_total=0.0388 | train_acc=0.9951 | val_loss=0.0447 | val_acc=0.9830 | fro=11.5000 | nuc=75.3814
[Epoch 020] train_ce=0.0153 | train_nuc=74.9410 | train_total=0.0388 | train_acc=0.9948 | val_loss=0.0553 | val_acc=0.9803 | fro=11.5000 | nuc=75.2000
[Epoch 021] train_ce=0.0170 | train_nuc=75.3783 | train_total=0.0407 | train_acc=0.9938 | val_loss=0.0420 | val_acc=0.9853 | fro=11.5000 | nuc=76.1130
Early stopping triggered at epoch 21. Best val_loss=0.040969 at epoch 11.
Done. alpha=0.000313856847215592 | best_val_loss=0.040969 | best_epoch=11

================================================================================
Training alpha=0.00031386, seed=1
================================================================================
Using device: cuda
[Experiment] model_one_layer_FC_alpha_0p000313856847215592
[Alpha] 0.000313856847215592
[Run dir] outputs/compressibility_adv_robustness/model_one_layer_FC_alpha_0p000313856847215592_seed_1
[Target Frobenius norm] 11.500000
[Early stopping patience] 10
[Epoch 001] train_ce=0.1607 | train_nuc=190.2354 | train_total=0.2204 | train_acc=0.9392 | val_loss=0.0940 | val_acc=0.9690 | fro=11.5000 | nuc=169.6398
[Epoch 002] train_ce=0.0670 | train_nuc=153.6643 | train_total=0.1152 | train_acc=0.9776 | val_loss=0.0745 | val_acc=0.9753 | fro=11.5000 | nuc=138.6987
[Epoch 003] train_ce=0.0502 | train_nuc=126.2698 | train_total=0.0898 | train_acc=0.9827 | val_loss=0.0732 | val_acc=0.9730 | fro=11.5000 | nuc=115.0104
[Epoch 004] train_ce=0.0410 | train_nuc=106.2591 | train_total=0.0743 | train_acc=0.9857 | val_loss=0.0688 | val_acc=0.9780 | fro=11.5000 | nuc=98.8960
[Epoch 005] train_ce=0.0344 | train_nuc=93.3020 | train_total=0.0637 | train_acc=0.9884 | val_loss=0.0617 | val_acc=0.9810 | fro=11.5000 | nuc=88.9192
[Epoch 006] train_ce=0.0322 | train_nuc=85.6320 | train_total=0.0590 | train_acc=0.9894 | val_loss=0.0659 | val_acc=0.9753 | fro=11.5000 | nuc=83.0260
[Epoch 007] train_ce=0.0300 | train_nuc=80.6026 | train_total=0.0553 | train_acc=0.9896 | val_loss=0.0629 | val_acc=0.9780 | fro=11.5000 | nuc=79.1929
[Epoch 008] train_ce=0.0265 | train_nuc=77.8125 | train_total=0.0509 | train_acc=0.9908 | val_loss=0.0579 | val_acc=0.9817 | fro=11.5000 | nuc=77.0247
[Epoch 009] train_ce=0.0242 | train_nuc=76.5211 | train_total=0.0482 | train_acc=0.9914 | val_loss=0.0525 | val_acc=0.9800 | fro=11.5000 | nuc=76.0349
[Epoch 010] train_ce=0.0266 | train_nuc=76.2674 | train_total=0.0506 | train_acc=0.9910 | val_loss=0.0546 | val_acc=0.9813 | fro=11.5000 | nuc=76.7007
[Epoch 011] train_ce=0.0247 | train_nuc=76.3243 | train_total=0.0487 | train_acc=0.9916 | val_loss=0.0540 | val_acc=0.9833 | fro=11.5000 | nuc=76.4156
[Epoch 012] train_ce=0.0212 | train_nuc=75.3072 | train_total=0.0448 | train_acc=0.9929 | val_loss=0.0550 | val_acc=0.9823 | fro=11.5000 | nuc=75.9822
[Epoch 013] train_ce=0.0220 | train_nuc=75.4532 | train_total=0.0457 | train_acc=0.9924 | val_loss=0.0607 | val_acc=0.9830 | fro=11.5000 | nuc=76.2616
[Epoch 014] train_ce=0.0199 | train_nuc=75.6866 | train_total=0.0437 | train_acc=0.9932 | val_loss=0.0530 | val_acc=0.9840 | fro=11.5000 | nuc=75.7945
[Epoch 015] train_ce=0.0186 | train_nuc=75.4673 | train_total=0.0423 | train_acc=0.9935 | val_loss=0.0519 | val_acc=0.9810 | fro=11.5000 | nuc=75.8326
[Epoch 016] train_ce=0.0196 | train_nuc=75.5597 | train_total=0.0433 | train_acc=0.9930 | val_loss=0.0545 | val_acc=0.9797 | fro=11.5000 | nuc=76.1071
[Epoch 017] train_ce=0.0170 | train_nuc=75.3277 | train_total=0.0406 | train_acc=0.9946 | val_loss=0.0605 | val_acc=0.9813 | fro=11.5000 | nuc=75.7578
[Epoch 018] train_ce=0.0178 | train_nuc=75.5130 | train_total=0.0415 | train_acc=0.9935 | val_loss=0.0530 | val_acc=0.9820 | fro=11.5000 | nuc=75.8390
[Epoch 019] train_ce=0.0183 | train_nuc=75.6846 | train_total=0.0421 | train_acc=0.9936 | val_loss=0.0551 | val_acc=0.9830 | fro=11.5000 | nuc=76.4266
[Epoch 020] train_ce=0.0161 | train_nuc=75.6213 | train_total=0.0398 | train_acc=0.9945 | val_loss=0.0507 | val_acc=0.9827 | fro=11.5000 | nuc=75.4982
[Epoch 021] train_ce=0.0146 | train_nuc=74.8894 | train_total=0.0381 | train_acc=0.9949 | val_loss=0.0702 | val_acc=0.9793 | fro=11.5000 | nuc=74.8701
[Epoch 022] train_ce=0.0161 | train_nuc=74.9145 | train_total=0.0396 | train_acc=0.9946 | val_loss=0.0545 | val_acc=0.9823 | fro=11.5000 | nuc=75.5609
[Epoch 023] train_ce=0.0178 | train_nuc=75.8259 | train_total=0.0416 | train_acc=0.9937 | val_loss=0.0584 | val_acc=0.9800 | fro=11.5000 | nuc=76.2908
[Epoch 024] train_ce=0.0140 | train_nuc=75.3033 | train_total=0.0377 | train_acc=0.9952 | val_loss=0.0650 | val_acc=0.9787 | fro=11.5000 | nuc=75.3056
[Epoch 025] train_ce=0.0172 | train_nuc=75.6396 | train_total=0.0409 | train_acc=0.9939 | val_loss=0.0688 | val_acc=0.9817 | fro=11.5000 | nuc=76.0425
[Epoch 026] train_ce=0.0123 | train_nuc=74.8791 | train_total=0.0358 | train_acc=0.9959 | val_loss=0.0643 | val_acc=0.9817 | fro=11.5000 | nuc=74.8073
[Epoch 027] train_ce=0.0133 | train_nuc=74.6381 | train_total=0.0367 | train_acc=0.9954 | val_loss=0.0584 | val_acc=0.9820 | fro=11.5000 | nuc=74.9610
[Epoch 028] train_ce=0.0123 | train_nuc=74.3374 | train_total=0.0356 | train_acc=0.9958 | val_loss=0.0581 | val_acc=0.9837 | fro=11.5000 | nuc=74.3020
[Epoch 029] train_ce=0.0118 | train_nuc=73.9343 | train_total=0.0350 | train_acc=0.9959 | val_loss=0.0514 | val_acc=0.9837 | fro=11.5000 | nuc=74.9121
[Epoch 030] train_ce=0.0120 | train_nuc=74.3838 | train_total=0.0354 | train_acc=0.9960 | val_loss=0.0508 | val_acc=0.9833 | fro=11.5000 | nuc=74.8348
Early stopping triggered at epoch 30. Best val_loss=0.050747 at epoch 20.
Done. alpha=0.000313856847215592 | best_val_loss=0.050747 | best_epoch=20

================================================================================
Training alpha=0.00031386, seed=2
================================================================================
Using device: cuda
[Experiment] model_one_layer_FC_alpha_0p000313856847215592
[Alpha] 0.000313856847215592
[Run dir] outputs/compressibility_adv_robustness/model_one_layer_FC_alpha_0p000313856847215592_seed_2
[Target Frobenius norm] 11.500000
[Early stopping patience] 10
[Epoch 001] train_ce=0.1607 | train_nuc=191.6249 | train_total=0.2209 | train_acc=0.9378 | val_loss=0.0733 | val_acc=0.9750 | fro=11.5000 | nuc=172.0551
[Epoch 002] train_ce=0.0693 | train_nuc=156.4596 | train_total=0.1184 | train_acc=0.9768 | val_loss=0.0561 | val_acc=0.9793 | fro=11.5000 | nuc=141.9751
[Epoch 003] train_ce=0.0520 | train_nuc=129.3392 | train_total=0.0926 | train_acc=0.9822 | val_loss=0.0468 | val_acc=0.9823 | fro=11.5000 | nuc=117.8449
[Epoch 004] train_ce=0.0441 | train_nuc=109.0110 | train_total=0.0783 | train_acc=0.9851 | val_loss=0.0430 | val_acc=0.9857 | fro=11.5000 | nuc=101.1622
[Epoch 005] train_ce=0.0361 | train_nuc=95.1578 | train_total=0.0660 | train_acc=0.9877 | val_loss=0.0463 | val_acc=0.9810 | fro=11.5000 | nuc=90.7714
[Epoch 006] train_ce=0.0308 | train_nuc=86.9572 | train_total=0.0581 | train_acc=0.9897 | val_loss=0.0422 | val_acc=0.9850 | fro=11.5000 | nuc=84.3975
[Epoch 007] train_ce=0.0281 | train_nuc=81.9270 | train_total=0.0538 | train_acc=0.9906 | val_loss=0.0420 | val_acc=0.9830 | fro=11.5000 | nuc=80.5921
[Epoch 008] train_ce=0.0277 | train_nuc=79.1371 | train_total=0.0525 | train_acc=0.9904 | val_loss=0.0397 | val_acc=0.9823 | fro=11.5000 | nuc=78.5781
[Epoch 009] train_ce=0.0242 | train_nuc=77.5373 | train_total=0.0485 | train_acc=0.9915 | val_loss=0.0466 | val_acc=0.9820 | fro=11.5000 | nuc=77.6287
[Epoch 010] train_ce=0.0234 | train_nuc=76.9624 | train_total=0.0475 | train_acc=0.9922 | val_loss=0.0387 | val_acc=0.9860 | fro=11.5000 | nuc=77.0747
[Epoch 011] train_ce=0.0217 | train_nuc=76.3702 | train_total=0.0457 | train_acc=0.9926 | val_loss=0.0417 | val_acc=0.9863 | fro=11.5000 | nuc=77.3618
[Epoch 012] train_ce=0.0234 | train_nuc=76.5372 | train_total=0.0474 | train_acc=0.9920 | val_loss=0.0391 | val_acc=0.9857 | fro=11.5000 | nuc=77.1624
[Epoch 013] train_ce=0.0213 | train_nuc=76.3146 | train_total=0.0452 | train_acc=0.9922 | val_loss=0.0422 | val_acc=0.9860 | fro=11.5000 | nuc=76.6892
[Epoch 014] train_ce=0.0228 | train_nuc=76.5667 | train_total=0.0469 | train_acc=0.9922 | val_loss=0.0387 | val_acc=0.9863 | fro=11.5000 | nuc=76.6442
[Epoch 015] train_ce=0.0193 | train_nuc=76.1721 | train_total=0.0432 | train_acc=0.9932 | val_loss=0.0478 | val_acc=0.9833 | fro=11.5000 | nuc=76.3053
[Epoch 016] train_ce=0.0184 | train_nuc=75.8201 | train_total=0.0422 | train_acc=0.9939 | val_loss=0.0400 | val_acc=0.9857 | fro=11.5000 | nuc=76.7410
[Epoch 017] train_ce=0.0172 | train_nuc=75.8118 | train_total=0.0410 | train_acc=0.9941 | val_loss=0.0362 | val_acc=0.9853 | fro=11.5000 | nuc=75.9517
[Epoch 018] train_ce=0.0176 | train_nuc=75.6733 | train_total=0.0414 | train_acc=0.9941 | val_loss=0.0577 | val_acc=0.9813 | fro=11.5000 | nuc=75.9510
[Epoch 019] train_ce=0.0160 | train_nuc=75.6223 | train_total=0.0397 | train_acc=0.9946 | val_loss=0.0454 | val_acc=0.9833 | fro=11.5000 | nuc=75.2949
[Epoch 020] train_ce=0.0125 | train_nuc=74.5944 | train_total=0.0359 | train_acc=0.9958 | val_loss=0.0467 | val_acc=0.9843 | fro=11.5000 | nuc=74.8437
[Epoch 021] train_ce=0.0146 | train_nuc=75.0445 | train_total=0.0382 | train_acc=0.9954 | val_loss=0.0370 | val_acc=0.9863 | fro=11.5000 | nuc=76.0319
[Epoch 022] train_ce=0.0146 | train_nuc=75.4221 | train_total=0.0383 | train_acc=0.9948 | val_loss=0.0445 | val_acc=0.9863 | fro=11.5000 | nuc=75.2572
[Epoch 023] train_ce=0.0151 | train_nuc=75.0776 | train_total=0.0387 | train_acc=0.9952 | val_loss=0.0502 | val_acc=0.9843 | fro=11.5000 | nuc=75.5174
[Epoch 024] train_ce=0.0155 | train_nuc=75.3457 | train_total=0.0391 | train_acc=0.9945 | val_loss=0.0525 | val_acc=0.9813 | fro=11.5000 | nuc=76.3981
[Epoch 025] train_ce=0.0165 | train_nuc=76.1765 | train_total=0.0404 | train_acc=0.9942 | val_loss=0.0414 | val_acc=0.9860 | fro=11.5000 | nuc=75.9948
[Epoch 026] train_ce=0.0117 | train_nuc=74.7797 | train_total=0.0352 | train_acc=0.9964 | val_loss=0.0446 | val_acc=0.9847 | fro=11.5000 | nuc=74.8428
[Epoch 027] train_ce=0.0111 | train_nuc=74.3550 | train_total=0.0344 | train_acc=0.9966 | val_loss=0.0448 | val_acc=0.9857 | fro=11.5000 | nuc=74.2933
Early stopping triggered at epoch 27. Best val_loss=0.036194 at epoch 17.
Done. alpha=0.000313856847215592 | best_val_loss=0.036194 | best_epoch=17

================================================================================
Training alpha=0.00055603, seed=0
================================================================================
Using device: cuda
[Experiment] model_one_layer_FC_alpha_0p0005560289599059919
[Alpha] 0.0005560289599059919
[Run dir] outputs/compressibility_adv_robustness/model_one_layer_FC_alpha_0p0005560289599059919_seed_0
[Target Frobenius norm] 11.500000
[Early stopping patience] 10
[Epoch 001] train_ce=0.1588 | train_nuc=182.9849 | train_total=0.2605 | train_acc=0.9390 | val_loss=0.0889 | val_acc=0.9707 | fro=11.5000 | nuc=157.7829
[Epoch 002] train_ce=0.0697 | train_nuc=139.5461 | train_total=0.1473 | train_acc=0.9758 | val_loss=0.0617 | val_acc=0.9777 | fro=11.5000 | nuc=123.0063
[Epoch 003] train_ce=0.0523 | train_nuc=110.6159 | train_total=0.1138 | train_acc=0.9821 | val_loss=0.0550 | val_acc=0.9810 | fro=11.5000 | nuc=100.0407
[Epoch 004] train_ce=0.0441 | train_nuc=92.1181 | train_total=0.0953 | train_acc=0.9848 | val_loss=0.0530 | val_acc=0.9803 | fro=11.5000 | nuc=85.6166
[Epoch 005] train_ce=0.0391 | train_nuc=80.5032 | train_total=0.0838 | train_acc=0.9866 | val_loss=0.0584 | val_acc=0.9767 | fro=11.5000 | nuc=76.4720
[Epoch 006] train_ce=0.0337 | train_nuc=73.2372 | train_total=0.0745 | train_acc=0.9889 | val_loss=0.0473 | val_acc=0.9823 | fro=11.5000 | nuc=71.0453
[Epoch 007] train_ce=0.0334 | train_nuc=69.5365 | train_total=0.0721 | train_acc=0.9884 | val_loss=0.0425 | val_acc=0.9837 | fro=11.5000 | nuc=68.3018
[Epoch 008] train_ce=0.0290 | train_nuc=67.2997 | train_total=0.0664 | train_acc=0.9899 | val_loss=0.0502 | val_acc=0.9820 | fro=11.5000 | nuc=67.0242
[Epoch 009] train_ce=0.0270 | train_nuc=66.2989 | train_total=0.0639 | train_acc=0.9909 | val_loss=0.0450 | val_acc=0.9833 | fro=11.5000 | nuc=66.7123
[Epoch 010] train_ce=0.0270 | train_nuc=66.1771 | train_total=0.0638 | train_acc=0.9908 | val_loss=0.0449 | val_acc=0.9830 | fro=11.5000 | nuc=66.7881
[Epoch 011] train_ce=0.0251 | train_nuc=66.0398 | train_total=0.0619 | train_acc=0.9915 | val_loss=0.0416 | val_acc=0.9850 | fro=11.5000 | nuc=66.3398
[Epoch 012] train_ce=0.0230 | train_nuc=65.8232 | train_total=0.0596 | train_acc=0.9920 | val_loss=0.0564 | val_acc=0.9823 | fro=11.5000 | nuc=66.0224
[Epoch 013] train_ce=0.0236 | train_nuc=65.7716 | train_total=0.0602 | train_acc=0.9915 | val_loss=0.0453 | val_acc=0.9837 | fro=11.5000 | nuc=65.9905
[Epoch 014] train_ce=0.0234 | train_nuc=65.7863 | train_total=0.0599 | train_acc=0.9922 | val_loss=0.0434 | val_acc=0.9830 | fro=11.5000 | nuc=66.2688
[Epoch 015] train_ce=0.0234 | train_nuc=66.0138 | train_total=0.0601 | train_acc=0.9915 | val_loss=0.0453 | val_acc=0.9847 | fro=11.5000 | nuc=65.9924
[Epoch 016] train_ce=0.0206 | train_nuc=65.4754 | train_total=0.0570 | train_acc=0.9928 | val_loss=0.0519 | val_acc=0.9807 | fro=11.5000 | nuc=66.5663
[Epoch 017] train_ce=0.0198 | train_nuc=65.7629 | train_total=0.0564 | train_acc=0.9932 | val_loss=0.0428 | val_acc=0.9853 | fro=11.5000 | nuc=66.0017
[Epoch 018] train_ce=0.0174 | train_nuc=65.3971 | train_total=0.0538 | train_acc=0.9937 | val_loss=0.0488 | val_acc=0.9853 | fro=11.5000 | nuc=66.0898
[Epoch 019] train_ce=0.0171 | train_nuc=65.5630 | train_total=0.0536 | train_acc=0.9943 | val_loss=0.0491 | val_acc=0.9840 | fro=11.5000 | nuc=65.7997
[Epoch 020] train_ce=0.0163 | train_nuc=65.0446 | train_total=0.0524 | train_acc=0.9944 | val_loss=0.0471 | val_acc=0.9843 | fro=11.5000 | nuc=65.2914
[Epoch 021] train_ce=0.0169 | train_nuc=65.1622 | train_total=0.0532 | train_acc=0.9941 | val_loss=0.0472 | val_acc=0.9847 | fro=11.5000 | nuc=65.6232
Early stopping triggered at epoch 21. Best val_loss=0.041642 at epoch 11.
Done. alpha=0.0005560289599059919 | best_val_loss=0.041642 | best_epoch=11

================================================================================
Training alpha=0.00055603, seed=1
================================================================================
Using device: cuda
[Experiment] model_one_layer_FC_alpha_0p0005560289599059919
[Alpha] 0.0005560289599059919
[Run dir] outputs/compressibility_adv_robustness/model_one_layer_FC_alpha_0p0005560289599059919_seed_1
[Target Frobenius norm] 11.500000
[Early stopping patience] 10
[Epoch 001] train_ce=0.1606 | train_nuc=183.5922 | train_total=0.2627 | train_acc=0.9392 | val_loss=0.0952 | val_acc=0.9663 | fro=11.5000 | nuc=158.0520
[Epoch 002] train_ce=0.0672 | train_nuc=139.4398 | train_total=0.1448 | train_acc=0.9774 | val_loss=0.0777 | val_acc=0.9737 | fro=11.5000 | nuc=122.7529
[Epoch 003] train_ce=0.0516 | train_nuc=110.0657 | train_total=0.1128 | train_acc=0.9822 | val_loss=0.0756 | val_acc=0.9727 | fro=11.5000 | nuc=99.0206
[Epoch 004] train_ce=0.0428 | train_nuc=90.9065 | train_total=0.0933 | train_acc=0.9849 | val_loss=0.0694 | val_acc=0.9780 | fro=11.5000 | nuc=84.2549
[Epoch 005] train_ce=0.0368 | train_nuc=79.3347 | train_total=0.0809 | train_acc=0.9876 | val_loss=0.0622 | val_acc=0.9797 | fro=11.5000 | nuc=75.7815
