Start time: Sat Mar 14 12:07:55 PM CET 2026
Host: albatros.polytechnique.fr
Sat Mar 14 12:07:55 2026       
+-----------------------------------------------------------------------------------------+
| NVIDIA-SMI 580.126.18             Driver Version: 580.126.18     CUDA Version: 13.0     |
+-----------------------------------------+------------------------+----------------------+
| GPU  Name                 Persistence-M | Bus-Id          Disp.A | Volatile Uncorr. ECC |
| Fan  Temp   Perf          Pwr:Usage/Cap |           Memory-Usage | GPU-Util  Compute M. |
|                                         |                        |               MIG M. |
|=========================================+========================+======================|
|   0  NVIDIA RTX A5000               Off |   00000000:01:00.0 Off |                  Off |
| 30%   41C    P8             29W /  230W |     138MiB /  24564MiB |      0%      Default |
|                                         |                        |                  N/A |
+-----------------------------------------+------------------------+----------------------+

+-----------------------------------------------------------------------------------------+
| Processes:                                                                              |
|  GPU   GI   CI              PID   Type   Process name                        GPU Memory |
|        ID   ID                                                               Usage      |
|=========================================================================================|
|    0   N/A  N/A         1639117      G   /usr/libexec/Xorg                        94MiB |
|    0   N/A  N/A         1639144      G   /usr/bin/gnome-shell                      8MiB |
+-----------------------------------------------------------------------------------------+
cuda available: True
device count: 1
device name: NVIDIA RTX A5000
Using device: cuda
Downloading https://www.cs.toronto.edu/~kriz/cifar-10-python.tar.gz to ./data/cifar-10-python.tar.gz
Extracting ./data/cifar-10-python.tar.gz to ./data
Files already downloaded and verified
Files already downloaded and verified

====================================================================================================
Training model for label-noise alpha = 1.000
====================================================================================================
[Epoch 001/200] loss=2.3399 | train_acc(noisy-online)=0.0983 | lr=0.09999
[Epoch 002/200] loss=2.3088 | train_acc(noisy-online)=0.1025 | lr=0.09998
[Epoch 003/200] loss=2.3064 | train_acc(noisy-online)=0.1021 | lr=0.09994
[Epoch 004/200] loss=2.3047 | train_acc(noisy-online)=0.1033 | lr=0.09990
[Epoch 005/200] loss=2.3038 | train_acc(noisy-online)=0.1030 | lr=0.09985
[Epoch 006/200] loss=2.3030 | train_acc(noisy-online)=0.1068 | lr=0.09978
[Epoch 007/200] loss=2.3023 | train_acc(noisy-online)=0.1085 | lr=0.09970
[Epoch 008/200] loss=2.3013 | train_acc(noisy-online)=0.1112 | lr=0.09961
[Epoch 009/200] loss=2.3000 | train_acc(noisy-online)=0.1122 | lr=0.09950
[Epoch 010/200] loss=2.2991 | train_acc(noisy-online)=0.1135 | lr=0.09938
[Epoch 011/200] loss=2.2975 | train_acc(noisy-online)=0.1167 | lr=0.09926
[Epoch 012/200] loss=2.2953 | train_acc(noisy-online)=0.1218 | lr=0.09911
[Epoch 013/200] loss=2.2930 | train_acc(noisy-online)=0.1237 | lr=0.09896
[Epoch 014/200] loss=2.2889 | train_acc(noisy-online)=0.1295 | lr=0.09880
[Epoch 015/200] loss=2.2837 | train_acc(noisy-online)=0.1328 | lr=0.09862
[Epoch 016/200] loss=2.2766 | train_acc(noisy-online)=0.1432 | lr=0.09843
[Epoch 017/200] loss=2.2672 | train_acc(noisy-online)=0.1488 | lr=0.09823
[Epoch 018/200] loss=2.2539 | train_acc(noisy-online)=0.1621 | lr=0.09801
[Epoch 019/200] loss=2.2371 | train_acc(noisy-online)=0.1732 | lr=0.09779
[Epoch 020/200] loss=2.2168 | train_acc(noisy-online)=0.1830 | lr=0.09755
[Epoch 021/200] loss=2.1873 | train_acc(noisy-online)=0.2017 | lr=0.09730
[Epoch 022/200] loss=2.1535 | train_acc(noisy-online)=0.2197 | lr=0.09704
[Epoch 023/200] loss=2.1105 | train_acc(noisy-online)=0.2406 | lr=0.09677
[Epoch 024/200] loss=2.0640 | train_acc(noisy-online)=0.2590 | lr=0.09649
[Epoch 025/200] loss=1.9990 | train_acc(noisy-online)=0.2878 | lr=0.09619
[Epoch 026/200] loss=1.9310 | train_acc(noisy-online)=0.3154 | lr=0.09589
[Epoch 027/200] loss=1.8556 | train_acc(noisy-online)=0.3434 | lr=0.09557
[Epoch 028/200] loss=1.7686 | train_acc(noisy-online)=0.3796 | lr=0.09524
[Epoch 029/200] loss=1.6727 | train_acc(noisy-online)=0.4163 | lr=0.09490
[Epoch 030/200] loss=1.5809 | train_acc(noisy-online)=0.4501 | lr=0.09455
[Epoch 031/200] loss=1.4822 | train_acc(noisy-online)=0.4875 | lr=0.09419
[Epoch 032/200] loss=1.3810 | train_acc(noisy-online)=0.5225 | lr=0.09382
[Epoch 033/200] loss=1.2789 | train_acc(noisy-online)=0.5596 | lr=0.09343
[Epoch 034/200] loss=1.1774 | train_acc(noisy-online)=0.5957 | lr=0.09304
[Epoch 035/200] loss=1.0864 | train_acc(noisy-online)=0.6255 | lr=0.09263
[Epoch 036/200] loss=1.0019 | train_acc(noisy-online)=0.6545 | lr=0.09222
[Epoch 037/200] loss=0.9155 | train_acc(noisy-online)=0.6850 | lr=0.09179
[Epoch 038/200] loss=0.8399 | train_acc(noisy-online)=0.7125 | lr=0.09135
[Epoch 039/200] loss=0.7618 | train_acc(noisy-online)=0.7409 | lr=0.09091
[Epoch 040/200] loss=0.6940 | train_acc(noisy-online)=0.7627 | lr=0.09045
[Epoch 041/200] loss=0.6438 | train_acc(noisy-online)=0.7815 | lr=0.08998
[Epoch 042/200] loss=0.5809 | train_acc(noisy-online)=0.8025 | lr=0.08951
[Epoch 043/200] loss=0.5350 | train_acc(noisy-online)=0.8173 | lr=0.08902
[Epoch 044/200] loss=0.4892 | train_acc(noisy-online)=0.8350 | lr=0.08853
[Epoch 045/200] loss=0.4368 | train_acc(noisy-online)=0.8523 | lr=0.08802
[Epoch 046/200] loss=0.4316 | train_acc(noisy-online)=0.8548 | lr=0.08751
[Epoch 047/200] loss=0.3818 | train_acc(noisy-online)=0.8697 | lr=0.08698
[Epoch 048/200] loss=0.3500 | train_acc(noisy-online)=0.8814 | lr=0.08645
[Epoch 049/200] loss=0.3324 | train_acc(noisy-online)=0.8872 | lr=0.08591
[Epoch 050/200] loss=0.2972 | train_acc(noisy-online)=0.9004 | lr=0.08536
[Epoch 051/200] loss=0.2837 | train_acc(noisy-online)=0.9028 | lr=0.08480
[Epoch 052/200] loss=0.2435 | train_acc(noisy-online)=0.9187 | lr=0.08423
[Epoch 053/200] loss=0.2113 | train_acc(noisy-online)=0.9295 | lr=0.08365
[Epoch 054/200] loss=0.1961 | train_acc(noisy-online)=0.9342 | lr=0.08307
[Epoch 055/200] loss=0.2124 | train_acc(noisy-online)=0.9300 | lr=0.08247
[Epoch 056/200] loss=0.1987 | train_acc(noisy-online)=0.9349 | lr=0.08187
[Epoch 057/200] loss=0.1864 | train_acc(noisy-online)=0.9378 | lr=0.08126
[Epoch 058/200] loss=0.1763 | train_acc(noisy-online)=0.9401 | lr=0.08065
[Epoch 059/200] loss=0.1474 | train_acc(noisy-online)=0.9514 | lr=0.08002
[Epoch 060/200] loss=0.1227 | train_acc(noisy-online)=0.9602 | lr=0.07939
[Epoch 061/200] loss=0.1301 | train_acc(noisy-online)=0.9578 | lr=0.07875
[Epoch 062/200] loss=0.1143 | train_acc(noisy-online)=0.9633 | lr=0.07810
[Epoch 063/200] loss=0.1012 | train_acc(noisy-online)=0.9672 | lr=0.07745
[Epoch 064/200] loss=0.1070 | train_acc(noisy-online)=0.9652 | lr=0.07679
[Epoch 065/200] loss=0.0804 | train_acc(noisy-online)=0.9754 | lr=0.07612
[Epoch 066/200] loss=0.0484 | train_acc(noisy-online)=0.9865 | lr=0.07545
[Epoch 067/200] loss=0.0435 | train_acc(noisy-online)=0.9872 | lr=0.07477
[Epoch 068/200] loss=0.0458 | train_acc(noisy-online)=0.9859 | lr=0.07409
[Epoch 069/200] loss=0.0410 | train_acc(noisy-online)=0.9876 | lr=0.07340
[Epoch 070/200] loss=0.0444 | train_acc(noisy-online)=0.9868 | lr=0.07270
[Epoch 071/200] loss=0.0578 | train_acc(noisy-online)=0.9812 | lr=0.07200
[Epoch 072/200] loss=0.0655 | train_acc(noisy-online)=0.9789 | lr=0.07129
[Epoch 073/200] loss=0.0558 | train_acc(noisy-online)=0.9823 | lr=0.07058
[Epoch 074/200] loss=0.0506 | train_acc(noisy-online)=0.9834 | lr=0.06986
[Epoch 075/200] loss=0.0367 | train_acc(noisy-online)=0.9891 | lr=0.06913
[Epoch 076/200] loss=0.0279 | train_acc(noisy-online)=0.9916 | lr=0.06841
[Epoch 077/200] loss=0.0187 | train_acc(noisy-online)=0.9949 | lr=0.06767
