Start time: Sat Mar 14 02:48:02 PM CET 2026
Host: albatros.polytechnique.fr
Sat Mar 14 14:48:02 2026       
+-----------------------------------------------------------------------------------------+
| NVIDIA-SMI 580.126.18             Driver Version: 580.126.18     CUDA Version: 13.0     |
+-----------------------------------------+------------------------+----------------------+
| GPU  Name                 Persistence-M | Bus-Id          Disp.A | Volatile Uncorr. ECC |
| Fan  Temp   Perf          Pwr:Usage/Cap |           Memory-Usage | GPU-Util  Compute M. |
|                                         |                        |               MIG M. |
|=========================================+========================+======================|
|   0  NVIDIA RTX A5000               Off |   00000000:01:00.0 Off |                  Off |
| 46%   72C    P2            175W /  230W |   11306MiB /  24564MiB |     60%      Default |
|                                         |                        |                  N/A |
+-----------------------------------------+------------------------+----------------------+

+-----------------------------------------------------------------------------------------+
| Processes:                                                                              |
|  GPU   GI   CI              PID   Type   Process name                        GPU Memory |
|        ID   ID                                                               Usage      |
|=========================================================================================|
|    0   N/A  N/A         1639117      G   /usr/libexec/Xorg                        94MiB |
|    0   N/A  N/A         1639144      G   /usr/bin/gnome-shell                      8MiB |
|    0   N/A  N/A         2302813      C   ...ny_Reasoner/.venv/bin/python3      11160MiB |
+-----------------------------------------------------------------------------------------+
cuda available: True
device count: 1
device name: NVIDIA RTX A5000
Using device: cuda
Files already downloaded and verified
Files already downloaded and verified
Files already downloaded and verified

====================================================================================================
Training model for label-noise alpha = 0.000
====================================================================================================
[Epoch 001/100] loss=1.3342 | train_acc(noisy-online)=0.5172 | lr=0.09998
[Epoch 002/100] loss=0.8402 | train_acc(noisy-online)=0.7008 | lr=0.09990
[Epoch 003/100] loss=0.6557 | train_acc(noisy-online)=0.7709 | lr=0.09978
[Epoch 004/100] loss=0.5640 | train_acc(noisy-online)=0.8052 | lr=0.09961
[Epoch 005/100] loss=0.5095 | train_acc(noisy-online)=0.8244 | lr=0.09938
[Epoch 006/100] loss=0.4718 | train_acc(noisy-online)=0.8356 | lr=0.09911
[Epoch 007/100] loss=0.4421 | train_acc(noisy-online)=0.8456 | lr=0.09880
[Epoch 008/100] loss=0.4161 | train_acc(noisy-online)=0.8559 | lr=0.09843
[Epoch 009/100] loss=0.3916 | train_acc(noisy-online)=0.8654 | lr=0.09801
[Epoch 010/100] loss=0.3759 | train_acc(noisy-online)=0.8688 | lr=0.09755
[Epoch 011/100] loss=0.3641 | train_acc(noisy-online)=0.8731 | lr=0.09704
[Epoch 012/100] loss=0.3554 | train_acc(noisy-online)=0.8762 | lr=0.09649
[Epoch 013/100] loss=0.3392 | train_acc(noisy-online)=0.8825 | lr=0.09589
[Epoch 014/100] loss=0.3315 | train_acc(noisy-online)=0.8854 | lr=0.09524
[Epoch 015/100] loss=0.3230 | train_acc(noisy-online)=0.8880 | lr=0.09455
[Epoch 016/100] loss=0.3052 | train_acc(noisy-online)=0.8938 | lr=0.09382
[Epoch 017/100] loss=0.3049 | train_acc(noisy-online)=0.8934 | lr=0.09304
[Epoch 018/100] loss=0.3011 | train_acc(noisy-online)=0.8937 | lr=0.09222
[Epoch 019/100] loss=0.2878 | train_acc(noisy-online)=0.9000 | lr=0.09135
[Epoch 020/100] loss=0.2852 | train_acc(noisy-online)=0.9006 | lr=0.09045
[Epoch 021/100] loss=0.2762 | train_acc(noisy-online)=0.9037 | lr=0.08951
[Epoch 022/100] loss=0.2760 | train_acc(noisy-online)=0.9035 | lr=0.08853
[Epoch 023/100] loss=0.2622 | train_acc(noisy-online)=0.9091 | lr=0.08751
[Epoch 024/100] loss=0.2659 | train_acc(noisy-online)=0.9085 | lr=0.08645
[Epoch 025/100] loss=0.2515 | train_acc(noisy-online)=0.9124 | lr=0.08536
[Epoch 026/100] loss=0.2513 | train_acc(noisy-online)=0.9132 | lr=0.08423
[Epoch 027/100] loss=0.2436 | train_acc(noisy-online)=0.9149 | lr=0.08307
[Epoch 028/100] loss=0.2389 | train_acc(noisy-online)=0.9169 | lr=0.08187
[Epoch 029/100] loss=0.2294 | train_acc(noisy-online)=0.9199 | lr=0.08065
[Epoch 030/100] loss=0.2285 | train_acc(noisy-online)=0.9200 | lr=0.07939
[Epoch 031/100] loss=0.2241 | train_acc(noisy-online)=0.9214 | lr=0.07810
[Epoch 032/100] loss=0.2190 | train_acc(noisy-online)=0.9238 | lr=0.07679
[Epoch 033/100] loss=0.2107 | train_acc(noisy-online)=0.9254 | lr=0.07545
[Epoch 034/100] loss=0.2074 | train_acc(noisy-online)=0.9278 | lr=0.07409
[Epoch 035/100] loss=0.1991 | train_acc(noisy-online)=0.9315 | lr=0.07270
[Epoch 036/100] loss=0.2005 | train_acc(noisy-online)=0.9300 | lr=0.07129
[Epoch 037/100] loss=0.1913 | train_acc(noisy-online)=0.9329 | lr=0.06986
[Epoch 038/100] loss=0.1848 | train_acc(noisy-online)=0.9364 | lr=0.06841
[Epoch 039/100] loss=0.1793 | train_acc(noisy-online)=0.9382 | lr=0.06694
[Epoch 040/100] loss=0.1711 | train_acc(noisy-online)=0.9406 | lr=0.06545
[Epoch 041/100] loss=0.1707 | train_acc(noisy-online)=0.9415 | lr=0.06395
[Epoch 042/100] loss=0.1633 | train_acc(noisy-online)=0.9433 | lr=0.06243
[Epoch 043/100] loss=0.1586 | train_acc(noisy-online)=0.9451 | lr=0.06091
[Epoch 044/100] loss=0.1523 | train_acc(noisy-online)=0.9478 | lr=0.05937
[Epoch 045/100] loss=0.1443 | train_acc(noisy-online)=0.9500 | lr=0.05782
[Epoch 046/100] loss=0.1411 | train_acc(noisy-online)=0.9523 | lr=0.05627
[Epoch 047/100] loss=0.1340 | train_acc(noisy-online)=0.9539 | lr=0.05471
[Epoch 048/100] loss=0.1315 | train_acc(noisy-online)=0.9562 | lr=0.05314
[Epoch 049/100] loss=0.1194 | train_acc(noisy-online)=0.9593 | lr=0.05157
[Epoch 050/100] loss=0.1198 | train_acc(noisy-online)=0.9593 | lr=0.05000
[Epoch 051/100] loss=0.1141 | train_acc(noisy-online)=0.9616 | lr=0.04843
[Epoch 052/100] loss=0.1107 | train_acc(noisy-online)=0.9635 | lr=0.04686
[Epoch 053/100] loss=0.1029 | train_acc(noisy-online)=0.9655 | lr=0.04529
[Epoch 054/100] loss=0.0945 | train_acc(noisy-online)=0.9690 | lr=0.04373
[Epoch 055/100] loss=0.0879 | train_acc(noisy-online)=0.9712 | lr=0.04218
[Epoch 056/100] loss=0.0820 | train_acc(noisy-online)=0.9737 | lr=0.04063
[Epoch 057/100] loss=0.0750 | train_acc(noisy-online)=0.9766 | lr=0.03909
[Epoch 058/100] loss=0.0719 | train_acc(noisy-online)=0.9767 | lr=0.03757
[Epoch 059/100] loss=0.0691 | train_acc(noisy-online)=0.9781 | lr=0.03605
[Epoch 060/100] loss=0.0619 | train_acc(noisy-online)=0.9806 | lr=0.03455
[Epoch 061/100] loss=0.0549 | train_acc(noisy-online)=0.9836 | lr=0.03306
[Epoch 062/100] loss=0.0411 | train_acc(noisy-online)=0.9884 | lr=0.03159
[Epoch 063/100] loss=0.0369 | train_acc(noisy-online)=0.9902 | lr=0.03014
[Epoch 064/100] loss=0.0440 | train_acc(noisy-online)=0.9869 | lr=0.02871
[Epoch 065/100] loss=0.0334 | train_acc(noisy-online)=0.9914 | lr=0.02730
[Epoch 066/100] loss=0.0331 | train_acc(noisy-online)=0.9906 | lr=0.02591
[Epoch 067/100] loss=0.0196 | train_acc(noisy-online)=0.9959 | lr=0.02455
[Epoch 068/100] loss=0.0085 | train_acc(noisy-online)=0.9992 | lr=0.02321
[Epoch 069/100] loss=0.0041 | train_acc(noisy-online)=0.9999 | lr=0.02190
[Epoch 070/100] loss=0.0027 | train_acc(noisy-online)=1.0000 | lr=0.02061
[Epoch 071/100] loss=0.0025 | train_acc(noisy-online)=1.0000 | lr=0.01935
[Epoch 072/100] loss=0.0026 | train_acc(noisy-online)=1.0000 | lr=0.01813
[Epoch 073/100] loss=0.0027 | train_acc(noisy-online)=1.0000 | lr=0.01693
[Epoch 074/100] loss=0.0027 | train_acc(noisy-online)=1.0000 | lr=0.01577
[Epoch 075/100] loss=0.0029 | train_acc(noisy-online)=1.0000 | lr=0.01464
[Epoch 076/100] loss=0.0029 | train_acc(noisy-online)=1.0000 | lr=0.01355
[Epoch 077/100] loss=0.0029 | train_acc(noisy-online)=1.0000 | lr=0.01249
[Epoch 078/100] loss=0.0029 | train_acc(noisy-online)=1.0000 | lr=0.01147
[Epoch 079/100] loss=0.0030 | train_acc(noisy-online)=1.0000 | lr=0.01049
[Epoch 080/100] loss=0.0030 | train_acc(noisy-online)=1.0000 | lr=0.00955
[Epoch 081/100] loss=0.0029 | train_acc(noisy-online)=1.0000 | lr=0.00865
[Epoch 082/100] loss=0.0029 | train_acc(noisy-online)=1.0000 | lr=0.00778
[Epoch 083/100] loss=0.0029 | train_acc(noisy-online)=1.0000 | lr=0.00696
[Epoch 084/100] loss=0.0029 | train_acc(noisy-online)=1.0000 | lr=0.00618
[Epoch 085/100] loss=0.0029 | train_acc(noisy-online)=1.0000 | lr=0.00545
[Epoch 086/100] loss=0.0028 | train_acc(noisy-online)=1.0000 | lr=0.00476
[Epoch 087/100] loss=0.0028 | train_acc(noisy-online)=1.0000 | lr=0.00411
[Epoch 088/100] loss=0.0029 | train_acc(noisy-online)=1.0000 | lr=0.00351
[Epoch 089/100] loss=0.0027 | train_acc(noisy-online)=1.0000 | lr=0.00296
[Epoch 090/100] loss=0.0028 | train_acc(noisy-online)=1.0000 | lr=0.00245
[Epoch 091/100] loss=0.0028 | train_acc(noisy-online)=1.0000 | lr=0.00199
[Epoch 092/100] loss=0.0028 | train_acc(noisy-online)=1.0000 | lr=0.00157
[Epoch 093/100] loss=0.0028 | train_acc(noisy-online)=1.0000 | lr=0.00120
[Epoch 094/100] loss=0.0027 | train_acc(noisy-online)=1.0000 | lr=0.00089
[Epoch 095/100] loss=0.0028 | train_acc(noisy-online)=1.0000 | lr=0.00062
[Epoch 096/100] loss=0.0027 | train_acc(noisy-online)=1.0000 | lr=0.00039
[Epoch 097/100] loss=0.0027 | train_acc(noisy-online)=1.0000 | lr=0.00022
[Epoch 098/100] loss=0.0027 | train_acc(noisy-online)=1.0000 | lr=0.00010
[Epoch 099/100] loss=0.0027 | train_acc(noisy-online)=1.0000 | lr=0.00002
[Epoch 100/100] loss=0.0027 | train_acc(noisy-online)=1.0000 | lr=0.00000
[alpha=0.000] train_acc=1.0000 | test_acc=0.8942 | overfit_rate=0.1058
    pruning_ratio=0.000 | train_acc_pruned=1.0000 | retained_train_acc=1.0000
    pruning_ratio=0.100 | train_acc_pruned=1.0000 | retained_train_acc=1.0000
    pruning_ratio=0.200 | train_acc_pruned=1.0000 | retained_train_acc=1.0000
    pruning_ratio=0.300 | train_acc_pruned=1.0000 | retained_train_acc=1.0000
    pruning_ratio=0.400 | train_acc_pruned=1.0000 | retained_train_acc=1.0000
    pruning_ratio=0.500 | train_acc_pruned=1.0000 | retained_train_acc=1.0000
    pruning_ratio=0.600 | train_acc_pruned=0.9988 | retained_train_acc=0.9988
    pruning_ratio=0.700 | train_acc_pruned=0.9313 | retained_train_acc=0.9313
    pruning_ratio=0.750 | train_acc_pruned=0.8226 | retained_train_acc=0.8226
    pruning_ratio=0.800 | train_acc_pruned=0.6217 | retained_train_acc=0.6217
    pruning_ratio=0.850 | train_acc_pruned=0.4123 | retained_train_acc=0.4123
    pruning_ratio=0.900 | train_acc_pruned=0.2057 | retained_train_acc=0.2057
    pruning_ratio=0.950 | train_acc_pruned=0.1000 | retained_train_acc=0.1000
    pruning_ratio=0.980 | train_acc_pruned=0.1000 | retained_train_acc=0.1000
    pruning_ratio=0.990 | train_acc_pruned=0.1000 | retained_train_acc=0.1000

====================================================================================================
Training model for label-noise alpha = 0.100
====================================================================================================
[Epoch 001/100] loss=1.5621 | train_acc(noisy-online)=0.4732 | lr=0.09998
[Epoch 002/100] loss=1.2252 | train_acc(noisy-online)=0.6268 | lr=0.09990
[Epoch 003/100] loss=1.0981 | train_acc(noisy-online)=0.6815 | lr=0.09978
[Epoch 004/100] loss=1.0205 | train_acc(noisy-online)=0.7139 | lr=0.09961
[Epoch 005/100] loss=0.9740 | train_acc(noisy-online)=0.7298 | lr=0.09938
[Epoch 006/100] loss=0.9404 | train_acc(noisy-online)=0.7414 | lr=0.09911
[Epoch 007/100] loss=0.9116 | train_acc(noisy-online)=0.7510 | lr=0.09880
[Epoch 008/100] loss=0.8851 | train_acc(noisy-online)=0.7586 | lr=0.09843
[Epoch 009/100] loss=0.8696 | train_acc(noisy-online)=0.7638 | lr=0.09801
[Epoch 010/100] loss=0.8531 | train_acc(noisy-online)=0.7712 | lr=0.09755
[Epoch 011/100] loss=0.8373 | train_acc(noisy-online)=0.7747 | lr=0.09704
[Epoch 012/100] loss=0.8209 | train_acc(noisy-online)=0.7807 | lr=0.09649
[Epoch 013/100] loss=0.8093 | train_acc(noisy-online)=0.7843 | lr=0.09589
[Epoch 014/100] loss=0.7918 | train_acc(noisy-online)=0.7869 | lr=0.09524
[Epoch 015/100] loss=0.7800 | train_acc(noisy-online)=0.7922 | lr=0.09455
[Epoch 016/100] loss=0.7660 | train_acc(noisy-online)=0.7949 | lr=0.09382
[Epoch 017/100] loss=0.7559 | train_acc(noisy-online)=0.7971 | lr=0.09304
[Epoch 018/100] loss=0.7426 | train_acc(noisy-online)=0.8006 | lr=0.09222
[Epoch 019/100] loss=0.7367 | train_acc(noisy-online)=0.8011 | lr=0.09135
[Epoch 020/100] loss=0.7249 | train_acc(noisy-online)=0.8037 | lr=0.09045
[Epoch 021/100] loss=0.7157 | train_acc(noisy-online)=0.8053 | lr=0.08951
[Epoch 022/100] loss=0.7008 | train_acc(noisy-online)=0.8109 | lr=0.08853
[Epoch 023/100] loss=0.6943 | train_acc(noisy-online)=0.8112 | lr=0.08751
[Epoch 024/100] loss=0.6832 | train_acc(noisy-online)=0.8146 | lr=0.08645
[Epoch 025/100] loss=0.6711 | train_acc(noisy-online)=0.8149 | lr=0.08536
[Epoch 026/100] loss=0.6626 | train_acc(noisy-online)=0.8180 | lr=0.08423
[Epoch 027/100] loss=0.6522 | train_acc(noisy-online)=0.8194 | lr=0.08307
[Epoch 028/100] loss=0.6401 | train_acc(noisy-online)=0.8232 | lr=0.08187
[Epoch 029/100] loss=0.6339 | train_acc(noisy-online)=0.8230 | lr=0.08065
[Epoch 030/100] loss=0.6204 | train_acc(noisy-online)=0.8273 | lr=0.07939
[Epoch 031/100] loss=0.6135 | train_acc(noisy-online)=0.8278 | lr=0.07810
[Epoch 032/100] loss=0.5933 | train_acc(noisy-online)=0.8334 | lr=0.07679
[Epoch 033/100] loss=0.5828 | train_acc(noisy-online)=0.8359 | lr=0.07545
[Epoch 034/100] loss=0.5788 | train_acc(noisy-online)=0.8349 | lr=0.07409
[Epoch 035/100] loss=0.5634 | train_acc(noisy-online)=0.8383 | lr=0.07270
[Epoch 036/100] loss=0.5508 | train_acc(noisy-online)=0.8425 | lr=0.07129
[Epoch 037/100] loss=0.5400 | train_acc(noisy-online)=0.8423 | lr=0.06986
[Epoch 038/100] loss=0.5223 | train_acc(noisy-online)=0.8481 | lr=0.06841
[Epoch 039/100] loss=0.5129 | train_acc(noisy-online)=0.8488 | lr=0.06694
[Epoch 040/100] loss=0.4926 | train_acc(noisy-online)=0.8561 | lr=0.06545
[Epoch 041/100] loss=0.4842 | train_acc(noisy-online)=0.8576 | lr=0.06395
[Epoch 042/100] loss=0.4734 | train_acc(noisy-online)=0.8609 | lr=0.06243
[Epoch 043/100] loss=0.4532 | train_acc(noisy-online)=0.8648 | lr=0.06091
[Epoch 044/100] loss=0.4429 | train_acc(noisy-online)=0.8679 | lr=0.05937
[Epoch 045/100] loss=0.4283 | train_acc(noisy-online)=0.8700 | lr=0.05782
[Epoch 046/100] loss=0.4136 | train_acc(noisy-online)=0.8750 | lr=0.05627
[Epoch 047/100] loss=0.3986 | train_acc(noisy-online)=0.8786 | lr=0.05471
[Epoch 048/100] loss=0.3844 | train_acc(noisy-online)=0.8822 | lr=0.05314
[Epoch 049/100] loss=0.3706 | train_acc(noisy-online)=0.8842 | lr=0.05157
[Epoch 050/100] loss=0.3515 | train_acc(noisy-online)=0.8907 | lr=0.05000
[Epoch 051/100] loss=0.3314 | train_acc(noisy-online)=0.8969 | lr=0.04843
[Epoch 052/100] loss=0.3240 | train_acc(noisy-online)=0.8985 | lr=0.04686
[Epoch 053/100] loss=0.2914 | train_acc(noisy-online)=0.9074 | lr=0.04529
[Epoch 054/100] loss=0.2923 | train_acc(noisy-online)=0.9063 | lr=0.04373
[Epoch 055/100] loss=0.2731 | train_acc(noisy-online)=0.9127 | lr=0.04218
[Epoch 056/100] loss=0.2603 | train_acc(noisy-online)=0.9166 | lr=0.04063
[Epoch 057/100] loss=0.2401 | train_acc(noisy-online)=0.9233 | lr=0.03909
[Epoch 058/100] loss=0.2263 | train_acc(noisy-online)=0.9278 | lr=0.03757
[Epoch 059/100] loss=0.2082 | train_acc(noisy-online)=0.9331 | lr=0.03605
[Epoch 060/100] loss=0.1804 | train_acc(noisy-online)=0.9428 | lr=0.03455
[Epoch 061/100] loss=0.1811 | train_acc(noisy-online)=0.9410 | lr=0.03306
[Epoch 062/100] loss=0.1661 | train_acc(noisy-online)=0.9459 | lr=0.03159
[Epoch 063/100] loss=0.1465 | train_acc(noisy-online)=0.9528 | lr=0.03014
[Epoch 064/100] loss=0.1304 | train_acc(noisy-online)=0.9582 | lr=0.02871
[Epoch 065/100] loss=0.1095 | train_acc(noisy-online)=0.9651 | lr=0.02730
[Epoch 066/100] loss=0.1088 | train_acc(noisy-online)=0.9655 | lr=0.02591
[Epoch 067/100] loss=0.0782 | train_acc(noisy-online)=0.9759 | lr=0.02455
[Epoch 068/100] loss=0.0579 | train_acc(noisy-online)=0.9834 | lr=0.02321
[Epoch 069/100] loss=0.0486 | train_acc(noisy-online)=0.9866 | lr=0.02190
[Epoch 070/100] loss=0.0317 | train_acc(noisy-online)=0.9919 | lr=0.02061
[Epoch 071/100] loss=0.0135 | train_acc(noisy-online)=0.9982 | lr=0.01935
[Epoch 072/100] loss=0.0054 | train_acc(noisy-online)=0.9997 | lr=0.01813
[Epoch 073/100] loss=0.0033 | train_acc(noisy-online)=0.9999 | lr=0.01693
[Epoch 074/100] loss=0.0027 | train_acc(noisy-online)=1.0000 | lr=0.01577
[Epoch 075/100] loss=0.0027 | train_acc(noisy-online)=1.0000 | lr=0.01464
[Epoch 076/100] loss=0.0028 | train_acc(noisy-online)=1.0000 | lr=0.01355
[Epoch 077/100] loss=0.0029 | train_acc(noisy-online)=1.0000 | lr=0.01249
[Epoch 078/100] loss=0.0029 | train_acc(noisy-online)=1.0000 | lr=0.01147
[Epoch 079/100] loss=0.0031 | train_acc(noisy-online)=1.0000 | lr=0.01049
[Epoch 080/100] loss=0.0032 | train_acc(noisy-online)=1.0000 | lr=0.00955
[Epoch 081/100] loss=0.0032 | train_acc(noisy-online)=1.0000 | lr=0.00865
[Epoch 082/100] loss=0.0032 | train_acc(noisy-online)=1.0000 | lr=0.00778
[Epoch 083/100] loss=0.0033 | train_acc(noisy-online)=1.0000 | lr=0.00696
[Epoch 084/100] loss=0.0034 | train_acc(noisy-online)=1.0000 | lr=0.00618
[Epoch 085/100] loss=0.0033 | train_acc(noisy-online)=1.0000 | lr=0.00545
[Epoch 086/100] loss=0.0033 | train_acc(noisy-online)=1.0000 | lr=0.00476
[Epoch 087/100] loss=0.0034 | train_acc(noisy-online)=1.0000 | lr=0.00411
[Epoch 088/100] loss=0.0034 | train_acc(noisy-online)=1.0000 | lr=0.00351
[Epoch 089/100] loss=0.0034 | train_acc(noisy-online)=1.0000 | lr=0.00296
[Epoch 090/100] loss=0.0033 | train_acc(noisy-online)=1.0000 | lr=0.00245
[Epoch 091/100] loss=0.0032 | train_acc(noisy-online)=1.0000 | lr=0.00199
[Epoch 092/100] loss=0.0033 | train_acc(noisy-online)=1.0000 | lr=0.00157
[Epoch 093/100] loss=0.0033 | train_acc(noisy-online)=1.0000 | lr=0.00120
[Epoch 094/100] loss=0.0033 | train_acc(noisy-online)=1.0000 | lr=0.00089
[Epoch 095/100] loss=0.0034 | train_acc(noisy-online)=1.0000 | lr=0.00062
[Epoch 096/100] loss=0.0034 | train_acc(noisy-online)=1.0000 | lr=0.00039
[Epoch 097/100] loss=0.0033 | train_acc(noisy-online)=1.0000 | lr=0.00022
[Epoch 098/100] loss=0.0033 | train_acc(noisy-online)=1.0000 | lr=0.00010
[Epoch 099/100] loss=0.0034 | train_acc(noisy-online)=1.0000 | lr=0.00002
[Epoch 100/100] loss=0.0033 | train_acc(noisy-online)=1.0000 | lr=0.00000
[alpha=0.100] train_acc=1.0000 | test_acc=0.8031 | overfit_rate=0.1969
    pruning_ratio=0.000 | train_acc_pruned=1.0000 | retained_train_acc=1.0000
    pruning_ratio=0.100 | train_acc_pruned=1.0000 | retained_train_acc=1.0000
    pruning_ratio=0.200 | train_acc_pruned=1.0000 | retained_train_acc=1.0000
    pruning_ratio=0.300 | train_acc_pruned=1.0000 | retained_train_acc=1.0000
    pruning_ratio=0.400 | train_acc_pruned=1.0000 | retained_train_acc=1.0000
    pruning_ratio=0.500 | train_acc_pruned=0.9999 | retained_train_acc=0.9999
    pruning_ratio=0.600 | train_acc_pruned=0.9899 | retained_train_acc=0.9899
    pruning_ratio=0.700 | train_acc_pruned=0.8082 | retained_train_acc=0.8082
    pruning_ratio=0.750 | train_acc_pruned=0.4392 | retained_train_acc=0.4392
    pruning_ratio=0.800 | train_acc_pruned=0.2183 | retained_train_acc=0.2183
    pruning_ratio=0.850 | train_acc_pruned=0.2012 | retained_train_acc=0.2012
    pruning_ratio=0.900 | train_acc_pruned=0.1778 | retained_train_acc=0.1778
    pruning_ratio=0.950 | train_acc_pruned=0.0999 | retained_train_acc=0.0999
    pruning_ratio=0.980 | train_acc_pruned=0.1000 | retained_train_acc=0.1000
    pruning_ratio=0.990 | train_acc_pruned=0.1000 | retained_train_acc=0.1000

====================================================================================================
Training model for label-noise alpha = 0.200
====================================================================================================
[Epoch 001/100] loss=1.8448 | train_acc(noisy-online)=0.3819 | lr=0.09998
[Epoch 002/100] loss=1.5597 | train_acc(noisy-online)=0.5222 | lr=0.09990
[Epoch 003/100] loss=1.4404 | train_acc(noisy-online)=0.5769 | lr=0.09978
[Epoch 004/100] loss=1.3645 | train_acc(noisy-online)=0.6115 | lr=0.09961
[Epoch 005/100] loss=1.3176 | train_acc(noisy-online)=0.6330 | lr=0.09938
[Epoch 006/100] loss=1.2817 | train_acc(noisy-online)=0.6465 | lr=0.09911
[Epoch 007/100] loss=1.2555 | train_acc(noisy-online)=0.6568 | lr=0.09880
[Epoch 008/100] loss=1.2341 | train_acc(noisy-online)=0.6664 | lr=0.09843
[Epoch 009/100] loss=1.2143 | train_acc(noisy-online)=0.6713 | lr=0.09801
[Epoch 010/100] loss=1.1980 | train_acc(noisy-online)=0.6764 | lr=0.09755
[Epoch 011/100] loss=1.1826 | train_acc(noisy-online)=0.6821 | lr=0.09704
[Epoch 012/100] loss=1.1673 | train_acc(noisy-online)=0.6871 | lr=0.09649
[Epoch 013/100] loss=1.1520 | train_acc(noisy-online)=0.6908 | lr=0.09589
[Epoch 014/100] loss=1.1358 | train_acc(noisy-online)=0.6949 | lr=0.09524
[Epoch 015/100] loss=1.1231 | train_acc(noisy-online)=0.6980 | lr=0.09455
[Epoch 016/100] loss=1.1098 | train_acc(noisy-online)=0.7018 | lr=0.09382
[Epoch 017/100] loss=1.0971 | train_acc(noisy-online)=0.7045 | lr=0.09304
[Epoch 018/100] loss=1.0849 | train_acc(noisy-online)=0.7078 | lr=0.09222
[Epoch 019/100] loss=1.0718 | train_acc(noisy-online)=0.7096 | lr=0.09135
[Epoch 020/100] loss=1.0608 | train_acc(noisy-online)=0.7123 | lr=0.09045
[Epoch 021/100] loss=1.0442 | train_acc(noisy-online)=0.7168 | lr=0.08951
[Epoch 022/100] loss=1.0318 | train_acc(noisy-online)=0.7176 | lr=0.08853
[Epoch 023/100] loss=1.0157 | train_acc(noisy-online)=0.7203 | lr=0.08751
[Epoch 024/100] loss=1.0057 | train_acc(noisy-online)=0.7244 | lr=0.08645
[Epoch 025/100] loss=0.9917 | train_acc(noisy-online)=0.7275 | lr=0.08536
[Epoch 026/100] loss=0.9766 | train_acc(noisy-online)=0.7292 | lr=0.08423
[Epoch 027/100] loss=0.9657 | train_acc(noisy-online)=0.7319 | lr=0.08307
[Epoch 028/100] loss=0.9480 | train_acc(noisy-online)=0.7351 | lr=0.08187
[Epoch 029/100] loss=0.9377 | train_acc(noisy-online)=0.7380 | lr=0.08065
[Epoch 030/100] loss=0.9155 | train_acc(noisy-online)=0.7424 | lr=0.07939
[Epoch 031/100] loss=0.9087 | train_acc(noisy-online)=0.7425 | lr=0.07810
[Epoch 032/100] loss=0.8911 | train_acc(noisy-online)=0.7451 | lr=0.07679
[Epoch 033/100] loss=0.8728 | train_acc(noisy-online)=0.7502 | lr=0.07545
[Epoch 034/100] loss=0.8626 | train_acc(noisy-online)=0.7539 | lr=0.07409
[Epoch 035/100] loss=0.8460 | train_acc(noisy-online)=0.7557 | lr=0.07270
[Epoch 036/100] loss=0.8239 | train_acc(noisy-online)=0.7614 | lr=0.07129
[Epoch 037/100] loss=0.8088 | train_acc(noisy-online)=0.7647 | lr=0.06986
[Epoch 038/100] loss=0.7942 | train_acc(noisy-online)=0.7689 | lr=0.06841
[Epoch 039/100] loss=0.7734 | train_acc(noisy-online)=0.7733 | lr=0.06694
[Epoch 040/100] loss=0.7570 | train_acc(noisy-online)=0.7728 | lr=0.06545
[Epoch 041/100] loss=0.7349 | train_acc(noisy-online)=0.7800 | lr=0.06395
[Epoch 042/100] loss=0.7162 | train_acc(noisy-online)=0.7857 | lr=0.06243
[Epoch 043/100] loss=0.6946 | train_acc(noisy-online)=0.7906 | lr=0.06091
[Epoch 044/100] loss=0.6752 | train_acc(noisy-online)=0.7948 | lr=0.05937
[Epoch 045/100] loss=0.6539 | train_acc(noisy-online)=0.7993 | lr=0.05782
[Epoch 046/100] loss=0.6328 | train_acc(noisy-online)=0.8055 | lr=0.05627
[Epoch 047/100] loss=0.6116 | train_acc(noisy-online)=0.8101 | lr=0.05471
[Epoch 048/100] loss=0.5874 | train_acc(noisy-online)=0.8182 | lr=0.05314
[Epoch 049/100] loss=0.5603 | train_acc(noisy-online)=0.8238 | lr=0.05157
[Epoch 050/100] loss=0.5442 | train_acc(noisy-online)=0.8297 | lr=0.05000
[Epoch 051/100] loss=0.5219 | train_acc(noisy-online)=0.8363 | lr=0.04843
[Epoch 052/100] loss=0.4905 | train_acc(noisy-online)=0.8444 | lr=0.04686
[Epoch 053/100] loss=0.4642 | train_acc(noisy-online)=0.8522 | lr=0.04529
[Epoch 054/100] loss=0.4442 | train_acc(noisy-online)=0.8577 | lr=0.04373
[Epoch 055/100] loss=0.4193 | train_acc(noisy-online)=0.8641 | lr=0.04218
[Epoch 056/100] loss=0.3935 | train_acc(noisy-online)=0.8725 | lr=0.04063
[Epoch 057/100] loss=0.3810 | train_acc(noisy-online)=0.8771 | lr=0.03909
[Epoch 058/100] loss=0.3634 | train_acc(noisy-online)=0.8809 | lr=0.03757
[Epoch 059/100] loss=0.3310 | train_acc(noisy-online)=0.8919 | lr=0.03605
[Epoch 060/100] loss=0.2958 | train_acc(noisy-online)=0.9034 | lr=0.03455
[Epoch 061/100] loss=0.2809 | train_acc(noisy-online)=0.9063 | lr=0.03306
[Epoch 062/100] loss=0.2634 | train_acc(noisy-online)=0.9126 | lr=0.03159
[Epoch 063/100] loss=0.2281 | train_acc(noisy-online)=0.9249 | lr=0.03014
[Epoch 064/100] loss=0.2146 | train_acc(noisy-online)=0.9303 | lr=0.02871
[Epoch 065/100] loss=0.1925 | train_acc(noisy-online)=0.9365 | lr=0.02730
[Epoch 066/100] loss=0.1736 | train_acc(noisy-online)=0.9430 | lr=0.02591
[Epoch 067/100] loss=0.1557 | train_acc(noisy-online)=0.9496 | lr=0.02455
[Epoch 068/100] loss=0.1197 | train_acc(noisy-online)=0.9623 | lr=0.02321
[Epoch 069/100] loss=0.0930 | train_acc(noisy-online)=0.9714 | lr=0.02190
[Epoch 070/100] loss=0.0783 | train_acc(noisy-online)=0.9759 | lr=0.02061
[Epoch 071/100] loss=0.0556 | train_acc(noisy-online)=0.9843 | lr=0.01935
[Epoch 072/100] loss=0.0283 | train_acc(noisy-online)=0.9940 | lr=0.01813
[Epoch 073/100] loss=0.0102 | train_acc(noisy-online)=0.9990 | lr=0.01693
[Epoch 074/100] loss=0.0053 | train_acc(noisy-online)=0.9997 | lr=0.01577
[Epoch 075/100] loss=0.0035 | train_acc(noisy-online)=1.0000 | lr=0.01464
[Epoch 076/100] loss=0.0028 | train_acc(noisy-online)=1.0000 | lr=0.01355
[Epoch 077/100] loss=0.0026 | train_acc(noisy-online)=1.0000 | lr=0.01249
[Epoch 078/100] loss=0.0029 | train_acc(noisy-online)=1.0000 | lr=0.01147
[Epoch 079/100] loss=0.0029 | train_acc(noisy-online)=1.0000 | lr=0.01049
[Epoch 080/100] loss=0.0030 | train_acc(noisy-online)=1.0000 | lr=0.00955
[Epoch 081/100] loss=0.0032 | train_acc(noisy-online)=1.0000 | lr=0.00865
[Epoch 082/100] loss=0.0032 | train_acc(noisy-online)=1.0000 | lr=0.00778
[Epoch 083/100] loss=0.0033 | train_acc(noisy-online)=1.0000 | lr=0.00696
[Epoch 084/100] loss=0.0033 | train_acc(noisy-online)=1.0000 | lr=0.00618
[Epoch 085/100] loss=0.0034 | train_acc(noisy-online)=1.0000 | lr=0.00545
[Epoch 086/100] loss=0.0035 | train_acc(noisy-online)=1.0000 | lr=0.00476
[Epoch 087/100] loss=0.0035 | train_acc(noisy-online)=1.0000 | lr=0.00411
[Epoch 088/100] loss=0.0035 | train_acc(noisy-online)=1.0000 | lr=0.00351
[Epoch 089/100] loss=0.0035 | train_acc(noisy-online)=1.0000 | lr=0.00296
[Epoch 090/100] loss=0.0035 | train_acc(noisy-online)=1.0000 | lr=0.00245
[Epoch 091/100] loss=0.0035 | train_acc(noisy-online)=1.0000 | lr=0.00199
[Epoch 092/100] loss=0.0035 | train_acc(noisy-online)=1.0000 | lr=0.00157
[Epoch 093/100] loss=0.0035 | train_acc(noisy-online)=1.0000 | lr=0.00120
[Epoch 094/100] loss=0.0035 | train_acc(noisy-online)=1.0000 | lr=0.00089
[Epoch 095/100] loss=0.0035 | train_acc(noisy-online)=1.0000 | lr=0.00062
[Epoch 096/100] loss=0.0035 | train_acc(noisy-online)=1.0000 | lr=0.00039
[Epoch 097/100] loss=0.0036 | train_acc(noisy-online)=1.0000 | lr=0.00022
[Epoch 098/100] loss=0.0035 | train_acc(noisy-online)=1.0000 | lr=0.00010
[Epoch 099/100] loss=0.0036 | train_acc(noisy-online)=1.0000 | lr=0.00002
[Epoch 100/100] loss=0.0035 | train_acc(noisy-online)=1.0000 | lr=0.00000
[alpha=0.200] train_acc=1.0000 | test_acc=0.7224 | overfit_rate=0.2776
    pruning_ratio=0.000 | train_acc_pruned=1.0000 | retained_train_acc=1.0000
    pruning_ratio=0.100 | train_acc_pruned=1.0000 | retained_train_acc=1.0000
    pruning_ratio=0.200 | train_acc_pruned=1.0000 | retained_train_acc=1.0000
    pruning_ratio=0.300 | train_acc_pruned=1.0000 | retained_train_acc=1.0000
    pruning_ratio=0.400 | train_acc_pruned=1.0000 | retained_train_acc=1.0000
    pruning_ratio=0.500 | train_acc_pruned=0.9990 | retained_train_acc=0.9990
    pruning_ratio=0.600 | train_acc_pruned=0.9171 | retained_train_acc=0.9171
    pruning_ratio=0.700 | train_acc_pruned=0.5880 | retained_train_acc=0.5880
    pruning_ratio=0.750 | train_acc_pruned=0.3945 | retained_train_acc=0.3945
    pruning_ratio=0.800 | train_acc_pruned=0.1099 | retained_train_acc=0.1099
    pruning_ratio=0.850 | train_acc_pruned=0.1000 | retained_train_acc=0.1000
    pruning_ratio=0.900 | train_acc_pruned=0.1043 | retained_train_acc=0.1043
    pruning_ratio=0.950 | train_acc_pruned=0.1012 | retained_train_acc=0.1012
    pruning_ratio=0.980 | train_acc_pruned=0.1000 | retained_train_acc=0.1000
    pruning_ratio=0.990 | train_acc_pruned=0.1000 | retained_train_acc=0.1000

====================================================================================================
Training model for label-noise alpha = 0.400
====================================================================================================
[Epoch 001/100] loss=2.0897 | train_acc(noisy-online)=0.2826 | lr=0.09998
[Epoch 002/100] loss=1.9359 | train_acc(noisy-online)=0.3777 | lr=0.09990
[Epoch 003/100] loss=1.8634 | train_acc(noisy-online)=0.4227 | lr=0.09978
[Epoch 004/100] loss=1.8183 | train_acc(noisy-online)=0.4456 | lr=0.09961
[Epoch 005/100] loss=1.7851 | train_acc(noisy-online)=0.4627 | lr=0.09938
[Epoch 006/100] loss=1.7563 | train_acc(noisy-online)=0.4774 | lr=0.09911
[Epoch 007/100] loss=1.7345 | train_acc(noisy-online)=0.4891 | lr=0.09880
[Epoch 008/100] loss=1.7189 | train_acc(noisy-online)=0.4954 | lr=0.09843
[Epoch 009/100] loss=1.7049 | train_acc(noisy-online)=0.5015 | lr=0.09801
[Epoch 010/100] loss=1.6880 | train_acc(noisy-online)=0.5085 | lr=0.09755
[Epoch 011/100] loss=1.6752 | train_acc(noisy-online)=0.5121 | lr=0.09704
[Epoch 012/100] loss=1.6612 | train_acc(noisy-online)=0.5177 | lr=0.09649
[Epoch 013/100] loss=1.6502 | train_acc(noisy-online)=0.5213 | lr=0.09589
[Epoch 014/100] loss=1.6365 | train_acc(noisy-online)=0.5246 | lr=0.09524
[Epoch 015/100] loss=1.6250 | train_acc(noisy-online)=0.5288 | lr=0.09455
[Epoch 016/100] loss=1.6124 | train_acc(noisy-online)=0.5297 | lr=0.09382
[Epoch 017/100] loss=1.6026 | train_acc(noisy-online)=0.5324 | lr=0.09304
[Epoch 018/100] loss=1.5880 | train_acc(noisy-online)=0.5381 | lr=0.09222
[Epoch 019/100] loss=1.5744 | train_acc(noisy-online)=0.5422 | lr=0.09135
[Epoch 020/100] loss=1.5613 | train_acc(noisy-online)=0.5437 | lr=0.09045
[Epoch 021/100] loss=1.5449 | train_acc(noisy-online)=0.5473 | lr=0.08951
[Epoch 022/100] loss=1.5327 | train_acc(noisy-online)=0.5515 | lr=0.08853
[Epoch 023/100] loss=1.5179 | train_acc(noisy-online)=0.5556 | lr=0.08751
[Epoch 024/100] loss=1.5048 | train_acc(noisy-online)=0.5548 | lr=0.08645
[Epoch 025/100] loss=1.4877 | train_acc(noisy-online)=0.5620 | lr=0.08536
[Epoch 026/100] loss=1.4724 | train_acc(noisy-online)=0.5647 | lr=0.08423
[Epoch 027/100] loss=1.4560 | train_acc(noisy-online)=0.5693 | lr=0.08307
[Epoch 028/100] loss=1.4363 | train_acc(noisy-online)=0.5717 | lr=0.08187
[Epoch 029/100] loss=1.4185 | train_acc(noisy-online)=0.5752 | lr=0.08065
[Epoch 030/100] loss=1.4011 | train_acc(noisy-online)=0.5813 | lr=0.07939
[Epoch 031/100] loss=1.3840 | train_acc(noisy-online)=0.5848 | lr=0.07810
[Epoch 032/100] loss=1.3624 | train_acc(noisy-online)=0.5886 | lr=0.07679
[Epoch 033/100] loss=1.3460 | train_acc(noisy-online)=0.5909 | lr=0.07545
[Epoch 034/100] loss=1.3215 | train_acc(noisy-online)=0.6013 | lr=0.07409
[Epoch 035/100] loss=1.3042 | train_acc(noisy-online)=0.6004 | lr=0.07270
[Epoch 036/100] loss=1.2768 | train_acc(noisy-online)=0.6109 | lr=0.07129
[Epoch 037/100] loss=1.2530 | train_acc(noisy-online)=0.6175 | lr=0.06986
[Epoch 038/100] loss=1.2317 | train_acc(noisy-online)=0.6228 | lr=0.06841
[Epoch 039/100] loss=1.2021 | train_acc(noisy-online)=0.6301 | lr=0.06694
[Epoch 040/100] loss=1.1818 | train_acc(noisy-online)=0.6340 | lr=0.06545
[Epoch 041/100] loss=1.1507 | train_acc(noisy-online)=0.6440 | lr=0.06395
[Epoch 042/100] loss=1.1302 | train_acc(noisy-online)=0.6491 | lr=0.06243
[Epoch 043/100] loss=1.0993 | train_acc(noisy-online)=0.6573 | lr=0.06091
[Epoch 044/100] loss=1.0647 | train_acc(noisy-online)=0.6652 | lr=0.05937
[Epoch 045/100] loss=1.0343 | train_acc(noisy-online)=0.6740 | lr=0.05782
[Epoch 046/100] loss=0.9988 | train_acc(noisy-online)=0.6836 | lr=0.05627
[Epoch 047/100] loss=0.9763 | train_acc(noisy-online)=0.6886 | lr=0.05471
[Epoch 048/100] loss=0.9335 | train_acc(noisy-online)=0.7028 | lr=0.05314
[Epoch 049/100] loss=0.9071 | train_acc(noisy-online)=0.7098 | lr=0.05157
[Epoch 050/100] loss=0.8724 | train_acc(noisy-online)=0.7197 | lr=0.05000
[Epoch 051/100] loss=0.8372 | train_acc(noisy-online)=0.7312 | lr=0.04843
[Epoch 052/100] loss=0.8010 | train_acc(noisy-online)=0.7418 | lr=0.04686
[Epoch 053/100] loss=0.7655 | train_acc(noisy-online)=0.7518 | lr=0.04529
[Epoch 054/100] loss=0.7266 | train_acc(noisy-online)=0.7651 | lr=0.04373
[Epoch 055/100] loss=0.6892 | train_acc(noisy-online)=0.7746 | lr=0.04218
[Epoch 056/100] loss=0.6519 | train_acc(noisy-online)=0.7876 | lr=0.04063
[Epoch 057/100] loss=0.6180 | train_acc(noisy-online)=0.7974 | lr=0.03909
[Epoch 058/100] loss=0.5857 | train_acc(noisy-online)=0.8053 | lr=0.03757
[Epoch 059/100] loss=0.5465 | train_acc(noisy-online)=0.8197 | lr=0.03605
[Epoch 060/100] loss=0.5143 | train_acc(noisy-online)=0.8304 | lr=0.03455
[Epoch 061/100] loss=0.4735 | train_acc(noisy-online)=0.8412 | lr=0.03306
[Epoch 062/100] loss=0.4448 | train_acc(noisy-online)=0.8521 | lr=0.03159
[Epoch 063/100] loss=0.4111 | train_acc(noisy-online)=0.8632 | lr=0.03014
[Epoch 064/100] loss=0.3697 | train_acc(noisy-online)=0.8773 | lr=0.02871
[Epoch 065/100] loss=0.3391 | train_acc(noisy-online)=0.8889 | lr=0.02730
[Epoch 066/100] loss=0.3095 | train_acc(noisy-online)=0.8977 | lr=0.02591
[Epoch 067/100] loss=0.2653 | train_acc(noisy-online)=0.9134 | lr=0.02455
[Epoch 068/100] loss=0.2312 | train_acc(noisy-online)=0.9236 | lr=0.02321
[Epoch 069/100] loss=0.2206 | train_acc(noisy-online)=0.9273 | lr=0.02190
[Epoch 070/100] loss=0.1946 | train_acc(noisy-online)=0.9367 | lr=0.02061
[Epoch 071/100] loss=0.1358 | train_acc(noisy-online)=0.9579 | lr=0.01935
[Epoch 072/100] loss=0.0954 | train_acc(noisy-online)=0.9709 | lr=0.01813
[Epoch 073/100] loss=0.0596 | train_acc(noisy-online)=0.9843 | lr=0.01693
[Epoch 074/100] loss=0.0263 | train_acc(noisy-online)=0.9952 | lr=0.01577
[Epoch 075/100] loss=0.0096 | train_acc(noisy-online)=0.9993 | lr=0.01464
[Epoch 076/100] loss=0.0049 | train_acc(noisy-online)=0.9999 | lr=0.01355
[Epoch 077/100] loss=0.0031 | train_acc(noisy-online)=1.0000 | lr=0.01249
[Epoch 078/100] loss=0.0028 | train_acc(noisy-online)=1.0000 | lr=0.01147
[Epoch 079/100] loss=0.0029 | train_acc(noisy-online)=1.0000 | lr=0.01049
[Epoch 080/100] loss=0.0029 | train_acc(noisy-online)=1.0000 | lr=0.00955
[Epoch 081/100] loss=0.0030 | train_acc(noisy-online)=1.0000 | lr=0.00865
[Epoch 082/100] loss=0.0031 | train_acc(noisy-online)=1.0000 | lr=0.00778
[Epoch 083/100] loss=0.0031 | train_acc(noisy-online)=1.0000 | lr=0.00696
[Epoch 084/100] loss=0.0033 | train_acc(noisy-online)=1.0000 | lr=0.00618
[Epoch 085/100] loss=0.0034 | train_acc(noisy-online)=1.0000 | lr=0.00545
[Epoch 086/100] loss=0.0034 | train_acc(noisy-online)=1.0000 | lr=0.00476
[Epoch 087/100] loss=0.0034 | train_acc(noisy-online)=1.0000 | lr=0.00411
[Epoch 088/100] loss=0.0034 | train_acc(noisy-online)=1.0000 | lr=0.00351
[Epoch 089/100] loss=0.0035 | train_acc(noisy-online)=1.0000 | lr=0.00296
[Epoch 090/100] loss=0.0035 | train_acc(noisy-online)=1.0000 | lr=0.00245
[Epoch 091/100] loss=0.0035 | train_acc(noisy-online)=1.0000 | lr=0.00199
[Epoch 092/100] loss=0.0036 | train_acc(noisy-online)=1.0000 | lr=0.00157
[Epoch 093/100] loss=0.0036 | train_acc(noisy-online)=1.0000 | lr=0.00120
[Epoch 094/100] loss=0.0035 | train_acc(noisy-online)=1.0000 | lr=0.00089
[Epoch 095/100] loss=0.0036 | train_acc(noisy-online)=1.0000 | lr=0.00062
[Epoch 096/100] loss=0.0036 | train_acc(noisy-online)=1.0000 | lr=0.00039
[Epoch 097/100] loss=0.0035 | train_acc(noisy-online)=1.0000 | lr=0.00022
[Epoch 098/100] loss=0.0035 | train_acc(noisy-online)=1.0000 | lr=0.00010
[Epoch 099/100] loss=0.0036 | train_acc(noisy-online)=1.0000 | lr=0.00002
[Epoch 100/100] loss=0.0036 | train_acc(noisy-online)=1.0000 | lr=0.00000
[alpha=0.400] train_acc=1.0000 | test_acc=0.5436 | overfit_rate=0.4564
    pruning_ratio=0.000 | train_acc_pruned=1.0000 | retained_train_acc=1.0000
    pruning_ratio=0.100 | train_acc_pruned=1.0000 | retained_train_acc=1.0000
    pruning_ratio=0.200 | train_acc_pruned=1.0000 | retained_train_acc=1.0000
    pruning_ratio=0.300 | train_acc_pruned=1.0000 | retained_train_acc=1.0000
    pruning_ratio=0.400 | train_acc_pruned=1.0000 | retained_train_acc=1.0000
    pruning_ratio=0.500 | train_acc_pruned=0.9974 | retained_train_acc=0.9974
    pruning_ratio=0.600 | train_acc_pruned=0.9058 | retained_train_acc=0.9058
    pruning_ratio=0.700 | train_acc_pruned=0.5153 | retained_train_acc=0.5153
    pruning_ratio=0.750 | train_acc_pruned=0.3279 | retained_train_acc=0.3279
    pruning_ratio=0.800 | train_acc_pruned=0.3055 | retained_train_acc=0.3055
    pruning_ratio=0.850 | train_acc_pruned=0.1579 | retained_train_acc=0.1579
    pruning_ratio=0.900 | train_acc_pruned=0.1027 | retained_train_acc=0.1027
    pruning_ratio=0.950 | train_acc_pruned=0.1000 | retained_train_acc=0.1000
    pruning_ratio=0.980 | train_acc_pruned=0.1000 | retained_train_acc=0.1000
    pruning_ratio=0.990 | train_acc_pruned=0.1000 | retained_train_acc=0.1000

====================================================================================================
Training model for label-noise alpha = 0.600
====================================================================================================
[Epoch 001/100] loss=2.2553 | train_acc(noisy-online)=0.1833 | lr=0.09998
[Epoch 002/100] loss=2.1933 | train_acc(noisy-online)=0.2290 | lr=0.09990
[Epoch 003/100] loss=2.1616 | train_acc(noisy-online)=0.2580 | lr=0.09978
[Epoch 004/100] loss=2.1340 | train_acc(noisy-online)=0.2802 | lr=0.09961
[Epoch 005/100] loss=2.1143 | train_acc(noisy-online)=0.2950 | lr=0.09938
[Epoch 006/100] loss=2.0950 | train_acc(noisy-online)=0.3092 | lr=0.09911
[Epoch 007/100] loss=2.0802 | train_acc(noisy-online)=0.3185 | lr=0.09880
[Epoch 008/100] loss=2.0713 | train_acc(noisy-online)=0.3238 | lr=0.09843
[Epoch 009/100] loss=2.0597 | train_acc(noisy-online)=0.3318 | lr=0.09801
[Epoch 010/100] loss=2.0508 | train_acc(noisy-online)=0.3350 | lr=0.09755
[Epoch 011/100] loss=2.0417 | train_acc(noisy-online)=0.3400 | lr=0.09704
[Epoch 012/100] loss=2.0315 | train_acc(noisy-online)=0.3467 | lr=0.09649
[Epoch 013/100] loss=2.0234 | train_acc(noisy-online)=0.3490 | lr=0.09589
[Epoch 014/100] loss=2.0133 | train_acc(noisy-online)=0.3538 | lr=0.09524
[Epoch 015/100] loss=2.0033 | train_acc(noisy-online)=0.3584 | lr=0.09455
[Epoch 016/100] loss=1.9924 | train_acc(noisy-online)=0.3614 | lr=0.09382
[Epoch 017/100] loss=1.9842 | train_acc(noisy-online)=0.3657 | lr=0.09304
[Epoch 018/100] loss=1.9748 | train_acc(noisy-online)=0.3675 | lr=0.09222
[Epoch 019/100] loss=1.9619 | train_acc(noisy-online)=0.3702 | lr=0.09135
[Epoch 020/100] loss=1.9491 | train_acc(noisy-online)=0.3766 | lr=0.09045
[Epoch 021/100] loss=1.9373 | train_acc(noisy-online)=0.3806 | lr=0.08951
[Epoch 022/100] loss=1.9212 | train_acc(noisy-online)=0.3839 | lr=0.08853
[Epoch 023/100] loss=1.9097 | train_acc(noisy-online)=0.3876 | lr=0.08751
[Epoch 024/100] loss=1.8953 | train_acc(noisy-online)=0.3898 | lr=0.08645
[Epoch 025/100] loss=1.8784 | train_acc(noisy-online)=0.3983 | lr=0.08536
[Epoch 026/100] loss=1.8604 | train_acc(noisy-online)=0.4018 | lr=0.08423
[Epoch 027/100] loss=1.8421 | train_acc(noisy-online)=0.4070 | lr=0.08307
[Epoch 028/100] loss=1.8224 | train_acc(noisy-online)=0.4131 | lr=0.08187
[Epoch 029/100] loss=1.8038 | train_acc(noisy-online)=0.4195 | lr=0.08065
[Epoch 030/100] loss=1.7838 | train_acc(noisy-online)=0.4254 | lr=0.07939
[Epoch 031/100] loss=1.7613 | train_acc(noisy-online)=0.4340 | lr=0.07810
[Epoch 032/100] loss=1.7390 | train_acc(noisy-online)=0.4419 | lr=0.07679
[Epoch 033/100] loss=1.7102 | train_acc(noisy-online)=0.4484 | lr=0.07545
[Epoch 034/100] loss=1.6845 | train_acc(noisy-online)=0.4561 | lr=0.07409
[Epoch 035/100] loss=1.6518 | train_acc(noisy-online)=0.4697 | lr=0.07270
[Epoch 036/100] loss=1.6243 | train_acc(noisy-online)=0.4761 | lr=0.07129
[Epoch 037/100] loss=1.5989 | train_acc(noisy-online)=0.4822 | lr=0.06986
[Epoch 038/100] loss=1.5666 | train_acc(noisy-online)=0.4940 | lr=0.06841
[Epoch 039/100] loss=1.5320 | train_acc(noisy-online)=0.5041 | lr=0.06694
[Epoch 040/100] loss=1.4977 | train_acc(noisy-online)=0.5121 | lr=0.06545
[Epoch 041/100] loss=1.4592 | train_acc(noisy-online)=0.5257 | lr=0.06395
[Epoch 042/100] loss=1.4197 | train_acc(noisy-online)=0.5390 | lr=0.06243
[Epoch 043/100] loss=1.3848 | train_acc(noisy-online)=0.5485 | lr=0.06091
[Epoch 044/100] loss=1.3465 | train_acc(noisy-online)=0.5606 | lr=0.05937
[Epoch 045/100] loss=1.3030 | train_acc(noisy-online)=0.5745 | lr=0.05782
[Epoch 046/100] loss=1.2693 | train_acc(noisy-online)=0.5839 | lr=0.05627
[Epoch 047/100] loss=1.2261 | train_acc(noisy-online)=0.5989 | lr=0.05471
[Epoch 048/100] loss=1.1801 | train_acc(noisy-online)=0.6131 | lr=0.05314
[Epoch 049/100] loss=1.1315 | train_acc(noisy-online)=0.6273 | lr=0.05157
[Epoch 050/100] loss=1.0918 | train_acc(noisy-online)=0.6423 | lr=0.05000
[Epoch 051/100] loss=1.0459 | train_acc(noisy-online)=0.6537 | lr=0.04843
[Epoch 052/100] loss=1.0087 | train_acc(noisy-online)=0.6662 | lr=0.04686
[Epoch 053/100] loss=0.9485 | train_acc(noisy-online)=0.6851 | lr=0.04529
[Epoch 054/100] loss=0.9148 | train_acc(noisy-online)=0.6970 | lr=0.04373
[Epoch 055/100] loss=0.8644 | train_acc(noisy-online)=0.7125 | lr=0.04218
[Epoch 056/100] loss=0.8134 | train_acc(noisy-online)=0.7303 | lr=0.04063
[Epoch 057/100] loss=0.7757 | train_acc(noisy-online)=0.7432 | lr=0.03909
[Epoch 058/100] loss=0.7351 | train_acc(noisy-online)=0.7548 | lr=0.03757
[Epoch 059/100] loss=0.6766 | train_acc(noisy-online)=0.7742 | lr=0.03605
[Epoch 060/100] loss=0.6460 | train_acc(noisy-online)=0.7840 | lr=0.03455
[Epoch 061/100] loss=0.6014 | train_acc(noisy-online)=0.7994 | lr=0.03306
[Epoch 062/100] loss=0.5555 | train_acc(noisy-online)=0.8141 | lr=0.03159
[Epoch 063/100] loss=0.5033 | train_acc(noisy-online)=0.8322 | lr=0.03014
[Epoch 064/100] loss=0.4666 | train_acc(noisy-online)=0.8454 | lr=0.02871
[Epoch 065/100] loss=0.4228 | train_acc(noisy-online)=0.8589 | lr=0.02730
[Epoch 066/100] loss=0.3958 | train_acc(noisy-online)=0.8680 | lr=0.02591
[Epoch 067/100] loss=0.3593 | train_acc(noisy-online)=0.8799 | lr=0.02455
[Epoch 068/100] loss=0.3073 | train_acc(noisy-online)=0.8981 | lr=0.02321
[Epoch 069/100] loss=0.2771 | train_acc(noisy-online)=0.9095 | lr=0.02190
[Epoch 070/100] loss=0.2345 | train_acc(noisy-online)=0.9237 | lr=0.02061
[Epoch 071/100] loss=0.1916 | train_acc(noisy-online)=0.9376 | lr=0.01935
[Epoch 072/100] loss=0.1617 | train_acc(noisy-online)=0.9493 | lr=0.01813
[Epoch 073/100] loss=0.1109 | train_acc(noisy-online)=0.9668 | lr=0.01693
[Epoch 074/100] loss=0.0767 | train_acc(noisy-online)=0.9791 | lr=0.01577
[Epoch 075/100] loss=0.0410 | train_acc(noisy-online)=0.9903 | lr=0.01464
[Epoch 076/100] loss=0.0182 | train_acc(noisy-online)=0.9976 | lr=0.01355
[Epoch 077/100] loss=0.0079 | train_acc(noisy-online)=0.9995 | lr=0.01249
[Epoch 078/100] loss=0.0043 | train_acc(noisy-online)=0.9999 | lr=0.01147
[Epoch 079/100] loss=0.0033 | train_acc(noisy-online)=1.0000 | lr=0.01049
[Epoch 080/100] loss=0.0031 | train_acc(noisy-online)=1.0000 | lr=0.00955
[Epoch 081/100] loss=0.0030 | train_acc(noisy-online)=1.0000 | lr=0.00865
[Epoch 082/100] loss=0.0031 | train_acc(noisy-online)=1.0000 | lr=0.00778
[Epoch 083/100] loss=0.0031 | train_acc(noisy-online)=1.0000 | lr=0.00696
[Epoch 084/100] loss=0.0033 | train_acc(noisy-online)=1.0000 | lr=0.00618
[Epoch 085/100] loss=0.0033 | train_acc(noisy-online)=1.0000 | lr=0.00545
[Epoch 086/100] loss=0.0034 | train_acc(noisy-online)=1.0000 | lr=0.00476
[Epoch 087/100] loss=0.0033 | train_acc(noisy-online)=1.0000 | lr=0.00411
[Epoch 088/100] loss=0.0035 | train_acc(noisy-online)=1.0000 | lr=0.00351
[Epoch 089/100] loss=0.0035 | train_acc(noisy-online)=1.0000 | lr=0.00296
[Epoch 090/100] loss=0.0035 | train_acc(noisy-online)=1.0000 | lr=0.00245
[Epoch 091/100] loss=0.0035 | train_acc(noisy-online)=1.0000 | lr=0.00199
[Epoch 092/100] loss=0.0035 | train_acc(noisy-online)=1.0000 | lr=0.00157
[Epoch 093/100] loss=0.0036 | train_acc(noisy-online)=1.0000 | lr=0.00120
[Epoch 094/100] loss=0.0035 | train_acc(noisy-online)=1.0000 | lr=0.00089
[Epoch 095/100] loss=0.0036 | train_acc(noisy-online)=1.0000 | lr=0.00062
[Epoch 096/100] loss=0.0035 | train_acc(noisy-online)=1.0000 | lr=0.00039
[Epoch 097/100] loss=0.0036 | train_acc(noisy-online)=1.0000 | lr=0.00022
[Epoch 098/100] loss=0.0035 | train_acc(noisy-online)=1.0000 | lr=0.00010
[Epoch 099/100] loss=0.0036 | train_acc(noisy-online)=1.0000 | lr=0.00002
[Epoch 100/100] loss=0.0036 | train_acc(noisy-online)=1.0000 | lr=0.00000
[alpha=0.600] train_acc=1.0000 | test_acc=0.3670 | overfit_rate=0.6330
    pruning_ratio=0.000 | train_acc_pruned=1.0000 | retained_train_acc=1.0000
    pruning_ratio=0.100 | train_acc_pruned=1.0000 | retained_train_acc=1.0000
    pruning_ratio=0.200 | train_acc_pruned=1.0000 | retained_train_acc=1.0000
    pruning_ratio=0.300 | train_acc_pruned=1.0000 | retained_train_acc=1.0000
    pruning_ratio=0.400 | train_acc_pruned=1.0000 | retained_train_acc=1.0000
    pruning_ratio=0.500 | train_acc_pruned=0.9577 | retained_train_acc=0.9577
    pruning_ratio=0.600 | train_acc_pruned=0.7916 | retained_train_acc=0.7916
    pruning_ratio=0.700 | train_acc_pruned=0.5443 | retained_train_acc=0.5443
    pruning_ratio=0.750 | train_acc_pruned=0.3936 | retained_train_acc=0.3936
    pruning_ratio=0.800 | train_acc_pruned=0.2413 | retained_train_acc=0.2413
    pruning_ratio=0.850 | train_acc_pruned=0.1664 | retained_train_acc=0.1664
    pruning_ratio=0.900 | train_acc_pruned=0.1259 | retained_train_acc=0.1259
    pruning_ratio=0.950 | train_acc_pruned=0.0994 | retained_train_acc=0.0994
    pruning_ratio=0.980 | train_acc_pruned=0.0962 | retained_train_acc=0.0962
    pruning_ratio=0.990 | train_acc_pruned=0.1000 | retained_train_acc=0.1000

====================================================================================================
Training model for label-noise alpha = 0.800
====================================================================================================
[Epoch 001/100] loss=2.3207 | train_acc(noisy-online)=0.1269 | lr=0.09998
[Epoch 002/100] loss=2.2895 | train_acc(noisy-online)=0.1418 | lr=0.09990
[Epoch 003/100] loss=2.2813 | train_acc(noisy-online)=0.1505 | lr=0.09978
[Epoch 004/100] loss=2.2766 | train_acc(noisy-online)=0.1591 | lr=0.09961
[Epoch 005/100] loss=2.2735 | train_acc(noisy-online)=0.1620 | lr=0.09938
[Epoch 006/100] loss=2.2705 | train_acc(noisy-online)=0.1663 | lr=0.09911
[Epoch 007/100] loss=2.2675 | train_acc(noisy-online)=0.1703 | lr=0.09880
[Epoch 008/100] loss=2.2635 | train_acc(noisy-online)=0.1730 | lr=0.09843
[Epoch 009/100] loss=2.2613 | train_acc(noisy-online)=0.1763 | lr=0.09801
[Epoch 010/100] loss=2.2577 | train_acc(noisy-online)=0.1825 | lr=0.09755
[Epoch 011/100] loss=2.2555 | train_acc(noisy-online)=0.1858 | lr=0.09704
[Epoch 012/100] loss=2.2517 | train_acc(noisy-online)=0.1891 | lr=0.09649
[Epoch 013/100] loss=2.2497 | train_acc(noisy-online)=0.1895 | lr=0.09589
[Epoch 014/100] loss=2.2459 | train_acc(noisy-online)=0.1937 | lr=0.09524
[Epoch 015/100] loss=2.2431 | train_acc(noisy-online)=0.1965 | lr=0.09455
[Epoch 016/100] loss=2.2404 | train_acc(noisy-online)=0.1975 | lr=0.09382
[Epoch 017/100] loss=2.2352 | train_acc(noisy-online)=0.2017 | lr=0.09304
[Epoch 018/100] loss=2.2321 | train_acc(noisy-online)=0.2043 | lr=0.09222
[Epoch 019/100] loss=2.2276 | train_acc(noisy-online)=0.2053 | lr=0.09135
[Epoch 020/100] loss=2.2218 | train_acc(noisy-online)=0.2115 | lr=0.09045
[Epoch 021/100] loss=2.2172 | train_acc(noisy-online)=0.2137 | lr=0.08951
[Epoch 022/100] loss=2.2108 | train_acc(noisy-online)=0.2162 | lr=0.08853
[Epoch 023/100] loss=2.2049 | train_acc(noisy-online)=0.2180 | lr=0.08751
[Epoch 024/100] loss=2.1965 | train_acc(noisy-online)=0.2253 | lr=0.08645
[Epoch 025/100] loss=2.1878 | train_acc(noisy-online)=0.2287 | lr=0.08536
[Epoch 026/100] loss=2.1766 | train_acc(noisy-online)=0.2346 | lr=0.08423
[Epoch 027/100] loss=2.1654 | train_acc(noisy-online)=0.2384 | lr=0.08307
[Epoch 028/100] loss=2.1529 | train_acc(noisy-online)=0.2452 | lr=0.08187
[Epoch 029/100] loss=2.1380 | train_acc(noisy-online)=0.2529 | lr=0.08065
[Epoch 030/100] loss=2.1225 | train_acc(noisy-online)=0.2597 | lr=0.07939
[Epoch 031/100] loss=2.1027 | train_acc(noisy-online)=0.2697 | lr=0.07810
[Epoch 032/100] loss=2.0830 | train_acc(noisy-online)=0.2780 | lr=0.07679
[Epoch 033/100] loss=2.0638 | train_acc(noisy-online)=0.2865 | lr=0.07545
[Epoch 034/100] loss=2.0359 | train_acc(noisy-online)=0.2987 | lr=0.07409
[Epoch 035/100] loss=2.0076 | train_acc(noisy-online)=0.3075 | lr=0.07270
[Epoch 036/100] loss=1.9802 | train_acc(noisy-online)=0.3202 | lr=0.07129
[Epoch 037/100] loss=1.9483 | train_acc(noisy-online)=0.3343 | lr=0.06986
[Epoch 038/100] loss=1.9169 | train_acc(noisy-online)=0.3441 | lr=0.06841
[Epoch 039/100] loss=1.8782 | train_acc(noisy-online)=0.3593 | lr=0.06694
[Epoch 040/100] loss=1.8421 | train_acc(noisy-online)=0.3732 | lr=0.06545
[Epoch 041/100] loss=1.8005 | train_acc(noisy-online)=0.3898 | lr=0.06395
[Epoch 042/100] loss=1.7540 | train_acc(noisy-online)=0.4082 | lr=0.06243
[Epoch 043/100] loss=1.7096 | train_acc(noisy-online)=0.4221 | lr=0.06091
[Epoch 044/100] loss=1.6650 | train_acc(noisy-online)=0.4389 | lr=0.05937
[Epoch 045/100] loss=1.6041 | train_acc(noisy-online)=0.4586 | lr=0.05782
[Epoch 046/100] loss=1.5511 | train_acc(noisy-online)=0.4800 | lr=0.05627
[Epoch 047/100] loss=1.5038 | train_acc(noisy-online)=0.4935 | lr=0.05471
[Epoch 048/100] loss=1.4460 | train_acc(noisy-online)=0.5137 | lr=0.05314
[Epoch 049/100] loss=1.3963 | train_acc(noisy-online)=0.5314 | lr=0.05157
[Epoch 050/100] loss=1.3401 | train_acc(noisy-online)=0.5491 | lr=0.05000
[Epoch 051/100] loss=1.2828 | train_acc(noisy-online)=0.5687 | lr=0.04843
[Epoch 052/100] loss=1.2210 | train_acc(noisy-online)=0.5897 | lr=0.04686
[Epoch 053/100] loss=1.1711 | train_acc(noisy-online)=0.6079 | lr=0.04529
[Epoch 054/100] loss=1.1098 | train_acc(noisy-online)=0.6258 | lr=0.04373
[Epoch 055/100] loss=1.0536 | train_acc(noisy-online)=0.6454 | lr=0.04218
[Epoch 056/100] loss=1.0036 | train_acc(noisy-online)=0.6628 | lr=0.04063
[Epoch 057/100] loss=0.9466 | train_acc(noisy-online)=0.6814 | lr=0.03909
[Epoch 058/100] loss=0.8876 | train_acc(noisy-online)=0.7038 | lr=0.03757
[Epoch 059/100] loss=0.8388 | train_acc(noisy-online)=0.7182 | lr=0.03605
[Epoch 060/100] loss=0.7900 | train_acc(noisy-online)=0.7323 | lr=0.03455
[Epoch 061/100] loss=0.7339 | train_acc(noisy-online)=0.7527 | lr=0.03306
[Epoch 062/100] loss=0.6772 | train_acc(noisy-online)=0.7728 | lr=0.03159
[Epoch 063/100] loss=0.6492 | train_acc(noisy-online)=0.7809 | lr=0.03014
[Epoch 064/100] loss=0.5865 | train_acc(noisy-online)=0.8048 | lr=0.02871
[Epoch 065/100] loss=0.5251 | train_acc(noisy-online)=0.8250 | lr=0.02730
[Epoch 066/100] loss=0.4945 | train_acc(noisy-online)=0.8345 | lr=0.02591
[Epoch 067/100] loss=0.4487 | train_acc(noisy-online)=0.8504 | lr=0.02455
[Epoch 068/100] loss=0.3988 | train_acc(noisy-online)=0.8677 | lr=0.02321
[Epoch 069/100] loss=0.3548 | train_acc(noisy-online)=0.8802 | lr=0.02190
[Epoch 070/100] loss=0.3092 | train_acc(noisy-online)=0.8980 | lr=0.02061
[Epoch 071/100] loss=0.2716 | train_acc(noisy-online)=0.9109 | lr=0.01935
[Epoch 072/100] loss=0.2305 | train_acc(noisy-online)=0.9256 | lr=0.01813
[Epoch 073/100] loss=0.1734 | train_acc(noisy-online)=0.9465 | lr=0.01693
[Epoch 074/100] loss=0.1146 | train_acc(noisy-online)=0.9665 | lr=0.01577
[Epoch 075/100] loss=0.0777 | train_acc(noisy-online)=0.9796 | lr=0.01464
[Epoch 076/100] loss=0.0376 | train_acc(noisy-online)=0.9926 | lr=0.01355
[Epoch 077/100] loss=0.0138 | train_acc(noisy-online)=0.9988 | lr=0.01249
[Epoch 078/100] loss=0.0060 | train_acc(noisy-online)=0.9998 | lr=0.01147
[Epoch 079/100] loss=0.0044 | train_acc(noisy-online)=0.9999 | lr=0.01049
[Epoch 080/100] loss=0.0038 | train_acc(noisy-online)=1.0000 | lr=0.00955
[Epoch 081/100] loss=0.0037 | train_acc(noisy-online)=1.0000 | lr=0.00865
[Epoch 082/100] loss=0.0036 | train_acc(noisy-online)=1.0000 | lr=0.00778
[Epoch 083/100] loss=0.0036 | train_acc(noisy-online)=1.0000 | lr=0.00696
[Epoch 084/100] loss=0.0036 | train_acc(noisy-online)=1.0000 | lr=0.00618
[Epoch 085/100] loss=0.0036 | train_acc(noisy-online)=1.0000 | lr=0.00545
[Epoch 086/100] loss=0.0038 | train_acc(noisy-online)=1.0000 | lr=0.00476
[Epoch 087/100] loss=0.0038 | train_acc(noisy-online)=1.0000 | lr=0.00411
[Epoch 088/100] loss=0.0037 | train_acc(noisy-online)=1.0000 | lr=0.00351
[Epoch 089/100] loss=0.0038 | train_acc(noisy-online)=1.0000 | lr=0.00296
[Epoch 090/100] loss=0.0038 | train_acc(noisy-online)=1.0000 | lr=0.00245
[Epoch 091/100] loss=0.0038 | train_acc(noisy-online)=1.0000 | lr=0.00199
[Epoch 092/100] loss=0.0038 | train_acc(noisy-online)=1.0000 | lr=0.00157
[Epoch 093/100] loss=0.0038 | train_acc(noisy-online)=1.0000 | lr=0.00120
[Epoch 094/100] loss=0.0039 | train_acc(noisy-online)=1.0000 | lr=0.00089
[Epoch 095/100] loss=0.0039 | train_acc(noisy-online)=1.0000 | lr=0.00062
[Epoch 096/100] loss=0.0038 | train_acc(noisy-online)=1.0000 | lr=0.00039
[Epoch 097/100] loss=0.0039 | train_acc(noisy-online)=1.0000 | lr=0.00022
[Epoch 098/100] loss=0.0039 | train_acc(noisy-online)=1.0000 | lr=0.00010
[Epoch 099/100] loss=0.0039 | train_acc(noisy-online)=1.0000 | lr=0.00002
[Epoch 100/100] loss=0.0039 | train_acc(noisy-online)=1.0000 | lr=0.00000
[alpha=0.800] train_acc=1.0000 | test_acc=0.1989 | overfit_rate=0.8011
    pruning_ratio=0.000 | train_acc_pruned=1.0000 | retained_train_acc=1.0000
    pruning_ratio=0.100 | train_acc_pruned=1.0000 | retained_train_acc=1.0000
    pruning_ratio=0.200 | train_acc_pruned=1.0000 | retained_train_acc=1.0000
    pruning_ratio=0.300 | train_acc_pruned=1.0000 | retained_train_acc=1.0000
    pruning_ratio=0.400 | train_acc_pruned=1.0000 | retained_train_acc=1.0000
    pruning_ratio=0.500 | train_acc_pruned=0.9916 | retained_train_acc=0.9916
    pruning_ratio=0.600 | train_acc_pruned=0.8135 | retained_train_acc=0.8135
    pruning_ratio=0.700 | train_acc_pruned=0.4232 | retained_train_acc=0.4232
    pruning_ratio=0.750 | train_acc_pruned=0.2381 | retained_train_acc=0.2381
    pruning_ratio=0.800 | train_acc_pruned=0.1934 | retained_train_acc=0.1934
    pruning_ratio=0.850 | train_acc_pruned=0.1731 | retained_train_acc=0.1731
    pruning_ratio=0.900 | train_acc_pruned=0.1003 | retained_train_acc=0.1003
    pruning_ratio=0.950 | train_acc_pruned=0.1000 | retained_train_acc=0.1000
    pruning_ratio=0.980 | train_acc_pruned=0.1000 | retained_train_acc=0.1000
    pruning_ratio=0.990 | train_acc_pruned=0.1000 | retained_train_acc=0.1000

====================================================================================================
Training model for label-noise alpha = 1.000
====================================================================================================
[Epoch 001/100] loss=2.3320 | train_acc(noisy-online)=0.1005 | lr=0.09998
[Epoch 002/100] loss=2.3084 | train_acc(noisy-online)=0.1006 | lr=0.09990
[Epoch 003/100] loss=2.3045 | train_acc(noisy-online)=0.1030 | lr=0.09978
[Epoch 004/100] loss=2.3030 | train_acc(noisy-online)=0.1013 | lr=0.09961
[Epoch 005/100] loss=2.3026 | train_acc(noisy-online)=0.1039 | lr=0.09938
[Epoch 006/100] loss=2.3025 | train_acc(noisy-online)=0.1019 | lr=0.09911
[Epoch 007/100] loss=2.3025 | train_acc(noisy-online)=0.1015 | lr=0.09880
[Epoch 008/100] loss=2.3025 | train_acc(noisy-online)=0.1015 | lr=0.09843
[Epoch 009/100] loss=2.3024 | train_acc(noisy-online)=0.1034 | lr=0.09801
[Epoch 010/100] loss=2.3025 | train_acc(noisy-online)=0.1003 | lr=0.09755
[Epoch 011/100] loss=2.3024 | train_acc(noisy-online)=0.1023 | lr=0.09704
[Epoch 012/100] loss=2.3024 | train_acc(noisy-online)=0.1010 | lr=0.09649
[Epoch 013/100] loss=2.3024 | train_acc(noisy-online)=0.1025 | lr=0.09589
[Epoch 014/100] loss=2.3023 | train_acc(noisy-online)=0.1024 | lr=0.09524
[Epoch 015/100] loss=2.3025 | train_acc(noisy-online)=0.1021 | lr=0.09455
[Epoch 016/100] loss=2.3024 | train_acc(noisy-online)=0.1020 | lr=0.09382
[Epoch 017/100] loss=2.3024 | train_acc(noisy-online)=0.1020 | lr=0.09304
[Epoch 018/100] loss=2.3024 | train_acc(noisy-online)=0.1038 | lr=0.09222
[Epoch 019/100] loss=2.3025 | train_acc(noisy-online)=0.1024 | lr=0.09135
[Epoch 020/100] loss=2.3025 | train_acc(noisy-online)=0.1037 | lr=0.09045
[Epoch 021/100] loss=2.3025 | train_acc(noisy-online)=0.1035 | lr=0.08951
[Epoch 022/100] loss=2.3025 | train_acc(noisy-online)=0.1004 | lr=0.08853
[Epoch 023/100] loss=2.3024 | train_acc(noisy-online)=0.1021 | lr=0.08751
[Epoch 024/100] loss=2.3024 | train_acc(noisy-online)=0.1024 | lr=0.08645
[Epoch 025/100] loss=2.3024 | train_acc(noisy-online)=0.1007 | lr=0.08536
[Epoch 026/100] loss=2.3026 | train_acc(noisy-online)=0.0998 | lr=0.08423
[Epoch 027/100] loss=2.3026 | train_acc(noisy-online)=0.0996 | lr=0.08307
[Epoch 028/100] loss=2.3026 | train_acc(noisy-online)=0.0999 | lr=0.08187
[Epoch 029/100] loss=2.3026 | train_acc(noisy-online)=0.1000 | lr=0.08065
[Epoch 030/100] loss=2.3026 | train_acc(noisy-online)=0.1000 | lr=0.07939
[Epoch 031/100] loss=2.3026 | train_acc(noisy-online)=0.1000 | lr=0.07810
[Epoch 032/100] loss=2.3026 | train_acc(noisy-online)=0.1000 | lr=0.07679
[Epoch 033/100] loss=2.3026 | train_acc(noisy-online)=0.1000 | lr=0.07545
[Epoch 034/100] loss=2.3026 | train_acc(noisy-online)=0.1000 | lr=0.07409
[Epoch 035/100] loss=2.3026 | train_acc(noisy-online)=0.1000 | lr=0.07270
[Epoch 036/100] loss=2.3026 | train_acc(noisy-online)=0.1000 | lr=0.07129
[Epoch 037/100] loss=2.3026 | train_acc(noisy-online)=0.1000 | lr=0.06986
[Epoch 038/100] loss=2.3026 | train_acc(noisy-online)=0.1000 | lr=0.06841
[Epoch 039/100] loss=2.3026 | train_acc(noisy-online)=0.1000 | lr=0.06694
[Epoch 040/100] loss=2.3026 | train_acc(noisy-online)=0.1000 | lr=0.06545
[Epoch 041/100] loss=2.3026 | train_acc(noisy-online)=0.1000 | lr=0.06395
[Epoch 042/100] loss=2.3026 | train_acc(noisy-online)=0.1000 | lr=0.06243
[Epoch 043/100] loss=2.3026 | train_acc(noisy-online)=0.1000 | lr=0.06091
[Epoch 044/100] loss=2.3026 | train_acc(noisy-online)=0.1000 | lr=0.05937
[Epoch 045/100] loss=2.3026 | train_acc(noisy-online)=0.1000 | lr=0.05782
[Epoch 046/100] loss=2.3026 | train_acc(noisy-online)=0.1000 | lr=0.05627
[Epoch 047/100] loss=2.3026 | train_acc(noisy-online)=0.1000 | lr=0.05471
[Epoch 048/100] loss=2.3026 | train_acc(noisy-online)=0.1000 | lr=0.05314
[Epoch 049/100] loss=2.3026 | train_acc(noisy-online)=0.1000 | lr=0.05157
[Epoch 050/100] loss=2.3026 | train_acc(noisy-online)=0.1000 | lr=0.05000
[Epoch 051/100] loss=2.3026 | train_acc(noisy-online)=0.1000 | lr=0.04843
[Epoch 052/100] loss=2.3026 | train_acc(noisy-online)=0.1000 | lr=0.04686
[Epoch 053/100] loss=2.3026 | train_acc(noisy-online)=0.1000 | lr=0.04529
[Epoch 054/100] loss=2.3026 | train_acc(noisy-online)=0.1000 | lr=0.04373
[Epoch 055/100] loss=2.3026 | train_acc(noisy-online)=0.1000 | lr=0.04218
[Epoch 056/100] loss=2.3026 | train_acc(noisy-online)=0.1000 | lr=0.04063
[Epoch 057/100] loss=2.3026 | train_acc(noisy-online)=0.1000 | lr=0.03909
[Epoch 058/100] loss=2.3026 | train_acc(noisy-online)=0.1000 | lr=0.03757
[Epoch 059/100] loss=2.3026 | train_acc(noisy-online)=0.1000 | lr=0.03605
[Epoch 060/100] loss=2.3026 | train_acc(noisy-online)=0.1000 | lr=0.03455
[Epoch 061/100] loss=2.3026 | train_acc(noisy-online)=0.1000 | lr=0.03306
[Epoch 062/100] loss=2.3026 | train_acc(noisy-online)=0.1000 | lr=0.03159
[Epoch 063/100] loss=2.3026 | train_acc(noisy-online)=0.1000 | lr=0.03014
[Epoch 064/100] loss=2.3026 | train_acc(noisy-online)=0.1000 | lr=0.02871
[Epoch 065/100] loss=2.3026 | train_acc(noisy-online)=0.1000 | lr=0.02730
[Epoch 066/100] loss=2.3026 | train_acc(noisy-online)=0.1000 | lr=0.02591
[Epoch 067/100] loss=2.3026 | train_acc(noisy-online)=0.1000 | lr=0.02455
[Epoch 068/100] loss=2.3026 | train_acc(noisy-online)=0.1000 | lr=0.02321
[Epoch 069/100] loss=2.3026 | train_acc(noisy-online)=0.1000 | lr=0.02190
[Epoch 070/100] loss=2.3026 | train_acc(noisy-online)=0.1000 | lr=0.02061
[Epoch 071/100] loss=2.3026 | train_acc(noisy-online)=0.1000 | lr=0.01935
[Epoch 072/100] loss=2.3026 | train_acc(noisy-online)=0.1000 | lr=0.01813
[Epoch 073/100] loss=2.3026 | train_acc(noisy-online)=0.1000 | lr=0.01693
[Epoch 074/100] loss=2.3026 | train_acc(noisy-online)=0.1000 | lr=0.01577
[Epoch 075/100] loss=2.3026 | train_acc(noisy-online)=0.1000 | lr=0.01464
[Epoch 076/100] loss=2.3026 | train_acc(noisy-online)=0.1000 | lr=0.01355
[Epoch 077/100] loss=2.3026 | train_acc(noisy-online)=0.1000 | lr=0.01249
[Epoch 078/100] loss=2.3026 | train_acc(noisy-online)=0.1000 | lr=0.01147
[Epoch 079/100] loss=2.3026 | train_acc(noisy-online)=0.1000 | lr=0.01049
[Epoch 080/100] loss=2.3026 | train_acc(noisy-online)=0.1000 | lr=0.00955
[Epoch 081/100] loss=2.3026 | train_acc(noisy-online)=0.1000 | lr=0.00865
[Epoch 082/100] loss=2.3026 | train_acc(noisy-online)=0.1000 | lr=0.00778
[Epoch 083/100] loss=2.3026 | train_acc(noisy-online)=0.1000 | lr=0.00696
[Epoch 084/100] loss=2.3026 | train_acc(noisy-online)=0.1000 | lr=0.00618
[Epoch 085/100] loss=2.3026 | train_acc(noisy-online)=0.1000 | lr=0.00545
[Epoch 086/100] loss=2.3026 | train_acc(noisy-online)=0.1000 | lr=0.00476
[Epoch 087/100] loss=2.3026 | train_acc(noisy-online)=0.1000 | lr=0.00411
[Epoch 088/100] loss=2.3026 | train_acc(noisy-online)=0.1000 | lr=0.00351
[Epoch 089/100] loss=2.3026 | train_acc(noisy-online)=0.1000 | lr=0.00296
[Epoch 090/100] loss=2.3026 | train_acc(noisy-online)=0.1000 | lr=0.00245
[Epoch 091/100] loss=2.3026 | train_acc(noisy-online)=0.1000 | lr=0.00199
[Epoch 092/100] loss=2.3026 | train_acc(noisy-online)=0.1000 | lr=0.00157
