Start time: Fri Mar 13 09:23:23 AM CET 2026
Host: albatros.polytechnique.fr
Fri Mar 13 09:23:23 2026       
+-----------------------------------------------------------------------------------------+
| NVIDIA-SMI 580.126.18             Driver Version: 580.126.18     CUDA Version: 13.0     |
+-----------------------------------------+------------------------+----------------------+
| GPU  Name                 Persistence-M | Bus-Id          Disp.A | Volatile Uncorr. ECC |
| Fan  Temp   Perf          Pwr:Usage/Cap |           Memory-Usage | GPU-Util  Compute M. |
|                                         |                        |               MIG M. |
|=========================================+========================+======================|
|   0  NVIDIA RTX A5000               Off |   00000000:01:00.0  On |                  Off |
| 30%   46C    P8             29W /  230W |     323MiB /  24564MiB |      0%      Default |
|                                         |                        |                  N/A |
+-----------------------------------------+------------------------+----------------------+

+-----------------------------------------------------------------------------------------+
| Processes:                                                                              |
|  GPU   GI   CI              PID   Type   Process name                        GPU Memory |
|        ID   ID                                                               Usage      |
|=========================================================================================|
|    0   N/A  N/A         1431776      G   /usr/libexec/Xorg                       171MiB |
|    0   N/A  N/A         1431963      G   /usr/bin/gnome-shell                     36MiB |
|    0   N/A  N/A         1468570      G   ...local/avogadro2/bin/avogadro2         67MiB |
+-----------------------------------------------------------------------------------------+
cuda available: True
device count: 1
device name: NVIDIA RTX A5000
Alphas: [0.0001, 0.00017716005396691217, 0.000313856847215592, 0.0005560289599059919, 0.0009850612054411157, 0.0017451349631665944, 0.0030916820425413915, 0.005477225575051662, 0.00970345578465104, 0.017190647504743226, 0.030454960396664742, 0.05395402427433299, 0.09558497852172912, 0.16933839953335672, 0.3]
Seeds: [0]

================================================================================
Training alpha=0.00010000, seed=0
================================================================================
Using device: cuda
[Experiment] model_one_layer_FC_alpha_0p0001
[Alpha] 0.0001
[Run dir] outputs/compressibility_adv_robustness/model_one_layer_FC_alpha_0p0001_seed_0
[Target Frobenius norm] 11.500000
[Early stopping patience] 10
[Epoch 001] train_ce=0.1598 | train_nuc=197.2572 | train_total=0.1795 | train_acc=0.9389 | val_loss=0.0893 | val_acc=0.9700 | fro=11.5000 | nuc=181.8954
[Epoch 002] train_ce=0.0711 | train_nuc=170.6661 | train_total=0.0882 | train_acc=0.9758 | val_loss=0.0627 | val_acc=0.9783 | fro=11.5000 | nuc=160.1745
[Epoch 003] train_ce=0.0531 | train_nuc=151.0732 | train_total=0.0682 | train_acc=0.9816 | val_loss=0.0545 | val_acc=0.9810 | fro=11.5000 | nuc=142.7712
[Epoch 004] train_ce=0.0420 | train_nuc=135.1937 | train_total=0.0555 | train_acc=0.9857 | val_loss=0.0525 | val_acc=0.9813 | fro=11.5000 | nuc=127.9431
[Epoch 005] train_ce=0.0358 | train_nuc=121.8975 | train_total=0.0480 | train_acc=0.9879 | val_loss=0.0617 | val_acc=0.9753 | fro=11.5000 | nuc=116.2394
[Epoch 006] train_ce=0.0303 | train_nuc=111.9856 | train_total=0.0415 | train_acc=0.9899 | val_loss=0.0521 | val_acc=0.9810 | fro=11.5000 | nuc=108.1383
[Epoch 007] train_ce=0.0293 | train_nuc=105.2311 | train_total=0.0398 | train_acc=0.9902 | val_loss=0.0442 | val_acc=0.9833 | fro=11.5000 | nuc=103.0087
[Epoch 008] train_ce=0.0265 | train_nuc=101.0687 | train_total=0.0366 | train_acc=0.9911 | val_loss=0.0510 | val_acc=0.9823 | fro=11.5000 | nuc=99.3927
[Epoch 009] train_ce=0.0250 | train_nuc=98.0894 | train_total=0.0348 | train_acc=0.9915 | val_loss=0.0473 | val_acc=0.9830 | fro=11.5000 | nuc=97.4269
[Epoch 010] train_ce=0.0243 | train_nuc=96.6881 | train_total=0.0339 | train_acc=0.9919 | val_loss=0.0442 | val_acc=0.9837 | fro=11.5000 | nuc=96.3550
[Epoch 011] train_ce=0.0235 | train_nuc=95.7075 | train_total=0.0331 | train_acc=0.9923 | val_loss=0.0383 | val_acc=0.9860 | fro=11.5000 | nuc=96.0838
[Epoch 012] train_ce=0.0221 | train_nuc=95.7333 | train_total=0.0317 | train_acc=0.9925 | val_loss=0.0465 | val_acc=0.9850 | fro=11.5000 | nuc=95.7846
[Epoch 013] train_ce=0.0222 | train_nuc=95.6205 | train_total=0.0318 | train_acc=0.9921 | val_loss=0.0493 | val_acc=0.9833 | fro=11.5000 | nuc=95.9240
[Epoch 014] train_ce=0.0207 | train_nuc=95.3431 | train_total=0.0302 | train_acc=0.9930 | val_loss=0.0473 | val_acc=0.9837 | fro=11.5000 | nuc=95.9019
[Epoch 015] train_ce=0.0196 | train_nuc=95.6501 | train_total=0.0292 | train_acc=0.9933 | val_loss=0.0453 | val_acc=0.9833 | fro=11.5000 | nuc=95.4919
[Epoch 016] train_ce=0.0175 | train_nuc=95.2342 | train_total=0.0270 | train_acc=0.9941 | val_loss=0.0595 | val_acc=0.9800 | fro=11.5000 | nuc=95.5963
[Epoch 017] train_ce=0.0208 | train_nuc=95.6873 | train_total=0.0303 | train_acc=0.9927 | val_loss=0.0498 | val_acc=0.9830 | fro=11.5000 | nuc=96.6085
[Epoch 018] train_ce=0.0187 | train_nuc=95.9637 | train_total=0.0283 | train_acc=0.9933 | val_loss=0.0476 | val_acc=0.9843 | fro=11.5000 | nuc=96.1400
[Epoch 019] train_ce=0.0172 | train_nuc=95.5242 | train_total=0.0268 | train_acc=0.9941 | val_loss=0.0573 | val_acc=0.9797 | fro=11.5000 | nuc=95.7813
[Epoch 020] train_ce=0.0179 | train_nuc=95.9168 | train_total=0.0275 | train_acc=0.9937 | val_loss=0.0470 | val_acc=0.9827 | fro=11.5000 | nuc=95.9819
[Epoch 021] train_ce=0.0180 | train_nuc=95.9821 | train_total=0.0276 | train_acc=0.9937 | val_loss=0.0445 | val_acc=0.9860 | fro=11.5000 | nuc=96.1295
Early stopping triggered at epoch 21. Best val_loss=0.038344 at epoch 11.
Done. alpha=0.0001 | best_val_loss=0.038344 | best_epoch=11

================================================================================
Training alpha=0.00017716, seed=0
================================================================================
Using device: cuda
[Experiment] model_one_layer_FC_alpha_0p00017716005396691217
[Alpha] 0.00017716005396691217
[Run dir] outputs/compressibility_adv_robustness/model_one_layer_FC_alpha_0p00017716005396691217_seed_0
[Target Frobenius norm] 11.500000
[Early stopping patience] 10
[Epoch 001] train_ce=0.1594 | train_nuc=194.0636 | train_total=0.1938 | train_acc=0.9391 | val_loss=0.0908 | val_acc=0.9690 | fro=11.5000 | nuc=176.3640
[Epoch 002] train_ce=0.0704 | train_nuc=163.7810 | train_total=0.0994 | train_acc=0.9758 | val_loss=0.0624 | val_acc=0.9767 | fro=11.5000 | nuc=151.7404
[Epoch 003] train_ce=0.0515 | train_nuc=141.0315 | train_total=0.0765 | train_acc=0.9827 | val_loss=0.0548 | val_acc=0.9787 | fro=11.5000 | nuc=131.1841
[Epoch 004] train_ce=0.0417 | train_nuc=122.7373 | train_total=0.0634 | train_acc=0.9859 | val_loss=0.0521 | val_acc=0.9833 | fro=11.5000 | nuc=115.1836
[Epoch 005] train_ce=0.0357 | train_nuc=108.9852 | train_total=0.0550 | train_acc=0.9874 | val_loss=0.0663 | val_acc=0.9737 | fro=11.5000 | nuc=103.5796
[Epoch 006] train_ce=0.0300 | train_nuc=99.4935 | train_total=0.0476 | train_acc=0.9898 | val_loss=0.0529 | val_acc=0.9797 | fro=11.5000 | nuc=96.1832
[Epoch 007] train_ce=0.0288 | train_nuc=93.6860 | train_total=0.0454 | train_acc=0.9902 | val_loss=0.0452 | val_acc=0.9833 | fro=11.5000 | nuc=91.7965
[Epoch 008] train_ce=0.0258 | train_nuc=90.0366 | train_total=0.0417 | train_acc=0.9911 | val_loss=0.0489 | val_acc=0.9810 | fro=11.5000 | nuc=88.9305
[Epoch 009] train_ce=0.0249 | train_nuc=87.7985 | train_total=0.0405 | train_acc=0.9919 | val_loss=0.0469 | val_acc=0.9823 | fro=11.5000 | nuc=87.6808
[Epoch 010] train_ce=0.0246 | train_nuc=86.8169 | train_total=0.0400 | train_acc=0.9918 | val_loss=0.0495 | val_acc=0.9803 | fro=11.5000 | nuc=87.0336
[Epoch 011] train_ce=0.0214 | train_nuc=86.0684 | train_total=0.0366 | train_acc=0.9926 | val_loss=0.0398 | val_acc=0.9860 | fro=11.5000 | nuc=86.2762
[Epoch 012] train_ce=0.0219 | train_nuc=86.2339 | train_total=0.0372 | train_acc=0.9925 | val_loss=0.0501 | val_acc=0.9827 | fro=11.5000 | nuc=86.7448
[Epoch 013] train_ce=0.0221 | train_nuc=86.4522 | train_total=0.0375 | train_acc=0.9921 | val_loss=0.0431 | val_acc=0.9840 | fro=11.5000 | nuc=86.2567
[Epoch 014] train_ce=0.0197 | train_nuc=85.6018 | train_total=0.0349 | train_acc=0.9932 | val_loss=0.0478 | val_acc=0.9820 | fro=11.5000 | nuc=86.2360
[Epoch 015] train_ce=0.0202 | train_nuc=85.9431 | train_total=0.0355 | train_acc=0.9931 | val_loss=0.0424 | val_acc=0.9840 | fro=11.5000 | nuc=85.6920
[Epoch 016] train_ce=0.0169 | train_nuc=85.2185 | train_total=0.0319 | train_acc=0.9942 | val_loss=0.0492 | val_acc=0.9813 | fro=11.5000 | nuc=85.7511
[Epoch 017] train_ce=0.0173 | train_nuc=85.1362 | train_total=0.0324 | train_acc=0.9942 | val_loss=0.0423 | val_acc=0.9853 | fro=11.5000 | nuc=85.6571
[Epoch 018] train_ce=0.0172 | train_nuc=85.3666 | train_total=0.0323 | train_acc=0.9938 | val_loss=0.0427 | val_acc=0.9827 | fro=11.5000 | nuc=85.9803
[Epoch 019] train_ce=0.0165 | train_nuc=85.3866 | train_total=0.0317 | train_acc=0.9943 | val_loss=0.0513 | val_acc=0.9843 | fro=11.5000 | nuc=86.3569
[Epoch 020] train_ce=0.0167 | train_nuc=86.1764 | train_total=0.0319 | train_acc=0.9942 | val_loss=0.0578 | val_acc=0.9773 | fro=11.5000 | nuc=86.3434
[Epoch 021] train_ce=0.0157 | train_nuc=85.9436 | train_total=0.0309 | train_acc=0.9946 | val_loss=0.0550 | val_acc=0.9820 | fro=11.5000 | nuc=85.5288
Early stopping triggered at epoch 21. Best val_loss=0.039804 at epoch 11.
Done. alpha=0.00017716005396691217 | best_val_loss=0.039804 | best_epoch=11

================================================================================
Training alpha=0.00031386, seed=0
================================================================================
Using device: cuda
[Experiment] model_one_layer_FC_alpha_0p000313856847215592
[Alpha] 0.000313856847215592
[Run dir] outputs/compressibility_adv_robustness/model_one_layer_FC_alpha_0p000313856847215592_seed_0
[Target Frobenius norm] 11.500000
[Early stopping patience] 10
[Epoch 001] train_ce=0.1591 | train_nuc=189.4116 | train_total=0.2186 | train_acc=0.9391 | val_loss=0.0887 | val_acc=0.9690 | fro=11.5000 | nuc=168.5743
[Epoch 002] train_ce=0.0699 | train_nuc=153.4832 | train_total=0.1181 | train_acc=0.9760 | val_loss=0.0616 | val_acc=0.9767 | fro=11.5000 | nuc=139.0253
[Epoch 003] train_ce=0.0515 | train_nuc=126.8737 | train_total=0.0913 | train_acc=0.9823 | val_loss=0.0540 | val_acc=0.9800 | fro=11.5000 | nuc=116.1562
[Epoch 004] train_ce=0.0417 | train_nuc=107.7760 | train_total=0.0755 | train_acc=0.9857 | val_loss=0.0544 | val_acc=0.9820 | fro=11.5000 | nuc=100.5589
[Epoch 005] train_ce=0.0364 | train_nuc=94.6680 | train_total=0.0661 | train_acc=0.9875 | val_loss=0.0635 | val_acc=0.9763 | fro=11.5000 | nuc=89.8719
[Epoch 006] train_ce=0.0318 | train_nuc=86.2199 | train_total=0.0589 | train_acc=0.9890 | val_loss=0.0497 | val_acc=0.9807 | fro=11.5000 | nuc=83.4527
[Epoch 007] train_ce=0.0303 | train_nuc=81.4413 | train_total=0.0559 | train_acc=0.9894 | val_loss=0.0438 | val_acc=0.9817 | fro=11.5000 | nuc=79.8450
[Epoch 008] train_ce=0.0264 | train_nuc=78.3727 | train_total=0.0510 | train_acc=0.9912 | val_loss=0.0484 | val_acc=0.9823 | fro=11.5000 | nuc=77.5516
[Epoch 009] train_ce=0.0251 | train_nuc=76.5238 | train_total=0.0491 | train_acc=0.9915 | val_loss=0.0466 | val_acc=0.9837 | fro=11.5000 | nuc=76.8435
[Epoch 010] train_ce=0.0262 | train_nuc=76.1269 | train_total=0.0501 | train_acc=0.9911 | val_loss=0.0496 | val_acc=0.9807 | fro=11.5000 | nuc=76.7113
[Epoch 011] train_ce=0.0240 | train_nuc=75.8597 | train_total=0.0478 | train_acc=0.9918 | val_loss=0.0410 | val_acc=0.9867 | fro=11.5000 | nuc=76.2617
[Epoch 012] train_ce=0.0219 | train_nuc=75.9718 | train_total=0.0458 | train_acc=0.9926 | val_loss=0.0550 | val_acc=0.9830 | fro=11.5000 | nuc=76.1366
[Epoch 013] train_ce=0.0229 | train_nuc=75.8482 | train_total=0.0467 | train_acc=0.9918 | val_loss=0.0454 | val_acc=0.9817 | fro=11.5000 | nuc=75.9141
[Epoch 014] train_ce=0.0208 | train_nuc=75.4478 | train_total=0.0445 | train_acc=0.9932 | val_loss=0.0464 | val_acc=0.9827 | fro=11.5000 | nuc=76.2332
[Epoch 015] train_ce=0.0205 | train_nuc=75.8092 | train_total=0.0443 | train_acc=0.9929 | val_loss=0.0533 | val_acc=0.9780 | fro=11.5000 | nuc=75.6885
[Epoch 016] train_ce=0.0187 | train_nuc=75.5190 | train_total=0.0424 | train_acc=0.9935 | val_loss=0.0512 | val_acc=0.9813 | fro=11.5000 | nuc=76.1656
[Epoch 017] train_ce=0.0182 | train_nuc=75.3594 | train_total=0.0419 | train_acc=0.9936 | val_loss=0.0425 | val_acc=0.9863 | fro=11.5000 | nuc=75.7906
[Epoch 018] train_ce=0.0164 | train_nuc=75.3070 | train_total=0.0400 | train_acc=0.9941 | val_loss=0.0415 | val_acc=0.9850 | fro=11.5000 | nuc=75.8408
[Epoch 019] train_ce=0.0152 | train_nuc=75.2299 | train_total=0.0388 | train_acc=0.9951 | val_loss=0.0447 | val_acc=0.9830 | fro=11.5000 | nuc=75.3814
[Epoch 020] train_ce=0.0153 | train_nuc=74.9410 | train_total=0.0388 | train_acc=0.9948 | val_loss=0.0553 | val_acc=0.9803 | fro=11.5000 | nuc=75.2000
[Epoch 021] train_ce=0.0170 | train_nuc=75.3783 | train_total=0.0407 | train_acc=0.9938 | val_loss=0.0420 | val_acc=0.9853 | fro=11.5000 | nuc=76.1130
Early stopping triggered at epoch 21. Best val_loss=0.040969 at epoch 11.
Done. alpha=0.000313856847215592 | best_val_loss=0.040969 | best_epoch=11

================================================================================
Training alpha=0.00055603, seed=0
================================================================================
Using device: cuda
[Experiment] model_one_layer_FC_alpha_0p0005560289599059919
[Alpha] 0.0005560289599059919
[Run dir] outputs/compressibility_adv_robustness/model_one_layer_FC_alpha_0p0005560289599059919_seed_0
[Target Frobenius norm] 11.500000
[Early stopping patience] 10
[Epoch 001] train_ce=0.1588 | train_nuc=182.9849 | train_total=0.2605 | train_acc=0.9390 | val_loss=0.0889 | val_acc=0.9707 | fro=11.5000 | nuc=157.7829
[Epoch 002] train_ce=0.0697 | train_nuc=139.5461 | train_total=0.1473 | train_acc=0.9758 | val_loss=0.0617 | val_acc=0.9777 | fro=11.5000 | nuc=123.0063
[Epoch 003] train_ce=0.0523 | train_nuc=110.6159 | train_total=0.1138 | train_acc=0.9821 | val_loss=0.0550 | val_acc=0.9810 | fro=11.5000 | nuc=100.0407
[Epoch 004] train_ce=0.0441 | train_nuc=92.1181 | train_total=0.0953 | train_acc=0.9848 | val_loss=0.0530 | val_acc=0.9803 | fro=11.5000 | nuc=85.6166
[Epoch 005] train_ce=0.0391 | train_nuc=80.5032 | train_total=0.0838 | train_acc=0.9866 | val_loss=0.0584 | val_acc=0.9767 | fro=11.5000 | nuc=76.4720
[Epoch 006] train_ce=0.0337 | train_nuc=73.2372 | train_total=0.0745 | train_acc=0.9889 | val_loss=0.0473 | val_acc=0.9823 | fro=11.5000 | nuc=71.0453
[Epoch 007] train_ce=0.0334 | train_nuc=69.5365 | train_total=0.0721 | train_acc=0.9884 | val_loss=0.0425 | val_acc=0.9837 | fro=11.5000 | nuc=68.3018
[Epoch 008] train_ce=0.0290 | train_nuc=67.2997 | train_total=0.0664 | train_acc=0.9899 | val_loss=0.0502 | val_acc=0.9820 | fro=11.5000 | nuc=67.0242
[Epoch 009] train_ce=0.0270 | train_nuc=66.2989 | train_total=0.0639 | train_acc=0.9909 | val_loss=0.0450 | val_acc=0.9833 | fro=11.5000 | nuc=66.7123
[Epoch 010] train_ce=0.0270 | train_nuc=66.1771 | train_total=0.0638 | train_acc=0.9908 | val_loss=0.0449 | val_acc=0.9830 | fro=11.5000 | nuc=66.7881
[Epoch 011] train_ce=0.0251 | train_nuc=66.0398 | train_total=0.0619 | train_acc=0.9915 | val_loss=0.0416 | val_acc=0.9850 | fro=11.5000 | nuc=66.3398
[Epoch 012] train_ce=0.0230 | train_nuc=65.8232 | train_total=0.0596 | train_acc=0.9920 | val_loss=0.0564 | val_acc=0.9823 | fro=11.5000 | nuc=66.0224
[Epoch 013] train_ce=0.0236 | train_nuc=65.7716 | train_total=0.0602 | train_acc=0.9915 | val_loss=0.0453 | val_acc=0.9837 | fro=11.5000 | nuc=65.9905
[Epoch 014] train_ce=0.0234 | train_nuc=65.7863 | train_total=0.0599 | train_acc=0.9922 | val_loss=0.0434 | val_acc=0.9830 | fro=11.5000 | nuc=66.2688
[Epoch 015] train_ce=0.0234 | train_nuc=66.0138 | train_total=0.0601 | train_acc=0.9915 | val_loss=0.0453 | val_acc=0.9847 | fro=11.5000 | nuc=65.9924
[Epoch 016] train_ce=0.0206 | train_nuc=65.4754 | train_total=0.0570 | train_acc=0.9928 | val_loss=0.0519 | val_acc=0.9807 | fro=11.5000 | nuc=66.5663
[Epoch 017] train_ce=0.0198 | train_nuc=65.7629 | train_total=0.0564 | train_acc=0.9932 | val_loss=0.0428 | val_acc=0.9853 | fro=11.5000 | nuc=66.0017
[Epoch 018] train_ce=0.0174 | train_nuc=65.3971 | train_total=0.0538 | train_acc=0.9937 | val_loss=0.0488 | val_acc=0.9853 | fro=11.5000 | nuc=66.0898
[Epoch 019] train_ce=0.0171 | train_nuc=65.5630 | train_total=0.0536 | train_acc=0.9943 | val_loss=0.0491 | val_acc=0.9840 | fro=11.5000 | nuc=65.7997
[Epoch 020] train_ce=0.0163 | train_nuc=65.0446 | train_total=0.0524 | train_acc=0.9944 | val_loss=0.0471 | val_acc=0.9843 | fro=11.5000 | nuc=65.2914
[Epoch 021] train_ce=0.0169 | train_nuc=65.1622 | train_total=0.0532 | train_acc=0.9941 | val_loss=0.0472 | val_acc=0.9847 | fro=11.5000 | nuc=65.6232
Early stopping triggered at epoch 21. Best val_loss=0.041642 at epoch 11.
Done. alpha=0.0005560289599059919 | best_val_loss=0.041642 | best_epoch=11

================================================================================
Training alpha=0.00098506, seed=0
================================================================================
Using device: cuda
[Experiment] model_one_layer_FC_alpha_0p0009850612054411157
[Alpha] 0.0009850612054411157
[Run dir] outputs/compressibility_adv_robustness/model_one_layer_FC_alpha_0p0009850612054411157_seed_0
[Target Frobenius norm] 11.500000
[Early stopping patience] 10
[Epoch 001] train_ce=0.1585 | train_nuc=174.4074 | train_total=0.3303 | train_acc=0.9393 | val_loss=0.0868 | val_acc=0.9703 | fro=11.5000 | nuc=143.4729
[Epoch 002] train_ce=0.0704 | train_nuc=123.3351 | train_total=0.1919 | train_acc=0.9753 | val_loss=0.0639 | val_acc=0.9767 | fro=11.5000 | nuc=106.2904
[Epoch 003] train_ce=0.0545 | train_nuc=94.3299 | train_total=0.1474 | train_acc=0.9812 | val_loss=0.0589 | val_acc=0.9780 | fro=11.5000 | nuc=84.3258
[Epoch 004] train_ce=0.0471 | train_nuc=77.1274 | train_total=0.1231 | train_acc=0.9835 | val_loss=0.0545 | val_acc=0.9780 | fro=11.5000 | nuc=71.3173
[Epoch 005] train_ce=0.0427 | train_nuc=67.0771 | train_total=0.1088 | train_acc=0.9855 | val_loss=0.0576 | val_acc=0.9767 | fro=11.5000 | nuc=63.8076
[Epoch 006] train_ce=0.0384 | train_nuc=61.3979 | train_total=0.0988 | train_acc=0.9871 | val_loss=0.0518 | val_acc=0.9820 | fro=11.5000 | nuc=59.7005
[Epoch 007] train_ce=0.0384 | train_nuc=58.7598 | train_total=0.0963 | train_acc=0.9865 | val_loss=0.0490 | val_acc=0.9797 | fro=11.5000 | nuc=57.8050
[Epoch 008] train_ce=0.0339 | train_nuc=57.1598 | train_total=0.0902 | train_acc=0.9881 | val_loss=0.0537 | val_acc=0.9820 | fro=11.5000 | nuc=57.0178
[Epoch 009] train_ce=0.0315 | train_nuc=56.4105 | train_total=0.0871 | train_acc=0.9889 | val_loss=0.0470 | val_acc=0.9817 | fro=11.5000 | nuc=56.9696
[Epoch 010] train_ce=0.0323 | train_nuc=56.6331 | train_total=0.0881 | train_acc=0.9888 | val_loss=0.0488 | val_acc=0.9817 | fro=11.5000 | nuc=57.0154
[Epoch 011] train_ce=0.0286 | train_nuc=56.2821 | train_total=0.0841 | train_acc=0.9898 | val_loss=0.0427 | val_acc=0.9853 | fro=11.5000 | nuc=56.8583
[Epoch 012] train_ce=0.0281 | train_nuc=56.3198 | train_total=0.0836 | train_acc=0.9902 | val_loss=0.0661 | val_acc=0.9790 | fro=11.5000 | nuc=56.6923
[Epoch 013] train_ce=0.0272 | train_nuc=56.1393 | train_total=0.0825 | train_acc=0.9902 | val_loss=0.0495 | val_acc=0.9813 | fro=11.5000 | nuc=56.3902
[Epoch 014] train_ce=0.0260 | train_nuc=55.8308 | train_total=0.0809 | train_acc=0.9909 | val_loss=0.0449 | val_acc=0.9843 | fro=11.5000 | nuc=55.8767
[Epoch 015] train_ce=0.0246 | train_nuc=55.6671 | train_total=0.0794 | train_acc=0.9913 | val_loss=0.0483 | val_acc=0.9820 | fro=11.5000 | nuc=55.7313
[Epoch 016] train_ce=0.0236 | train_nuc=55.4716 | train_total=0.0783 | train_acc=0.9917 | val_loss=0.0594 | val_acc=0.9803 | fro=11.5000 | nuc=55.8631
[Epoch 017] train_ce=0.0228 | train_nuc=55.2998 | train_total=0.0773 | train_acc=0.9921 | val_loss=0.0501 | val_acc=0.9813 | fro=11.5000 | nuc=55.9811
[Epoch 018] train_ce=0.0220 | train_nuc=55.4585 | train_total=0.0766 | train_acc=0.9920 | val_loss=0.0648 | val_acc=0.9783 | fro=11.5000 | nuc=56.4004
[Epoch 019] train_ce=0.0213 | train_nuc=55.6547 | train_total=0.0761 | train_acc=0.9929 | val_loss=0.0484 | val_acc=0.9823 | fro=11.5000 | nuc=55.4279
[Epoch 020] train_ce=0.0207 | train_nuc=55.1861 | train_total=0.0751 | train_acc=0.9928 | val_loss=0.0607 | val_acc=0.9787 | fro=11.5000 | nuc=55.9541
[Epoch 021] train_ce=0.0199 | train_nuc=55.4576 | train_total=0.0745 | train_acc=0.9929 | val_loss=0.0529 | val_acc=0.9823 | fro=11.5000 | nuc=55.3299
Early stopping triggered at epoch 21. Best val_loss=0.042652 at epoch 11.
Done. alpha=0.0009850612054411157 | best_val_loss=0.042652 | best_epoch=11

================================================================================
Training alpha=0.00174513, seed=0
================================================================================
Using device: cuda
[Experiment] model_one_layer_FC_alpha_0p0017451349631665944
[Alpha] 0.0017451349631665944
[Run dir] outputs/compressibility_adv_robustness/model_one_layer_FC_alpha_0p0017451349631665944_seed_0
[Target Frobenius norm] 11.500000
[Early stopping patience] 10
[Epoch 001] train_ce=0.1591 | train_nuc=163.8541 | train_total=0.4451 | train_acc=0.9391 | val_loss=0.0871 | val_acc=0.9710 | fro=11.5000 | nuc=127.4185
[Epoch 002] train_ce=0.0730 | train_nuc=106.8602 | train_total=0.2595 | train_acc=0.9747 | val_loss=0.0672 | val_acc=0.9763 | fro=11.5000 | nuc=90.3419
[Epoch 003] train_ce=0.0584 | train_nuc=79.3264 | train_total=0.1969 | train_acc=0.9802 | val_loss=0.0642 | val_acc=0.9757 | fro=11.5000 | nuc=70.3509
[Epoch 004] train_ce=0.0525 | train_nuc=64.2992 | train_total=0.1647 | train_acc=0.9818 | val_loss=0.0597 | val_acc=0.9780 | fro=11.5000 | nuc=59.5375
[Epoch 005] train_ce=0.0487 | train_nuc=56.0923 | train_total=0.1466 | train_acc=0.9833 | val_loss=0.0591 | val_acc=0.9773 | fro=11.5000 | nuc=53.4903
[Epoch 006] train_ce=0.0457 | train_nuc=51.8254 | train_total=0.1362 | train_acc=0.9841 | val_loss=0.0581 | val_acc=0.9797 | fro=11.5000 | nuc=50.5101
[Epoch 007] train_ce=0.0448 | train_nuc=49.8129 | train_total=0.1317 | train_acc=0.9841 | val_loss=0.0532 | val_acc=0.9820 | fro=11.5000 | nuc=49.1477
[Epoch 008] train_ce=0.0408 | train_nuc=48.8925 | train_total=0.1261 | train_acc=0.9860 | val_loss=0.0583 | val_acc=0.9800 | fro=11.5000 | nuc=48.8719
[Epoch 009] train_ce=0.0390 | train_nuc=48.4939 | train_total=0.1236 | train_acc=0.9862 | val_loss=0.0522 | val_acc=0.9807 | fro=11.5000 | nuc=49.0248
[Epoch 010] train_ce=0.0385 | train_nuc=48.4207 | train_total=0.1230 | train_acc=0.9867 | val_loss=0.0572 | val_acc=0.9807 | fro=11.5000 | nuc=48.6071
[Epoch 011] train_ce=0.0366 | train_nuc=48.0994 | train_total=0.1205 | train_acc=0.9868 | val_loss=0.0502 | val_acc=0.9803 | fro=11.5000 | nuc=48.4405
[Epoch 012] train_ce=0.0354 | train_nuc=48.1058 | train_total=0.1194 | train_acc=0.9873 | val_loss=0.0692 | val_acc=0.9780 | fro=11.5000 | nuc=48.3776
[Epoch 013] train_ce=0.0353 | train_nuc=47.7848 | train_total=0.1187 | train_acc=0.9878 | val_loss=0.0578 | val_acc=0.9800 | fro=11.5000 | nuc=47.9951
[Epoch 014] train_ce=0.0340 | train_nuc=47.6384 | train_total=0.1172 | train_acc=0.9885 | val_loss=0.0518 | val_acc=0.9783 | fro=11.5000 | nuc=47.6340
[Epoch 015] train_ce=0.0339 | train_nuc=47.6377 | train_total=0.1170 | train_acc=0.9882 | val_loss=0.0576 | val_acc=0.9813 | fro=11.5000 | nuc=47.7446
[Epoch 016] train_ce=0.0317 | train_nuc=47.5127 | train_total=0.1146 | train_acc=0.9885 | val_loss=0.0633 | val_acc=0.9770 | fro=11.5000 | nuc=47.7240
[Epoch 017] train_ce=0.0315 | train_nuc=47.3151 | train_total=0.1141 | train_acc=0.9889 | val_loss=0.0621 | val_acc=0.9773 | fro=11.5000 | nuc=47.7970
[Epoch 018] train_ce=0.0293 | train_nuc=47.1868 | train_total=0.1116 | train_acc=0.9895 | val_loss=0.0737 | val_acc=0.9750 | fro=11.5000 | nuc=47.5238
[Epoch 019] train_ce=0.0291 | train_nuc=47.1953 | train_total=0.1114 | train_acc=0.9901 | val_loss=0.0554 | val_acc=0.9810 | fro=11.5000 | nuc=47.2476
[Epoch 020] train_ce=0.0307 | train_nuc=47.1681 | train_total=0.1130 | train_acc=0.9892 | val_loss=0.0725 | val_acc=0.9740 | fro=11.5000 | nuc=47.4975
[Epoch 021] train_ce=0.0298 | train_nuc=47.0927 | train_total=0.1120 | train_acc=0.9892 | val_loss=0.0608 | val_acc=0.9777 | fro=11.5000 | nuc=46.9229
Early stopping triggered at epoch 21. Best val_loss=0.050173 at epoch 11.
Done. alpha=0.0017451349631665944 | best_val_loss=0.050173 | best_epoch=11

================================================================================
Training alpha=0.00309168, seed=0
================================================================================
Using device: cuda
[Experiment] model_one_layer_FC_alpha_0p0030916820425413915
[Alpha] 0.0030916820425413915
[Run dir] outputs/compressibility_adv_robustness/model_one_layer_FC_alpha_0p0030916820425413915_seed_0
[Target Frobenius norm] 11.500000
[Early stopping patience] 10
[Epoch 001] train_ce=0.1595 | train_nuc=151.7861 | train_total=0.6288 | train_acc=0.9387 | val_loss=0.0891 | val_acc=0.9723 | fro=11.5000 | nuc=111.0038
[Epoch 002] train_ce=0.0768 | train_nuc=91.2321 | train_total=0.3589 | train_acc=0.9733 | val_loss=0.0735 | val_acc=0.9733 | fro=11.5000 | nuc=76.0202
[Epoch 003] train_ce=0.0637 | train_nuc=66.3218 | train_total=0.2687 | train_acc=0.9782 | val_loss=0.0726 | val_acc=0.9730 | fro=11.5000 | nuc=58.5037
[Epoch 004] train_ce=0.0593 | train_nuc=53.5486 | train_total=0.2248 | train_acc=0.9793 | val_loss=0.0661 | val_acc=0.9750 | fro=11.5000 | nuc=49.5778
[Epoch 005] train_ce=0.0567 | train_nuc=47.0502 | train_total=0.2022 | train_acc=0.9805 | val_loss=0.0666 | val_acc=0.9773 | fro=11.5000 | nuc=45.2858
[Epoch 006] train_ce=0.0543 | train_nuc=44.0987 | train_total=0.1906 | train_acc=0.9809 | val_loss=0.0663 | val_acc=0.9767 | fro=11.5000 | nuc=43.2064
[Epoch 007] train_ce=0.0533 | train_nuc=42.8433 | train_total=0.1857 | train_acc=0.9814 | val_loss=0.0579 | val_acc=0.9787 | fro=11.5000 | nuc=42.3533
[Epoch 008] train_ce=0.0502 | train_nuc=42.1907 | train_total=0.1806 | train_acc=0.9830 | val_loss=0.0668 | val_acc=0.9787 | fro=11.5000 | nuc=42.0338
[Epoch 009] train_ce=0.0488 | train_nuc=41.7517 | train_total=0.1779 | train_acc=0.9829 | val_loss=0.0581 | val_acc=0.9787 | fro=11.5000 | nuc=41.9802
[Epoch 010] train_ce=0.0487 | train_nuc=41.5252 | train_total=0.1771 | train_acc=0.9823 | val_loss=0.0613 | val_acc=0.9803 | fro=11.5000 | nuc=41.4192
[Epoch 011] train_ce=0.0464 | train_nuc=41.1360 | train_total=0.1736 | train_acc=0.9834 | val_loss=0.0589 | val_acc=0.9777 | fro=11.5000 | nuc=41.1779
[Epoch 012] train_ce=0.0450 | train_nuc=40.9686 | train_total=0.1716 | train_acc=0.9836 | val_loss=0.0820 | val_acc=0.9753 | fro=11.5000 | nuc=40.9841
[Epoch 013] train_ce=0.0451 | train_nuc=40.6815 | train_total=0.1708 | train_acc=0.9841 | val_loss=0.0611 | val_acc=0.9790 | fro=11.5000 | nuc=40.6973
[Epoch 014] train_ce=0.0439 | train_nuc=40.5843 | train_total=0.1693 | train_acc=0.9844 | val_loss=0.0578 | val_acc=0.9783 | fro=11.5000 | nuc=40.4478
[Epoch 015] train_ce=0.0438 | train_nuc=40.4445 | train_total=0.1689 | train_acc=0.9843 | val_loss=0.0642 | val_acc=0.9797 | fro=11.5000 | nuc=40.3667
[Epoch 016] train_ce=0.0416 | train_nuc=40.1961 | train_total=0.1659 | train_acc=0.9850 | val_loss=0.0699 | val_acc=0.9767 | fro=11.5000 | nuc=40.2734
[Epoch 017] train_ce=0.0434 | train_nuc=40.1603 | train_total=0.1675 | train_acc=0.9848 | val_loss=0.0643 | val_acc=0.9790 | fro=11.5000 | nuc=40.3900
[Epoch 018] train_ce=0.0402 | train_nuc=39.9453 | train_total=0.1637 | train_acc=0.9854 | val_loss=0.0744 | val_acc=0.9743 | fro=11.5000 | nuc=39.9524
[Epoch 019] train_ce=0.0407 | train_nuc=39.8259 | train_total=0.1638 | train_acc=0.9861 | val_loss=0.0600 | val_acc=0.9797 | fro=11.5000 | nuc=39.8554
[Epoch 020] train_ce=0.0414 | train_nuc=39.7612 | train_total=0.1644 | train_acc=0.9852 | val_loss=0.0680 | val_acc=0.9770 | fro=11.5000 | nuc=39.9419
[Epoch 021] train_ce=0.0405 | train_nuc=39.7626 | train_total=0.1634 | train_acc=0.9859 | val_loss=0.0597 | val_acc=0.9793 | fro=11.5000 | nuc=39.6323
[Epoch 022] train_ce=0.0389 | train_nuc=39.5124 | train_total=0.1611 | train_acc=0.9862 | val_loss=0.0595 | val_acc=0.9797 | fro=11.5000 | nuc=39.5926
[Epoch 023] train_ce=0.0382 | train_nuc=39.4609 | train_total=0.1602 | train_acc=0.9864 | val_loss=0.0588 | val_acc=0.9803 | fro=11.5000 | nuc=39.4405
[Epoch 024] train_ce=0.0382 | train_nuc=39.3346 | train_total=0.1598 | train_acc=0.9861 | val_loss=0.0630 | val_acc=0.9783 | fro=11.5000 | nuc=39.1253
Early stopping triggered at epoch 24. Best val_loss=0.057751 at epoch 14.
Done. alpha=0.0030916820425413915 | best_val_loss=0.057751 | best_epoch=14

================================================================================
Training alpha=0.00547723, seed=0
================================================================================
Using device: cuda
[Experiment] model_one_layer_FC_alpha_0p005477225575051662
[Alpha] 0.005477225575051662
[Run dir] outputs/compressibility_adv_robustness/model_one_layer_FC_alpha_0p005477225575051662_seed_0
[Target Frobenius norm] 11.500000
[Early stopping patience] 10
[Epoch 001] train_ce=0.1625 | train_nuc=139.4684 | train_total=0.9264 | train_acc=0.9371 | val_loss=0.0948 | val_acc=0.9677 | fro=11.5000 | nuc=96.0374
[Epoch 002] train_ce=0.0848 | train_nuc=77.9685 | train_total=0.5118 | train_acc=0.9709 | val_loss=0.0802 | val_acc=0.9733 | fro=11.5000 | nuc=64.4660
[Epoch 003] train_ce=0.0742 | train_nuc=56.0177 | train_total=0.3810 | train_acc=0.9749 | val_loss=0.0792 | val_acc=0.9710 | fro=11.5000 | nuc=49.2430
[Epoch 004] train_ce=0.0713 | train_nuc=45.1153 | train_total=0.3184 | train_acc=0.9752 | val_loss=0.0775 | val_acc=0.9713 | fro=11.5000 | nuc=41.9103
[Epoch 005] train_ce=0.0708 | train_nuc=39.9199 | train_total=0.2894 | train_acc=0.9753 | val_loss=0.0765 | val_acc=0.9720 | fro=11.5000 | nuc=38.6198
[Epoch 006] train_ce=0.0691 | train_nuc=37.6041 | train_total=0.2750 | train_acc=0.9764 | val_loss=0.0774 | val_acc=0.9733 | fro=11.5000 | nuc=36.8471
[Epoch 007] train_ce=0.0681 | train_nuc=36.3829 | train_total=0.2674 | train_acc=0.9754 | val_loss=0.0714 | val_acc=0.9723 | fro=11.5000 | nuc=35.7678
[Epoch 008] train_ce=0.0666 | train_nuc=35.4719 | train_total=0.2609 | train_acc=0.9766 | val_loss=0.0753 | val_acc=0.9737 | fro=11.5000 | nuc=35.2594
[Epoch 009] train_ce=0.0653 | train_nuc=34.8784 | train_total=0.2563 | train_acc=0.9768 | val_loss=0.0730 | val_acc=0.9723 | fro=11.5000 | nuc=34.8304
[Epoch 010] train_ce=0.0653 | train_nuc=34.4282 | train_total=0.2539 | train_acc=0.9768 | val_loss=0.0745 | val_acc=0.9747 | fro=11.5000 | nuc=34.1593
[Epoch 011] train_ce=0.0639 | train_nuc=33.9717 | train_total=0.2499 | train_acc=0.9777 | val_loss=0.0703 | val_acc=0.9747 | fro=11.5000 | nuc=33.7613
[Epoch 012] train_ce=0.0631 | train_nuc=33.5220 | train_total=0.2467 | train_acc=0.9779 | val_loss=0.0878 | val_acc=0.9680 | fro=11.5000 | nuc=33.4257
[Epoch 013] train_ce=0.0629 | train_nuc=33.2180 | train_total=0.2448 | train_acc=0.9780 | val_loss=0.0764 | val_acc=0.9750 | fro=11.5000 | nuc=33.0983
[Epoch 014] train_ce=0.0625 | train_nuc=32.8600 | train_total=0.2425 | train_acc=0.9773 | val_loss=0.0730 | val_acc=0.9737 | fro=11.5000 | nuc=32.8152
[Epoch 015] train_ce=0.0633 | train_nuc=32.5607 | train_total=0.2416 | train_acc=0.9773 | val_loss=0.0738 | val_acc=0.9753 | fro=11.5000 | nuc=32.4836
[Epoch 016] train_ce=0.0610 | train_nuc=32.1652 | train_total=0.2371 | train_acc=0.9780 | val_loss=0.0792 | val_acc=0.9723 | fro=11.5000 | nuc=32.0501
[Epoch 017] train_ce=0.0640 | train_nuc=31.8934 | train_total=0.2387 | train_acc=0.9766 | val_loss=0.0730 | val_acc=0.9727 | fro=11.5000 | nuc=31.8160
[Epoch 018] train_ce=0.0597 | train_nuc=31.5654 | train_total=0.2326 | train_acc=0.9787 | val_loss=0.0789 | val_acc=0.9713 | fro=11.5000 | nuc=31.4272
[Epoch 019] train_ce=0.0615 | train_nuc=31.2920 | train_total=0.2329 | train_acc=0.9780 | val_loss=0.0729 | val_acc=0.9737 | fro=11.5000 | nuc=31.1779
[Epoch 020] train_ce=0.0604 | train_nuc=30.9789 | train_total=0.2301 | train_acc=0.9788 | val_loss=0.0872 | val_acc=0.9670 | fro=11.5000 | nuc=30.8884
[Epoch 021] train_ce=0.0597 | train_nuc=30.7608 | train_total=0.2282 | train_acc=0.9789 | val_loss=0.0657 | val_acc=0.9760 | fro=11.5000 | nuc=30.5564
[Epoch 022] train_ce=0.0596 | train_nuc=30.5278 | train_total=0.2268 | train_acc=0.9790 | val_loss=0.0748 | val_acc=0.9747 | fro=11.5000 | nuc=30.4356
[Epoch 023] train_ce=0.0587 | train_nuc=30.2496 | train_total=0.2243 | train_acc=0.9787 | val_loss=0.0681 | val_acc=0.9750 | fro=11.5000 | nuc=30.2291
[Epoch 024] train_ce=0.0593 | train_nuc=30.0221 | train_total=0.2238 | train_acc=0.9783 | val_loss=0.0724 | val_acc=0.9730 | fro=11.5000 | nuc=29.7865
[Epoch 025] train_ce=0.0588 | train_nuc=29.6785 | train_total=0.2214 | train_acc=0.9787 | val_loss=0.0728 | val_acc=0.9747 | fro=11.5000 | nuc=29.5476
[Epoch 026] train_ce=0.0613 | train_nuc=29.4782 | train_total=0.2228 | train_acc=0.9780 | val_loss=0.0864 | val_acc=0.9693 | fro=11.5000 | nuc=29.4025
[Epoch 027] train_ce=0.0577 | train_nuc=29.1257 | train_total=0.2173 | train_acc=0.9794 | val_loss=0.0681 | val_acc=0.9763 | fro=11.5000 | nuc=28.9197
[Epoch 028] train_ce=0.0590 | train_nuc=28.8568 | train_total=0.2171 | train_acc=0.9790 | val_loss=0.0736 | val_acc=0.9747 | fro=11.5000 | nuc=28.7049
[Epoch 029] train_ce=0.0584 | train_nuc=28.5542 | train_total=0.2148 | train_acc=0.9793 | val_loss=0.0723 | val_acc=0.9730 | fro=11.5000 | nuc=28.4489
[Epoch 030] train_ce=0.0570 | train_nuc=28.2773 | train_total=0.2119 | train_acc=0.9797 | val_loss=0.0733 | val_acc=0.9713 | fro=11.5000 | nuc=28.1938
[Epoch 031] train_ce=0.0581 | train_nuc=28.0574 | train_total=0.2118 | train_acc=0.9793 | val_loss=0.0697 | val_acc=0.9727 | fro=11.5000 | nuc=27.8583
Early stopping triggered at epoch 31. Best val_loss=0.065678 at epoch 21.
Done. alpha=0.005477225575051662 | best_val_loss=0.065678 | best_epoch=21

================================================================================
Training alpha=0.00970346, seed=0
================================================================================
Using device: cuda
[Experiment] model_one_layer_FC_alpha_0p00970345578465104
[Alpha] 0.00970345578465104
[Run dir] outputs/compressibility_adv_robustness/model_one_layer_FC_alpha_0p00970345578465104_seed_0
[Target Frobenius norm] 11.500000
[Early stopping patience] 10
[Epoch 001] train_ce=0.1676 | train_nuc=127.6723 | train_total=1.4065 | train_acc=0.9351 | val_loss=0.1015 | val_acc=0.9673 | fro=11.5000 | nuc=82.8075
[Epoch 002] train_ce=0.0962 | train_nuc=66.6344 | train_total=0.7428 | train_acc=0.9667 | val_loss=0.0885 | val_acc=0.9700 | fro=11.5000 | nuc=54.6724
[Epoch 003] train_ce=0.0885 | train_nuc=47.3899 | train_total=0.5483 | train_acc=0.9694 | val_loss=0.0886 | val_acc=0.9693 | fro=11.5000 | nuc=41.6258
[Epoch 004] train_ce=0.0865 | train_nuc=38.0906 | train_total=0.4561 | train_acc=0.9696 | val_loss=0.0918 | val_acc=0.9653 | fro=11.5000 | nuc=35.4084
[Epoch 005] train_ce=0.0881 | train_nuc=33.4538 | train_total=0.4127 | train_acc=0.9693 | val_loss=0.0963 | val_acc=0.9667 | fro=11.5000 | nuc=31.9416
[Epoch 006] train_ce=0.0863 | train_nuc=30.9480 | train_total=0.3866 | train_acc=0.9696 | val_loss=0.0904 | val_acc=0.9707 | fro=11.5000 | nuc=30.0743
[Epoch 007] train_ce=0.0872 | train_nuc=29.5634 | train_total=0.3740 | train_acc=0.9694 | val_loss=0.0897 | val_acc=0.9657 | fro=11.5000 | nuc=28.8800
[Epoch 008] train_ce=0.0855 | train_nuc=28.4886 | train_total=0.3619 | train_acc=0.9697 | val_loss=0.0973 | val_acc=0.9657 | fro=11.5000 | nuc=28.0106
[Epoch 009] train_ce=0.0854 | train_nuc=27.5808 | train_total=0.3530 | train_acc=0.9703 | val_loss=0.0970 | val_acc=0.9637 | fro=11.5000 | nuc=27.1739
[Epoch 010] train_ce=0.0861 | train_nuc=26.7940 | train_total=0.3461 | train_acc=0.9707 | val_loss=0.0954 | val_acc=0.9653 | fro=11.5000 | nuc=26.4613
[Epoch 011] train_ce=0.0854 | train_nuc=26.2493 | train_total=0.3401 | train_acc=0.9705 | val_loss=0.0902 | val_acc=0.9707 | fro=11.5000 | nuc=25.9351
[Epoch 012] train_ce=0.0833 | train_nuc=25.6352 | train_total=0.3320 | train_acc=0.9705 | val_loss=0.1025 | val_acc=0.9637 | fro=11.5000 | nuc=25.3262
Early stopping triggered at epoch 12. Best val_loss=0.088494 at epoch 2.
Done. alpha=0.00970345578465104 | best_val_loss=0.088494 | best_epoch=2

================================================================================
Training alpha=0.01719065, seed=0
================================================================================
Using device: cuda
[Experiment] model_one_layer_FC_alpha_0p017190647504743226
[Alpha] 0.017190647504743226
[Run dir] outputs/compressibility_adv_robustness/model_one_layer_FC_alpha_0p017190647504743226_seed_0
[Target Frobenius norm] 11.500000
[Early stopping patience] 10
[Epoch 001] train_ce=0.1759 | train_nuc=117.2124 | train_total=2.1908 | train_acc=0.9319 | val_loss=0.1156 | val_acc=0.9617 | fro=11.5000 | nuc=71.2392
[Epoch 002] train_ce=0.1138 | train_nuc=56.5491 | train_total=1.0860 | train_acc=0.9603 | val_loss=0.1055 | val_acc=0.9637 | fro=11.5000 | nuc=45.8710
[Epoch 003] train_ce=0.1106 | train_nuc=39.5978 | train_total=0.7913 | train_acc=0.9611 | val_loss=0.1080 | val_acc=0.9597 | fro=11.5000 | nuc=34.4219
[Epoch 004] train_ce=0.1103 | train_nuc=31.4352 | train_total=0.6507 | train_acc=0.9601 | val_loss=0.1274 | val_acc=0.9533 | fro=11.5000 | nuc=29.1173
[Epoch 005] train_ce=0.1113 | train_nuc=27.3343 | train_total=0.5812 | train_acc=0.9601 | val_loss=0.1164 | val_acc=0.9563 | fro=11.5000 | nuc=26.0453
[Epoch 006] train_ce=0.1133 | train_nuc=25.2519 | train_total=0.5474 | train_acc=0.9595 | val_loss=0.1207 | val_acc=0.9617 | fro=11.5000 | nuc=24.4119
[Epoch 007] train_ce=0.1134 | train_nuc=23.8015 | train_total=0.5226 | train_acc=0.9599 | val_loss=0.1144 | val_acc=0.9583 | fro=11.5000 | nuc=23.2475
[Epoch 008] train_ce=0.1121 | train_nuc=22.8876 | train_total=0.5055 | train_acc=0.9599 | val_loss=0.1303 | val_acc=0.9517 | fro=11.5000 | nuc=22.5070
[Epoch 009] train_ce=0.1132 | train_nuc=22.2174 | train_total=0.4951 | train_acc=0.9598 | val_loss=0.1200 | val_acc=0.9617 | fro=11.5000 | nuc=21.8873
[Epoch 010] train_ce=0.1124 | train_nuc=21.7131 | train_total=0.4857 | train_acc=0.9594 | val_loss=0.1212 | val_acc=0.9583 | fro=11.5000 | nuc=21.6518
[Epoch 011] train_ce=0.1102 | train_nuc=21.3412 | train_total=0.4771 | train_acc=0.9609 | val_loss=0.1138 | val_acc=0.9630 | fro=11.5000 | nuc=21.0283
[Epoch 012] train_ce=0.1098 | train_nuc=20.8869 | train_total=0.4688 | train_acc=0.9611 | val_loss=0.1173 | val_acc=0.9607 | fro=11.5000 | nuc=20.8023
Early stopping triggered at epoch 12. Best val_loss=0.105498 at epoch 2.
Done. alpha=0.017190647504743226 | best_val_loss=0.105498 | best_epoch=2

================================================================================
Training alpha=0.03045496, seed=0
================================================================================
Using device: cuda
[Experiment] model_one_layer_FC_alpha_0p030454960396664742
[Alpha] 0.030454960396664742
[Run dir] outputs/compressibility_adv_robustness/model_one_layer_FC_alpha_0p030454960396664742_seed_0
[Target Frobenius norm] 11.500000
[Early stopping patience] 10
[Epoch 001] train_ce=0.1883 | train_nuc=109.3434 | train_total=3.5183 | train_acc=0.9262 | val_loss=0.1331 | val_acc=0.9557 | fro=11.5000 | nuc=61.3249
[Epoch 002] train_ce=0.1339 | train_nuc=48.3069 | train_total=1.6051 | train_acc=0.9519 | val_loss=0.1272 | val_acc=0.9557 | fro=11.5000 | nuc=38.8547
[Epoch 003] train_ce=0.1341 | train_nuc=33.3417 | train_total=1.1495 | train_acc=0.9510 | val_loss=0.1349 | val_acc=0.9533 | fro=11.5000 | nuc=29.1476
[Epoch 004] train_ce=0.1358 | train_nuc=26.7592 | train_total=0.9507 | train_acc=0.9510 | val_loss=0.1560 | val_acc=0.9440 | fro=11.5000 | nuc=24.6507
[Epoch 005] train_ce=0.1386 | train_nuc=23.2509 | train_total=0.8467 | train_acc=0.9509 | val_loss=0.1399 | val_acc=0.9513 | fro=11.5000 | nuc=22.2204
[Epoch 006] train_ce=0.1399 | train_nuc=21.3907 | train_total=0.7913 | train_acc=0.9494 | val_loss=0.1647 | val_acc=0.9413 | fro=11.5000 | nuc=20.7206
[Epoch 007] train_ce=0.1414 | train_nuc=20.2671 | train_total=0.7586 | train_acc=0.9488 | val_loss=0.1381 | val_acc=0.9540 | fro=11.5000 | nuc=19.8927
[Epoch 008] train_ce=0.1402 | train_nuc=19.6387 | train_total=0.7383 | train_acc=0.9494 | val_loss=0.1483 | val_acc=0.9477 | fro=11.5000 | nuc=19.3747
[Epoch 009] train_ce=0.1455 | train_nuc=19.2612 | train_total=0.7321 | train_acc=0.9471 | val_loss=0.1425 | val_acc=0.9517 | fro=11.5000 | nuc=18.9649
[Epoch 010] train_ce=0.1402 | train_nuc=18.8381 | train_total=0.7139 | train_acc=0.9498 | val_loss=0.1428 | val_acc=0.9517 | fro=11.5000 | nuc=18.7253
[Epoch 011] train_ce=0.1401 | train_nuc=18.6219 | train_total=0.7072 | train_acc=0.9496 | val_loss=0.1417 | val_acc=0.9533 | fro=11.5000 | nuc=18.4682
[Epoch 012] train_ce=0.1379 | train_nuc=18.3485 | train_total=0.6967 | train_acc=0.9505 | val_loss=0.1569 | val_acc=0.9467 | fro=11.5000 | nuc=18.2729
Early stopping triggered at epoch 12. Best val_loss=0.127171 at epoch 2.
Done. alpha=0.030454960396664742 | best_val_loss=0.127171 | best_epoch=2

================================================================================
Training alpha=0.05395402, seed=0
================================================================================
Using device: cuda
[Experiment] model_one_layer_FC_alpha_0p05395402427433299
[Alpha] 0.05395402427433299
[Run dir] outputs/compressibility_adv_robustness/model_one_layer_FC_alpha_0p05395402427433299_seed_0
[Target Frobenius norm] 11.500000
[Early stopping patience] 10
[Epoch 001] train_ce=0.2035 | train_nuc=105.3216 | train_total=5.8860 | train_acc=0.9203 | val_loss=0.1498 | val_acc=0.9510 | fro=11.5000 | nuc=53.4036
[Epoch 002] train_ce=0.1565 | train_nuc=41.3613 | train_total=2.3881 | train_acc=0.9436 | val_loss=0.1513 | val_acc=0.9460 | fro=11.5000 | nuc=32.8309
[Epoch 003] train_ce=0.1610 | train_nuc=28.4343 | train_total=1.6951 | train_acc=0.9413 | val_loss=0.1632 | val_acc=0.9433 | fro=11.5000 | nuc=25.2674
[Epoch 004] train_ce=0.1658 | train_nuc=23.3251 | train_total=1.4243 | train_acc=0.9396 | val_loss=0.1710 | val_acc=0.9357 | fro=11.5000 | nuc=21.6810
[Epoch 005] train_ce=0.1683 | train_nuc=20.3576 | train_total=1.2667 | train_acc=0.9379 | val_loss=0.1835 | val_acc=0.9333 | fro=11.5000 | nuc=19.3505
[Epoch 006] train_ce=0.1723 | train_nuc=18.9660 | train_total=1.1956 | train_acc=0.9371 | val_loss=0.1821 | val_acc=0.9370 | fro=11.5000 | nuc=18.7092
[Epoch 007] train_ce=0.1669 | train_nuc=18.5462 | train_total=1.1675 | train_acc=0.9380 | val_loss=0.1733 | val_acc=0.9387 | fro=11.5000 | nuc=18.4128
[Epoch 008] train_ce=0.1642 | train_nuc=18.2298 | train_total=1.1478 | train_acc=0.9393 | val_loss=0.1626 | val_acc=0.9417 | fro=11.5000 | nuc=18.0473
[Epoch 009] train_ce=0.1677 | train_nuc=17.9075 | train_total=1.1339 | train_acc=0.9366 | val_loss=0.1672 | val_acc=0.9420 | fro=11.5000 | nuc=17.6087
[Epoch 010] train_ce=0.1625 | train_nuc=17.3553 | train_total=1.0989 | train_acc=0.9412 | val_loss=0.1502 | val_acc=0.9487 | fro=11.5000 | nuc=17.0781
[Epoch 011] train_ce=0.1590 | train_nuc=16.8094 | train_total=1.0659 | train_acc=0.9417 | val_loss=0.1603 | val_acc=0.9380 | fro=11.5000 | nuc=16.4697
Early stopping triggered at epoch 11. Best val_loss=0.149796 at epoch 1.
Done. alpha=0.05395402427433299 | best_val_loss=0.149796 | best_epoch=1

================================================================================
Training alpha=0.09558498, seed=0
================================================================================
Using device: cuda
[Experiment] model_one_layer_FC_alpha_0p09558497852172912
[Alpha] 0.09558497852172912
[Run dir] outputs/compressibility_adv_robustness/model_one_layer_FC_alpha_0p09558497852172912_seed_0
[Target Frobenius norm] 11.500000
[Early stopping patience] 10
[Epoch 001] train_ce=0.2231 | train_nuc=106.1128 | train_total=10.3659 | train_acc=0.9125 | val_loss=0.1652 | val_acc=0.9407 | fro=11.5000 | nuc=49.0723
[Epoch 002] train_ce=0.1813 | train_nuc=36.4470 | train_total=3.6651 | train_acc=0.9343 | val_loss=0.1774 | val_acc=0.9367 | fro=11.5000 | nuc=28.3294
[Epoch 003] train_ce=0.1944 | train_nuc=25.0209 | train_total=2.5860 | train_acc=0.9279 | val_loss=0.1947 | val_acc=0.9287 | fro=11.5000 | nuc=22.6305
[Epoch 004] train_ce=0.2069 | train_nuc=21.2359 | train_total=2.2368 | train_acc=0.9231 | val_loss=0.2107 | val_acc=0.9167 | fro=11.5000 | nuc=20.1110
[Epoch 005] train_ce=0.2118 | train_nuc=19.4050 | train_total=2.0667 | train_acc=0.9193 | val_loss=0.2236 | val_acc=0.9183 | fro=11.5000 | nuc=18.8109
[Epoch 006] train_ce=0.2066 | train_nuc=18.1784 | train_total=1.9441 | train_acc=0.9214 | val_loss=0.1961 | val_acc=0.9313 | fro=11.5000 | nuc=17.7495
[Epoch 007] train_ce=0.2058 | train_nuc=17.6113 | train_total=1.8892 | train_acc=0.9222 | val_loss=0.2322 | val_acc=0.9123 | fro=11.5000 | nuc=17.4647
[Epoch 008] train_ce=0.1988 | train_nuc=17.2083 | train_total=1.8436 | train_acc=0.9253 | val_loss=0.2033 | val_acc=0.9250 | fro=11.5000 | nuc=16.9737
[Epoch 009] train_ce=0.2046 | train_nuc=16.8850 | train_total=1.8185 | train_acc=0.9224 | val_loss=0.2000 | val_acc=0.9310 | fro=11.5000 | nuc=16.7468
[Epoch 010] train_ce=0.1963 | train_nuc=16.4146 | train_total=1.7653 | train_acc=0.9276 | val_loss=0.1842 | val_acc=0.9420 | fro=11.5000 | nuc=16.2360
[Epoch 011] train_ce=0.1922 | train_nuc=15.9958 | train_total=1.7211 | train_acc=0.9285 | val_loss=0.1747 | val_acc=0.9373 | fro=11.5000 | nuc=15.7593
Early stopping triggered at epoch 11. Best val_loss=0.165203 at epoch 1.
Done. alpha=0.09558497852172912 | best_val_loss=0.165203 | best_epoch=1

================================================================================
Training alpha=0.16933840, seed=0
================================================================================
Using device: cuda
[Experiment] model_one_layer_FC_alpha_0p16933839953335672
[Alpha] 0.16933839953335672
[Run dir] outputs/compressibility_adv_robustness/model_one_layer_FC_alpha_0p16933839953335672_seed_0
[Target Frobenius norm] 11.500000
[Early stopping patience] 10
[Epoch 001] train_ce=0.2488 | train_nuc=108.6940 | train_total=18.6548 | train_acc=0.9030 | val_loss=0.1762 | val_acc=0.9380 | fro=11.5000 | nuc=51.4315
[Epoch 002] train_ce=0.1980 | train_nuc=36.4307 | train_total=6.3671 | train_acc=0.9263 | val_loss=0.1960 | val_acc=0.9313 | fro=11.5000 | nuc=27.6746
[Epoch 003] train_ce=0.2184 | train_nuc=24.1112 | train_total=4.3013 | train_acc=0.9171 | val_loss=0.2321 | val_acc=0.9137 | fro=11.5000 | nuc=21.3761
[Epoch 004] train_ce=0.2340 | train_nuc=20.2583 | train_total=3.6645 | train_acc=0.9103 | val_loss=0.2290 | val_acc=0.9147 | fro=11.5000 | nuc=19.2669
[Epoch 005] train_ce=0.2334 | train_nuc=18.2466 | train_total=3.3233 | train_acc=0.9106 | val_loss=0.2361 | val_acc=0.9110 | fro=11.5000 | nuc=17.1835
[Epoch 006] train_ce=0.2406 | train_nuc=16.2732 | train_total=2.9962 | train_acc=0.9073 | val_loss=0.2217 | val_acc=0.9210 | fro=11.5000 | nuc=15.5925
[Epoch 007] train_ce=0.2443 | train_nuc=15.2593 | train_total=2.8283 | train_acc=0.9050 | val_loss=0.2516 | val_acc=0.9047 | fro=11.5000 | nuc=14.9383
[Epoch 008] train_ce=0.2399 | train_nuc=14.7407 | train_total=2.7360 | train_acc=0.9075 | val_loss=0.2537 | val_acc=0.9003 | fro=11.5000 | nuc=14.5572
[Epoch 009] train_ce=0.2348 | train_nuc=14.4738 | train_total=2.6857 | train_acc=0.9093 | val_loss=0.2146 | val_acc=0.9230 | fro=11.5000 | nuc=14.3610
[Epoch 010] train_ce=0.2323 | train_nuc=14.3073 | train_total=2.6551 | train_acc=0.9112 | val_loss=0.2061 | val_acc=0.9200 | fro=11.5000 | nuc=14.3003
[Epoch 011] train_ce=0.2259 | train_nuc=14.1562 | train_total=2.6231 | train_acc=0.9137 | val_loss=0.2080 | val_acc=0.9193 | fro=11.5000 | nuc=14.0505
Early stopping triggered at epoch 11. Best val_loss=0.176243 at epoch 1.
Done. alpha=0.16933839953335672 | best_val_loss=0.176243 | best_epoch=1

================================================================================
Training alpha=0.30000000, seed=0
================================================================================
Using device: cuda
[Experiment] model_one_layer_FC_alpha_0p3
[Alpha] 0.3
[Run dir] outputs/compressibility_adv_robustness/model_one_layer_FC_alpha_0p3_seed_0
[Target Frobenius norm] 11.500000
[Early stopping patience] 10
[Epoch 001] train_ce=0.2869 | train_nuc=109.4024 | train_total=33.1076 | train_acc=0.8880 | val_loss=0.2011 | val_acc=0.9307 | fro=11.5000 | nuc=52.4911
[Epoch 002] train_ce=0.2178 | train_nuc=37.2849 | train_total=11.4032 | train_acc=0.9181 | val_loss=0.2220 | val_acc=0.9187 | fro=11.5000 | nuc=27.8209
[Epoch 003] train_ce=0.2413 | train_nuc=23.3241 | train_total=7.2385 | train_acc=0.9083 | val_loss=0.2593 | val_acc=0.9063 | fro=11.5000 | nuc=20.1487
[Epoch 004] train_ce=0.2512 | train_nuc=18.5971 | train_total=5.8304 | train_acc=0.9037 | val_loss=0.2447 | val_acc=0.9063 | fro=11.5000 | nuc=16.5160
[Epoch 005] train_ce=0.2624 | train_nuc=15.0378 | train_total=4.7737 | train_acc=0.8987 | val_loss=0.2667 | val_acc=0.8967 | fro=11.5000 | nuc=13.5159
[Epoch 006] train_ce=0.2909 | train_nuc=12.9971 | train_total=4.1900 | train_acc=0.8858 | val_loss=0.3319 | val_acc=0.8483 | fro=11.5000 | nuc=12.8734
[Epoch 007] train_ce=0.2854 | train_nuc=12.8884 | train_total=4.1519 | train_acc=0.8893 | val_loss=0.2498 | val_acc=0.9140 | fro=11.5000 | nuc=12.8528
[Epoch 008] train_ce=0.2796 | train_nuc=12.8784 | train_total=4.1431 | train_acc=0.8911 | val_loss=0.3202 | val_acc=0.8717 | fro=11.5000 | nuc=12.8701
[Epoch 009] train_ce=0.2766 | train_nuc=12.8960 | train_total=4.1454 | train_acc=0.8946 | val_loss=0.2616 | val_acc=0.9023 | fro=11.5000 | nuc=12.8947
[Epoch 010] train_ce=0.2775 | train_nuc=12.9199 | train_total=4.1535 | train_acc=0.8923 | val_loss=0.2859 | val_acc=0.8827 | fro=11.5000 | nuc=12.9378
[Epoch 011] train_ce=0.2688 | train_nuc=12.9212 | train_total=4.1452 | train_acc=0.8994 | val_loss=0.2704 | val_acc=0.8923 | fro=11.5000 | nuc=12.8872
Early stopping triggered at epoch 11. Best val_loss=0.201106 at epoch 1.
Done. alpha=0.3 | best_val_loss=0.201106 | best_epoch=1

Evaluating alpha=0.00010000, seed=0
Checkpoint: outputs/compressibility_adv_robustness/model_one_layer_FC_alpha_0p0001_seed_0/checkpoints/best.pt
attack=autopgd | clean_acc=0.9828 | robust_acc=0.0571 | repr_shift_ratio=0.7071

Evaluating alpha=0.00017716, seed=0
Checkpoint: outputs/compressibility_adv_robustness/model_one_layer_FC_alpha_0p00017716005396691217_seed_0/checkpoints/best.pt
attack=autopgd | clean_acc=0.9835 | robust_acc=0.0604 | repr_shift_ratio=0.7266

Evaluating alpha=0.00031386, seed=0
Checkpoint: outputs/compressibility_adv_robustness/model_one_layer_FC_alpha_0p000313856847215592_seed_0/checkpoints/best.pt
attack=autopgd | clean_acc=0.9837 | robust_acc=0.0559 | repr_shift_ratio=0.7490

Evaluating alpha=0.00055603, seed=0
Checkpoint: outputs/compressibility_adv_robustness/model_one_layer_FC_alpha_0p0005560289599059919_seed_0/checkpoints/best.pt
attack=autopgd | clean_acc=0.9824 | robust_acc=0.0538 | repr_shift_ratio=0.7559

Evaluating alpha=0.00098506, seed=0
Checkpoint: outputs/compressibility_adv_robustness/model_one_layer_FC_alpha_0p0009850612054411157_seed_0/checkpoints/best.pt
attack=autopgd | clean_acc=0.9844 | robust_acc=0.0562 | repr_shift_ratio=0.7948

Evaluating alpha=0.00174513, seed=0
Checkpoint: outputs/compressibility_adv_robustness/model_one_layer_FC_alpha_0p0017451349631665944_seed_0/checkpoints/best.pt
attack=autopgd | clean_acc=0.9803 | robust_acc=0.0566 | repr_shift_ratio=0.7940

Evaluating alpha=0.00309168, seed=0
Checkpoint: outputs/compressibility_adv_robustness/model_one_layer_FC_alpha_0p0030916820425413915_seed_0/checkpoints/best.pt
attack=autopgd | clean_acc=0.9764 | robust_acc=0.0604 | repr_shift_ratio=0.7908

Evaluating alpha=0.00547723, seed=0
Checkpoint: outputs/compressibility_adv_robustness/model_one_layer_FC_alpha_0p005477225575051662_seed_0/checkpoints/best.pt
attack=autopgd | clean_acc=0.9758 | robust_acc=0.0431 | repr_shift_ratio=0.7094

Evaluating alpha=0.00970346, seed=0
Checkpoint: outputs/compressibility_adv_robustness/model_one_layer_FC_alpha_0p00970345578465104_seed_0/checkpoints/best.pt
attack=autopgd | clean_acc=0.9670 | robust_acc=0.0668 | repr_shift_ratio=0.7332

Evaluating alpha=0.01719065, seed=0
Checkpoint: outputs/compressibility_adv_robustness/model_one_layer_FC_alpha_0p017190647504743226_seed_0/checkpoints/best.pt
attack=autopgd | clean_acc=0.9596 | robust_acc=0.0581 | repr_shift_ratio=0.7260

Evaluating alpha=0.03045496, seed=0
Checkpoint: outputs/compressibility_adv_robustness/model_one_layer_FC_alpha_0p030454960396664742_seed_0/checkpoints/best.pt
attack=autopgd | clean_acc=0.9525 | robust_acc=0.0488 | repr_shift_ratio=0.7664

Evaluating alpha=0.05395402, seed=0
Checkpoint: outputs/compressibility_adv_robustness/model_one_layer_FC_alpha_0p05395402427433299_seed_0/checkpoints/best.pt
attack=autopgd | clean_acc=0.9451 | robust_acc=0.0416 | repr_shift_ratio=0.7393

Evaluating alpha=0.09558498, seed=0
Checkpoint: outputs/compressibility_adv_robustness/model_one_layer_FC_alpha_0p09558497852172912_seed_0/checkpoints/best.pt
attack=autopgd | clean_acc=0.9378 | robust_acc=0.0159 | repr_shift_ratio=0.7973

Evaluating alpha=0.16933840, seed=0
Checkpoint: outputs/compressibility_adv_robustness/model_one_layer_FC_alpha_0p16933839953335672_seed_0/checkpoints/best.pt
attack=autopgd | clean_acc=0.9306 | robust_acc=0.0027 | repr_shift_ratio=0.9141

Evaluating alpha=0.30000000, seed=0
Checkpoint: outputs/compressibility_adv_robustness/model_one_layer_FC_alpha_0p3_seed_0/checkpoints/best.pt
attack=autopgd | clean_acc=0.9229 | robust_acc=0.0006 | repr_shift_ratio=1.0495

Saved raw results to: outputs/compressibility_adv_robustness/robustness_alpha_sweep_autopgd/raw_results.json
Saved aggregated results to: outputs/compressibility_adv_robustness/robustness_alpha_sweep_autopgd/aggregated_results.json
Saved figure to: outputs/compressibility_adv_robustness/robustness_alpha_sweep_autopgd/std_and_robust_test_accuracy_vs_alpha.png
Saved figure to: outputs/compressibility_adv_robustness/robustness_alpha_sweep_autopgd/repr_shift_ratio_vs_alpha.png
End time: Fri Mar 13 10:23:22 AM CET 2026
Job finished
